07-02 14:58:18.873  2196  3569 V Configuration: Updating configuration, locales updated from [] to [en_GB]
07-02 14:58:18.873  2196  3569 V Configuration: Updating configuration, locales updated from [] to [en_GB]
07-02 14:58:18.873  2196  3569 V Configuration: Updating configuration, locales updated from [] to [en_IN]
07-02 14:58:18.874  2196  3569 V Configuration: Updating configuration, locales updated from [] to [en_GB]
07-02 14:58:18.874  2196  3569 V Configuration: Updating configuration, locales updated from [] to [en_GB]
07-02 14:58:18.874  2196  3569 V Configuration: Updating configuration, locales updated from [] to [en_IN]
07-02 14:58:18.874  2196  3569 V Configuration: Updating configuration, locales updated from [] to [en_GB]
07-02 14:58:18.874  2196  3569 V Configuration: Updating configuration, locales updated from [] to [en_GB]
07-02 14:58:18.875  2196  3569 D IntervalStats: Unable to parse usage stats packages: [8, 31, 35, 47, 52, 65, 66, 68, 70, 77, 92, 97, 111, 147, 163, 219, 226, 228, 239, 271, 289, 303, 311, 315, 344, 347, 351, 353, 366, 608, 616, 617, 618, 630, 635, 642, 646, 647, 650, 670, 672, 678, 680, 682, 693, 697, 702, 708, 716, 744, 752, 755, 757]
07-02 14:58:18.877  2196  3569 D UsageStatsService: User[0] type=3 b=1751448498848 e=1782984498848 cb=1753945541069 ce=1782984499863 disk=414 all=879
07-02 14:58:18.880  2196  3733 W AppOpService: Ignored setUidMode call for runtime permission app op: uid = 10095, code = FINE_LOCATION, mode = foreground, callingUid = 1000, oldMode = foreground
07-02 14:58:18.880  2196  2536 I MemoryOperationUtils: add 21848 to inactive
07-02 14:58:18.883  2196  3733 W AppOpService: Ignored setUidMode call for runtime permission app op: uid = 10095, code = COARSE_LOCATION, mode = foreground, callingUid = 1000, oldMode = foreground
07-02 14:58:18.887  2196  2418 D OplusRemovableAppManager: isSystemApp = false
07-02 14:58:18.889  2196  2418 W OplusRemovableAppManager: tPs is null
07-02 14:58:18.889  2196  2418 D OplusRemovableAppManager: uninstalled by all users = true
07-02 14:58:18.906  3417  3417 W VRI[StatusBar]: handleResized abandoned!
07-02 14:58:18.907  3417  3417 W VRI[NavigationBar_displayId_0]: handleResized abandoned!
07-02 14:58:18.908  3417  3417 W VRI[StatusBar]: handleResized abandoned!
07-02 14:58:18.908  3417  3417 W VRI[NavigationBar_displayId_0]: handleResized abandoned!
07-02 14:58:18.908  3417  3417 W VRI[StatusBar]: handleResized abandoned!
07-02 14:58:18.908  3417  3417 W VRI[NavigationBar_displayId_0]: handleResized abandoned!
07-02 14:58:18.917  2196  2370 I UserAwareMgr: handleTopAppChanged: com.google.android.googlequicksearchbox, pid: 2755, uid: 10116
07-02 14:58:18.928  2196  2418 I ActivityManager: Force stopping ru.a402d.rawbtprinter appid=10397 user=0: pkg removed
07-02 14:58:18.935 21848 21848 V Configuration: Updating configuration, locales updated from [] to [en_GB]
07-02 14:58:19.014  2196  2403 D PowerManagerService: userActivityNoUpdateLocked: groupId=0, eventTime=112025528, event=touch, flags=0x0, uid=1000
07-02 14:58:19.015  2196  2403 D PowerManagerService: userActivityNoUpdateLocked: groupId=0, eventTime=112025528, event=touch, flags=0x0, uid=1000
07-02 14:58:19.018  2196  2532 I VibratorManagerServiceExtImpl: vibrate is uid=10253, pid=0, opPkg=com.google.android.inputmethod.latin, effect=Mono{mEffect=Composed{segments=[Prebaked{effect=CLICK, strength=MEDIUM, fallback=true}], repeat=-1}}, attributes=VibrationAttributes{mUsage=IME, mAudioUsage= USAGE_UNKNOWN, mFlags=0}, reason=performHapticFeedback(constant=3): ViewRootImpl#performHapticFeedback, token=24026891
07-02 14:58:19.051  2196  2377 W ActivityManager: Slow operation: 131ms so far, now at startProcess: returned from zygote!
07-02 14:58:19.064  2196  2418 E OplusAppQuickStart_AppQuickStartController: Delete all capture files when pkg ratio changed, pkgs: [ru.a402d.rawbtprinter]
07-02 14:58:19.066  2196  2418 E OplusAppQuickStart_OplusAppQuickStart: success to delete file: ru.a402d.rawbtprinter_0_33_MAIN.webp
07-02 14:58:19.074   641 21846 W keystore2: system/security/keystore2/watchdog/src/lib.rs:143 - ### Keystore Watchdog report - BEGIN ###
07-02 14:58:19.074   641 21846 W keystore2: system/security/keystore2/watchdog/src/lib.rs:152 - When extracting from a bug report, please include this header and all 2 records below (to footer)
07-02 14:58:19.076   641 21846 W keystore2: system/security/keystore2/watchdog/src/lib.rs:199 - ThreadId(1469) KeystoreDB::handle_next_superseded_blob Started: 07-02 09:28:18.573 UTC Pending: 503.348923ms Overdue 3.349462ms
07-02 14:58:19.076   641 21846 W keystore2: system/security/keystore2/watchdog/src/lib.rs:199 - ThreadId(1469) TX_handle_next_superseded_blob Started: 07-02 09:28:18.573 UTC Pending: 503.667154ms Overdue 3.667693ms
07-02 14:58:19.077   641 21846 W keystore2: system/security/keystore2/watchdog/src/lib.rs:211 - ### Keystore Watchdog report - END ###
07-02 14:58:19.084  2196  4346 W ActivityManager: Slow operation: 163ms so far, now at startProcess: done updating battery stats
07-02 14:58:19.084  2196  4346 W ActivityManager: Slow operation: 163ms so far, now at startProcess: building log message
07-02 14:58:19.084  2196  4346 I ActivityManager: Start proc 21877:com.google.android.apps.youtube.kids/u0a319 for service {com.google.android.apps.youtube.kids/androidx.work.impl.background.systemjob.SystemJobService}
07-02 14:58:19.084  2196  4346 W ActivityManager: Slow operation: 163ms so far, now at startProcess: starting to update pids map
07-02 14:58:19.084  2196  4346 W ActivityManager: Slow operation: 164ms so far, now at startProcess: done updating pids map
07-02 14:58:19.088  2196  2358 I ActivityManager: ProcessObserver broadcast disabled
07-02 14:58:19.091  2196  2536 I MemoryOperationUtils: add 21877 to com.google.android.apps.youtube.kids
07-02 14:58:19.094  2196  4346 D ActivityTaskManagerServiceExtImpl: preBindApplication record is null
07-02 14:58:19.103  2196  2418 I ActivityManager: Force stopping ru.a402d.rawbtprinter appid=10397 user=0: pkg removed
07-02 14:58:19.106  2196  2553 W JobServiceContext: Sending onNetworkChanged for a job that isn't started. JobStatus{a64540e androidx.work.systemjobscheduler:u0a319/11973 @androidx.work.systemjobscheduler@com.google.android.apps.youtube.kids/androidx.work.impl.background.systemjob.SystemJobService u=0 s=10319 TIME=-44s650ms:none NET READY}
07-02 14:58:19.110 21829 21829 D ResourcesManagerExtImpl: applyConfigurationToAppResourcesLocked app.getDisplayId() return callback.displayId:-1
07-02 14:58:19.120  2196  2418 E OplusAppQuickStart_AppQuickStartController: Delete all capture files when pkg ratio changed, pkgs: [ru.a402d.rawbtprinter]
07-02 14:58:19.127  2196  2608 V StorageManagerService: Package ru.a402d.rawbtprinter does not have legacy storage
07-02 14:58:19.132  2196  2418 I OplusPackageInstallStatisticManager: Uninstall package, uninstallPackageName = ru.a402d.rawbtprinter, uninstallSource = com.android.launcher
07-02 14:58:19.134  2196  2607 V AccessibilityManagerService: onUserStateChangedLocked for user 0 with forceUpdate: false mEnabledServices = [] mCrashedServices = [] hasMagnificationConnection=false
07-02 14:58:19.134  2196  2607 W MagnificationConnectionManager: requestConnection duplicated request: connect=false, mConnectionState=DISCONNECTED
07-02 14:58:19.136 21877 21877 V Configuration: Updating configuration, locales updated from [] to [en_GB]
07-02 14:58:19.138  2196  3375 D OplusZoomSettingsObserver: onPackageRemoved, pkg = ru.a402d.rawbtprinter
07-02 14:58:19.138  2196  3375 D FlexibleUiObserver:  onPackageRemoved = ru.a402d.rawbtprinter uid = 10397
07-02 14:58:19.141  2196  3733 W AppOpService: Ignored setUidMode call for runtime permission app op: uid = 10144, code = FINE_LOCATION, mode = foreground, callingUid = 1000, oldMode = foreground
07-02 14:58:19.142  2196  3733 W AppOpService: Ignored setUidMode call for runtime permission app op: uid = 10144, code = COARSE_LOCATION, mode = foreground, callingUid = 1000, oldMode = foreground
07-02 14:58:19.152  3417  3474 D WindowManagerShell: onActivityRestartAttempt: topActivity=ComponentInfo{com.zapprex.nazmart/com.zapprex.nazmart.MainActivity}, wasVisible=true
07-02 14:58:19.170  2196  4346 D ActivityTaskManager: Skipping, invisible task: Task{d02445b #5 type=home I=com.android.launcher/.Launcher}
07-02 14:58:19.172  2196  2370 I UserAwareMgr: handleAppChangedToBg, pkgName: com.google.android.googlequicksearchbox, pid: 2755
07-02 14:58:19.173  2196  2370 I UserAwareMgr: handleAppChangedToBg, pkgName: com.google.android.adservices.api, pid: 12147
07-02 14:58:19.173  2196  2370 W UserAwareMgr: app not not found or not visible: null
07-02 14:58:19.173  2196  2370 W UserAwareMgr: handleAppChangedToBg process is empty
07-02 14:58:19.176  2196  4346 D ActivityTaskManager: after skip size:3,pre-Filtered:com.zapprex.nazmart # com.coloros.assistantscreen # com.oppo.quicksearchbox # 
07-02 14:58:19.176  2196  3358 D OAppNetControlService: Hans update:[10234=false][0|0] blackList:[10385, 10291, 10384, 10031, 10445, 10298, 10307, 10453, 10144, 10147]
07-02 14:58:19.183  2196  2360 D WindowManager: NFW_findFocusedWindowIfNeeded:Window{47f4b0 u0 com.zapprex.nazmart/com.zapprex.nazmart.MainActivity} mCurrentFocus:Window{47f4b0 u0 com.zapprex.nazmart/com.zapprex.nazmart.MainActivity}
07-02 14:58:19.183  2196  2360 D DisplayManagerServiceExtImpl: scheduleTraversalLocked intraversal=false
07-02 14:58:19.188  2196  2370 I UserAwareMgr: handleAppChangedToBg, pkgName: com.android.launcher, pid: 3646
07-02 14:58:19.190  2196  2360 D DisplayManagerService: MSG_REQUEST_TRAVERSAL pendingCompleted=false
07-02 14:58:19.192  2196  2361 D DisplayManagerService: performTraversalInternal pendingTraversal
07-02 14:58:19.192  2196  2361 D DisplayDevice: setLayerStackLocked id=local:4627039422300187648 token=android.os.BinderProxy@cc9fef0 stack=0->0
07-02 14:58:19.194  2196  2409 D LocalDisplayAdapter: setDesiredDisplayModeSpecsAsync: display unique id = local:4627039422300187648, display mode specs = defaultMode=0 allowGroupSwitching=false primaryRanges=physical: (0.0 120.0) render:  (0.0 60.0) appRequestRanges=physical: (0.0 120.0) render:  (0.0 60.0) idleScreenRefreshRate=null
07-02 14:58:19.208  2196  2360 I DisplayDeviceRepository: Display device changed render timings: "Built-in Screen", renderFrameRate=60.0, presentationDeadlineNanos=20600000, appVsyncOffsetNanos=13800001, frameRateOverrides=[]
07-02 14:58:19.208  2196  2360 D LogicalDisplayExt: set displayInfo flag FLAG_ROTATES_WITH_CONTENT
07-02 14:58:19.215  2196  2360 D DisplayManagerService: Delivering display event: displayId=0, event=EVENT_DISPLAY_REFRESH_RATE_CHANGED
07-02 14:58:19.215  2196  2407 D OplusFeatureDMR[display=0]: onConfigChanged threadId=71 threadName=OplusDisplayWorkHandler physicalDisplayId=4627039422300187648 modeId=1  
07-02 14:58:19.220  2196  2358 D WindowManager: DeferredDisplayUpdater: partially applying DisplayInfo(1080 x 2412) immediately
07-02 14:58:19.220  2196  2358 D OplusVFXScreenEffectFeature: notifySFCompatWindowStateChange entered false
07-02 14:58:19.220  2196  2358 D FSS_FoldScreenBlackCoverController: displayChangeToOn, dc:Display{#0 state=ON size=1080x2412 ROTATION_0}
07-02 14:58:19.222  2196  2407 D OplusFeatureDMR[display=0]: onConfigChanged threadId=71 threadName=OplusDisplayWorkHandler physicalDisplayId=4627039422300187648 modeId=0  
07-02 14:58:19.236  2196  5356 D OplusStartingWindowManager: skip remove starting window for activity = ActivityRecord{91986376 u0 com.android.launcher/.Launcher t5} ,ar != topActivityContainsStartingWindow on activityStopped
07-02 14:58:19.260  2196  2409 D VRR [OPlusRefreshRateService]: handleConfigIdChange physicalDisplayId: 4627039422300187648 configId: 0 renderPeriod: 16666667
07-02 14:58:19.276  2196  3139 D BackgroundInstallControlService: Package event received: 0
07-02 14:58:19.311  2196  3358 D OAppNetControlService: Hans update:[10144=false][0|0] blackList:[10385, 10291, 10384, 10031, 10445, 10298, 10307, 10453, 10147]
07-02 14:58:19.343 21848 21848 D ResourcesManagerExtImpl: applyConfigurationToAppResourcesLocked app.getDisplayId() return callback.displayId:-1
07-02 14:58:19.363  2196  2573 V AlarmManager: sending alarm Alarm{77b736b type 1 origWhen 1782984499362 whenElapsed 300453198 android} uid 1000 whenElapsed 300453198 windowLength 0 maxWhenElapsed 300453198 repeatInterval 0 action null component null tag StorgaeBandInfoAlarmTag flags 0x9 procName system_server
07-02 14:58:19.392  2196  3569 V Configuration: Updating configuration, locales updated from [] to [en_US]
07-02 14:58:19.392  2196  3569 V Configuration: Updating configuration, locales updated from [] to [en_IN]
07-02 14:58:19.392  2196  3569 V Configuration: Updating configuration, locales updated from [] to [en_GB]
07-02 14:58:19.392  2196  3569 V Configuration: Updating configuration, locales updated from [] to [en_GB]
07-02 14:58:19.392  2196  3569 V Configuration: Updating configuration, locales updated from [] to [en_GB]
07-02 14:58:19.392  2196  3569 V Configuration: Updating configuration, locales updated from [] to [en_GB]
07-02 14:58:19.392  2196  3569 V Configuration: Updating configuration, locales updated from [] to [en_GB]
07-02 14:58:19.392  2196  3569 V Configuration: Updating configuration, locales updated from [] to [en_GB]
07-02 14:58:19.392  2196  3569 V Configuration: Updating configuration, locales updated from [] to [en_IN]
07-02 14:58:19.392  2196  3569 V Configuration: Updating configuration, locales updated from [] to [en_GB]
07-02 14:58:19.393  2196  3569 V Configuration: Updating configuration, locales updated from [] to [en_GB]
07-02 14:58:19.393  2196  3569 V Configuration: Updating configuration, locales updated from [] to [en_GB]
07-02 14:58:19.394  2196  3569 V Configuration: Updating configuration, locales updated from [] to [en_GB]
07-02 14:58:19.394  2196  3569 V Configuration: Updating configuration, locales updated from [] to [en_GB]
07-02 14:58:19.394  2196  3569 V Configuration: Updating configuration, locales updated from [] to [en_GB]
07-02 14:58:19.394  2196  3569 V Configuration: Updating configuration, locales updated from [] to [en_GB]
07-02 14:58:19.394  2196  3569 V Configuration: Updating configuration, locales updated from [] to [en_GB]
07-02 14:58:19.394  2196  3569 V Configuration: Updating configuration, locales updated from [] to [en_GB]
07-02 14:58:19.394  2196  3569 V Configuration: Updating configuration, locales updated from [] to [en_GB]
07-02 14:58:19.394  2196  3569 V Configuration: Updating configuration, locales updated from [] to [en_GB]
07-02 14:58:19.394  2196  3569 V Configuration: Updating configuration, locales updated from [] to [en_GB]
07-02 14:58:19.394  2196  3569 V Configuration: Updating configuration, locales updated from [] to [en_GB]
07-02 14:58:19.394  2196  3569 V Configuration: Updating configuration, locales updated from [] to [en_GB]
07-02 14:58:19.394  2196  3569 V Configuration: Updating configuration, locales updated from [] to [en_GB]
07-02 14:58:19.394  2196  3569 V Configuration: Updating configuration, locales updated from [] to [en_GB]
07-02 14:58:19.394  2196  3569 V Configuration: Updating configuration, locales updated from [] to [en_GB]
07-02 14:58:19.395  2196  3569 V Configuration: Updating configuration, locales updated from [] to [en_GB]
07-02 14:58:19.395  2196  3569 V Configuration: Updating configuration, locales updated from [] to [en_US]
07-02 14:58:19.395  2196  3569 V Configuration: Updating configuration, locales updated from [] to [en_GB]
07-02 14:58:19.395  2196  3569 V Configuration: Updating configuration, locales updated from [] to [en_GB]
07-02 14:58:19.395  2196  3569 V Configuration: Updating configuration, locales updated from [] to [en_GB]
07-02 14:58:19.395  2196  3569 V Configuration: Updating configuration, locales updated from [] to [en_GB]
07-02 14:58:19.395  2196  3569 V Configuration: Updating configuration, locales updated from [] to [en_GB]
07-02 14:58:19.395  2196  3569 V Configuration: Updating configuration, locales updated from [] to [en_IN]
07-02 14:58:19.395  2196  3569 V Configuration: Updating configuration, locales updated from [] to [en_US]
07-02 14:58:19.395  2196  3569 V Configuration: Updating configuration, locales updated from [] to [en_GB]
07-02 14:58:19.395  2196  3569 V Configuration: Updating configuration, locales updated from [] to [en_GB]
07-02 14:58:19.395  2196  3569 V Configuration: Updating configuration, locales updated from [] to [en_GB]
07-02 14:58:19.395  2196  3569 V Configuration: Updating configuration, locales updated from [] to [en_GB]
07-02 14:58:19.395  2196  3569 V Configuration: Updating configuration, locales updated from [] to [en_GB]
07-02 14:58:19.396  2196  3569 V Configuration: Updating configuration, locales updated from [] to [en_GB]
07-02 14:58:19.396  2196  3569 V Configuration: Updating configuration, locales updated from [] to [en_IN]
07-02 14:58:19.396  2196  3569 V Configuration: Updating configuration, locales updated from [] to [en_GB]
07-02 14:58:19.396  2196  3569 V Configuration: Updating configuration, locales updated from [] to [en_GB]
07-02 14:58:19.396  2196  3569 V Configuration: Updating configuration, locales updated from [] to [en_GB]
07-02 14:58:19.396  2196  3569 V Configuration: Updating configuration, locales updated from [] to [en_GB]
07-02 14:58:19.396  2196  3569 V Configuration: Updating configuration, locales updated from [] to [en_GB]
07-02 14:58:19.396  2196  3569 V Configuration: Updating configuration, locales updated from [] to [en_GB]
07-02 14:58:19.396  2196  3569 V Configuration: Updating configuration, locales updated from [] to [en_GB]
07-02 14:58:19.396  2196  3569 V Configuration: Updating configuration, locales updated from [] to [en_GB]
07-02 14:58:19.396  2196  3569 V Configuration: Updating configuration, locales updated from [] to [en_GB]
07-02 14:58:19.396  2196  3569 V Configuration: Updating configuration, locales updated from [] to [en_GB]
07-02 14:58:19.396  2196  3569 V Configuration: Updating configuration, locales updated from [] to [en_GB]
07-02 14:58:19.396  2196  3569 V Configuration: Updating configuration, locales updated from [] to [en_GB]
07-02 14:58:19.396  2196  3569 V Configuration: Updating configuration, locales updated from [] to [en_GB]
07-02 14:58:19.396  2196  3569 V Configuration: Updating configuration, locales updated from [] to [en_GB]
07-02 14:58:19.397  2196  3569 V Configuration: Updating configuration, locales updated from [] to [en_GB]
07-02 14:58:19.397  2196  3569 V Configuration: Updating configuration, locales updated from [] to [en_GB]
07-02 14:58:19.397  2196  3569 V Configuration: Updating configuration, locales updated from [] to [en_GB]
07-02 14:58:19.397  2196  3569 V Configuration: Updating configuration, locales updated from [] to [en_GB]
07-02 14:58:19.397  2196  3569 V Configuration: Updating configuration, locales updated from [] to [en_GB]
07-02 14:58:19.397  2196  3569 V Configuration: Updating configuration, locales updated from [] to [en_GB]
07-02 14:58:19.397  2196  3569 V Configuration: Updating configuration, locales updated from [] to [en_GB]
07-02 14:58:19.397  2196  3569 V Configuration: Updating configuration, locales updated from [] to [en_US]
07-02 14:58:19.425  2196  3569 V Configuration: Updating configuration, locales updated from [] to [en_GB]
07-02 14:58:19.425  2196  3569 V Configuration: Updating configuration, locales updated from [] to [en_GB]
07-02 14:58:19.425  2196  3569 V Configuration: Updating configuration, locales updated from [] to [en_GB]
07-02 14:58:19.425  2196  3569 V Configuration: Updating configuration, locales updated from [] to [en_GB]
07-02 14:58:19.425  2196  3569 V Configuration: Updating configuration, locales updated from [] to [en_IN]
07-02 14:58:19.425  2196  3569 V Configuration: Updating configuration, locales updated from [] to [en_GB]
07-02 14:58:19.425  2196  3569 V Configuration: Updating configuration, locales updated from [] to [en_GB]
07-02 14:58:19.426  2196  3569 V Configuration: Updating configuration, locales updated from [] to [en_IN]
07-02 14:58:19.426  2196  3569 V Configuration: Updating configuration, locales updated from [] to [en_GB]
07-02 14:58:19.426  2196  3569 V Configuration: Updating configuration, locales updated from [] to [en_GB]
07-02 14:58:19.426  2196  3569 D IntervalStats: Unable to parse usage stats packages: [8, 31, 35, 47, 52, 65, 66, 68, 70, 77, 92, 97, 111, 147, 163, 219, 226, 228, 239, 271, 289, 303, 311, 315, 344, 347, 351, 353, 366, 608, 616, 617, 618, 630, 635, 642, 646, 647, 650, 670, 672, 678, 680, 682, 693, 697, 702, 708, 716, 744, 752, 755, 757]
07-02 14:58:19.430  2196  3569 D UsageStatsService: User[0] type=3 b=1751448499389 e=1782984499389 cb=1753945541069 ce=1782984500682 disk=414 all=878
07-02 14:58:19.502 21877 21877 I Quality : GetResourcesInfo:55404616,/data/app/~~5aAD4FauYOvT2lX8GKchVQ==/com.google.android.apps.youtube.kids-gkUGlA2EV3f0tYm2BplZkw==/base.apk
07-02 14:58:19.531  2196  2403 D PowerManagerService: userActivityNoUpdateLocked: groupId=0, eventTime=112026047, event=touch, flags=0x0, uid=1000
07-02 14:58:19.532  2196  2403 D PowerManagerService: userActivityNoUpdateLocked: groupId=0, eventTime=112026047, event=touch, flags=0x0, uid=1000
07-02 14:58:19.536  2196  3441 I OplusJoystickManager: read game pad state for game manager -> false
07-02 14:58:19.536  2196  3441 W OplusJoystickManager: mInterceptGamepadKey is false
07-02 14:58:19.536  2196  3441 D OplusCustomizeRestrictionManagerService: isLongPressVolumeUpDisabled start
07-02 14:58:19.536  2196  3441 E OplusCustomizeRestrictionManagerService: isBackButtonDisabled start
07-02 14:58:19.536  2196  3441 D STKeyLog_StrategyBlackscreenshot: notifyKeyBeforeQueueing, downTime112026054, action=0, interactive=true
07-02 14:58:19.536  2196  3441 D ActivityTaskManager: NFW_setLastResumedActivityUncheckLocked:false r:ActivityRecord{131370370 u0 com.zapprex.nazmart/.MainActivity t4507} currentFocus:Window{47f4b0 u0 com.zapprex.nazmart/com.zapprex.nazmart.MainActivity}
07-02 14:58:19.537  2196  3441 I VibratorManagerServiceExtImpl: vibrate is uid=1000, pid=2196, opPkg=android, effect=Mono{mEffect=Composed{segments=[Step{amplitude=0.0, frequencyHz=0.0, duration=0}, Step{amplitude=-1.0, frequencyHz=0.0, duration=65}], repeat=-1}}, attributes=VibrationAttributes{mUsage=TOUCH, mAudioUsage= USAGE_UNKNOWN, mFlags=0}, reason=performHapticFeedback(constant=1): Virtual Key - Press, token=24026891
07-02 14:58:19.538  2196  2594 D STKeyLog_StrategyPadKeyBoardShortcut: excuteShortCut, interactive = true
07-02 14:58:19.538  2196  2594 D OplusCustomizeRestrictionManagerService: isLongPressVolumeUpDisabled start
07-02 14:58:19.538  2196  2594 D QuickBackInputPolicy: hasMultiChildrenInTask: false
07-02 14:58:19.538  2196  2594 D QuickBackInputPolicy: isInMultiWindowMode and isInSplitScreen is: false isZoomMode is: false isMultiWindowModeInPocketStudio is: false isEmbeddedInLauncherActivity is: false
07-02 14:58:19.539  2196  2594 D QuickBackInputPolicy: hasMultiChildrenInTask: false
07-02 14:58:19.539  2196  2594 D QuickBackInputPolicy: shouldTriggerBackKeyEvent focusWin=Window{47f4b0 u0 com.zapprex.nazmart/com.zapprex.nazmart.MainActivity}, topFullscreenOpaqueWindow=Window{47f4b0 u0 com.zapprex.nazmart/com.zapprex.nazmart.MainActivity}, mLaunchEndTimePair=Pair{ActivityRecord{131370370 u0 com.zapprex.nazmart/.MainActivity t4507} 112024899}, processRunning=true, timeThreshold is: 0, lastRemoteFromAssistant = false
07-02 14:58:19.539  2196  2594 D QuickBackInputPolicy: canInterceptKeyEventToHome Window:Window{47f4b0 u0 com.zapprex.nazmart/com.zapprex.nazmart.MainActivity}, do nothing!
07-02 14:58:19.539  2196  2594 D QuickBackInputPolicy: hasMultiChildrenInTask: false
07-02 14:58:19.540  2196  2403 D PowerManagerService: userActivityNoUpdateLocked: groupId=0, eventTime=112026054, event=button, flags=0x0, uid=1000
07-02 14:58:19.540 21877 21877 D ResourcesManagerExtImpl: applyConfigurationToAppResourcesLocked app.getDisplayId() return callback.displayId:-1
07-02 14:58:19.540  2196  2403 D PowerManagerService: userActivityNoUpdateLocked: groupId=0, eventTime=112026054, event=button, flags=0x0, uid=1000
07-02 14:58:19.542  2196  2370 I UserAwareMgr: fg app status not changed, beforeVisible: true, currentVisible: true
07-02 14:58:19.563  2196  3473 I ActivityManager: Flag disabled. Ignoring finishAttachApplication from uid: 10233. pid: 21829
07-02 14:58:19.601  2196  3473 I OplusJoystickManager: read game pad state for game manager -> false
07-02 14:58:19.601  2196  3473 W OplusJoystickManager: mInterceptGamepadKey is false
07-02 14:58:19.602  2196  3473 D OplusCustomizeRestrictionManagerService: isLongPressVolumeUpDisabled start
07-02 14:58:19.602  2196  3473 D STKeyLog_StrategyBlackscreenshot: notifyKeyBeforeQueueing, downTime112026054, action=1, interactive=true
07-02 14:58:19.607  2196  2594 D STKeyLog_StrategyPadKeyBoardShortcut: excuteShortCut, interactive = true
07-02 14:58:19.609  2196  2594 D OplusCustomizeRestrictionManagerService: isLongPressVolumeUpDisabled start
07-02 14:58:19.610  2196  2594 D QuickBackInputPolicy: hasMultiChildrenInTask: false
07-02 14:58:19.612  2196  2594 D QuickBackInputPolicy: hasMultiChildrenInTask: false
07-02 14:58:19.615  2196  2370 I UserAwareMgr: fg app status not changed, beforeVisible: true, currentVisible: true
07-02 14:58:19.622 21664 21664 D InsetsController: Setting requestedVisibleTypes to -9 (was -1)
07-02 14:58:19.623  2196  2532 D CoreBackPreview: Window{47f4b0 u0 com.zapprex.nazmart/com.zapprex.nazmart.MainActivity}: Setting back callback OnBackInvokedCallbackInfo{mCallback=android.window.IOnBackInvokedCallback$Stub$Proxy@e0f2e22, mPriority=0, mIsAnimationCallback=false, mOverrideBehavior=0}
07-02 14:58:19.649  2196  5620 D CompatChangeReporter: Compat change id reported: 297989574; UID 1000; state: ENABLED
07-02 14:58:19.654  2196  3473 D WindowManager: setFrameRateStart invalid typeId return!
07-02 14:58:19.660  2196  3473 I TaskOrganizerController: onTaskInfoChanged taskid 4507 config { mBounds=Rect(0, 0 - 1080, 2412) mAppBounds=Rect(0, 0 - 1080, 2412) mMaxBounds=Rect(0, 0 - 1080, 2412) mDisplayRotation=ROTATION_0 mWindowingMode=fullscreen mActivityType=standard mAlwaysOnTop=undefined mRotation=ROTATION_0}
07-02 14:58:19.663  2196  3473 D OplusFlexibleDragToSplitAnimController: visibleFlexibleTaskInfos delete:4507
07-02 14:58:19.664  2196  3473 E FlexibleWindowManagerService: notifyTaskObserverToAttachController not need to notify!
07-02 14:58:19.664  2196  3473 I FlexibleWindowManagerService: onFlexibleWindowTaskInfoChanged, return for cur task not embedded
07-02 14:58:19.682 21361 21361 W VRI[OplusOSEdgeFloatBar]: handleResized abandoned!
07-02 14:58:19.682 21664 21664 W VRI[MainActivity]: handleResized abandoned!
07-02 14:58:19.691  2196  2360 V WindowStateExtImpl: notifyWindowStateChange input show
07-02 14:58:19.719  2196  3569 W RefreshRate: requestRefreshRate:repeat request priority：85 rate: 120.0 status: 0
07-02 14:58:19.721  3417  3474 D WindowManagerShell: onKeepClearAreasChanged: restricted={}, unrestricted={}
07-02 14:58:19.721  2196  2532 I ActivityManager: Flag disabled. Ignoring finishAttachApplication from uid: 10217. pid: 21848
07-02 14:58:19.733  2196  3136 D ShortcutService: received package broadcast intent: Intent { act=android.intent.action.PACKAGE_REMOVED dat=package: flg=0x4000010 (has extras) }
07-02 14:58:19.733  2196  3136 D ShortcutService: removing package: ru.a402d.rawbtprinter userId=0
07-02 14:58:19.734  2196  3136 D ShortcutService: handlePackageRemoved: ru.a402d.rawbtprinter userId=0
07-02 14:58:19.742  2196  2357 D LauncherAppsService: onPackageRemoved: triggering onPackageRemoved for user=UserHandle{0}, packageName=ru.a402d.rawbtprinter
07-02 14:58:19.742  2196  2357 D LauncherAppsService: onPackageRemoved: triggering onPackageRemoved for user=UserHandle{0}, packageName=ru.a402d.rawbtprinter
07-02 14:58:19.743  2196  2357 D LauncherAppsService: onPackageRemoved: triggering onPackageRemoved for user=UserHandle{0}, packageName=ru.a402d.rawbtprinter
07-02 14:58:19.757  2196  2381 D AppExitInfoTracker: remove uid ok app exit info, uid=10397, realUid=null, allUsers=true
07-02 14:58:19.764  2196  5620 D PackageManager_InfoGetNullLogPrint: Target:ru.a402d.rawbtprinter callingUid=10195 userid=0 flag=0xc0000 reason is AppInfo not found in mPackages
07-02 14:58:19.771  3417  3417 W VRI[StatusBar]: handleResized abandoned!
07-02 14:58:19.771  3417  3417 W VRI[NavigationBar_displayId_0]: handleResized abandoned!
07-02 14:58:19.781  2196  2532 D ActivityManager: pid 18834 com.oplus.romupdate received async transactions while frozen
07-02 14:58:19.782  2196  2532 D ActivityManager: sync unfroze 18834 com.oplus.romupdate for 7
07-02 14:58:19.785  2196  2566 D ActivityManager: reportOneUidFrozenStateChanged uid 10177 frozen = false
07-02 14:58:19.801   641 21846 W keystore2: system/security/keystore2/watchdog/src/lib.rs:143 - ### Keystore Watchdog report - BEGIN ###
07-02 14:58:19.801   641 21846 W keystore2: system/security/keystore2/watchdog/src/lib.rs:152 - When extracting from a bug report, please include this header and all 4 records below (to footer)
07-02 14:58:19.801   641 21846 W keystore2: system/security/keystore2/watchdog/src/lib.rs:199 - ThreadId(1469) KeystoreDB::handle_next_superseded_blob Started: 07-02 09:28:18.573 UTC Pending: 1.228191462s Overdue 728.191693ms
07-02 14:58:19.801   641 21846 W keystore2: system/security/keystore2/watchdog/src/lib.rs:199 - ThreadId(1469) TX_handle_next_superseded_blob Started: 07-02 09:28:18.573 UTC Pending: 1.228081231s Overdue 728.081462ms
07-02 14:58:19.801   641 21846 W keystore2: system/security/keystore2/watchdog/src/lib.rs:199 - ThreadId(1469) KeystoreDB::handle_next_superseded_blob load_metadata Started: 07-02 09:28:18.706 UTC Pending: 1.094928231s Overdue 594.928846ms
07-02 14:58:19.801   641 21846 W keystore2: system/security/keystore2/watchdog/src/lib.rs:199 - ThreadId(1469) KeystoreDB::handle_next_superseded_blob delete v2 Started: 07-02 09:28:18.706 UTC Pending: 1.094915308s Overdue 594.915693ms
07-02 14:58:19.801   641 21846 W keystore2: system/security/keystore2/watchdog/src/lib.rs:211 - ### Keystore Watchdog report - END ###
07-02 14:58:19.810  2196  3440 D ActivityManager: pid 14619 com.oplus.notificationmanager received async transactions while frozen
07-02 14:58:19.810  3908 16458 I iopgp   : PreloadService: TRANSACTION_IOPGP_ON_PACKAGES_CHANGED
07-02 14:58:19.810  3908 16458 I iopgp   : Iopgp: TRANSACTION_IOPGP_ON_PACKAGES_CHANGED  pkg_name = ru.a402d.rawbtprinter pkg_version = -1 isDeleted = 1
07-02 14:58:19.810  3908  3908 D iopgp   : OnPackageChangeEvent:package remove.
07-02 14:58:19.811  2196  3440 D ActivityManager: sync unfroze 14619 com.oplus.notificationmanager for 6
07-02 14:58:19.814  2196  2532 D OplusMediaControlService: dispatch getHistoryMediaPlayerInfoList
07-02 14:58:19.824  2196 10579 D HealthConnectTrackerManagerImpl: No packages eligible for step tracking. Aborting initialization.
07-02 14:58:19.826  2196  2532 D OplusMediaControlService: InHistoryPlayInfoWhiteList: com.spotify.music, 0
07-02 14:58:19.828  2196  2532 D OplusMediaControlService: InHistoryPlayInfoWhiteList: com.heytap.music, 0
07-02 14:58:19.829  2196 10579 E HCPackageInfoUtils: NameNotFoundException for ru.a402d.rawbtprinter
07-02 14:58:19.829  2196 10579 E HCPackageInfoUtils: NameNotFoundException for ru.a402d.rawbtprinter
07-02 14:58:19.830  2196 10579 E HCPackageInfoUtils: NameNotFoundException for ru.a402d.rawbtprinter
07-02 14:58:19.830  2196 10579 E HCPackageInfoUtils: NameNotFoundException for ru.a402d.rawbtprinter
07-02 14:58:19.830  2196 10579 E HCPackageInfoUtils: NameNotFoundException for ru.a402d.rawbtprinter
07-02 14:58:19.830  2196 10579 E HCPackageInfoUtils: NameNotFoundException for ru.a402d.rawbtprinter
07-02 14:58:19.830  2196 10579 E HCPackageInfoUtils: NameNotFoundException for ru.a402d.rawbtprinter
07-02 14:58:19.830  2196  2532 D OplusMediaControlService: InHistoryPlayInfoWhiteList: com.heytap.music, 0
07-02 14:58:19.831  2196  2532 I OplusMediaControlService: getHistoryMediaPlayerInfoList historyInfoList size: 3
07-02 14:58:19.831  2196 10579 E HCPackageInfoUtils: NameNotFoundException for ru.a402d.rawbtprinter
07-02 14:58:19.850  2196  2555 I RollbackManager: broadcast=ACTION_PACKAGE_FULLY_REMOVED pkg=ru.a402d.rawbtprinter
07-02 14:58:19.858  2196  3186 I Sandbox:Service: onReceive() Intent { act=android.intent.action.PACKAGE_REMOVED dat=package: flg=0x4000010 (has extras) } extra: Bundle[{android.intent.extra.REMOVED_FOR_ALL_USERS=true, android.intent.extra.DONT_KILL_APP=false, android.intent.extra.UID=10397, android.intent.extra.SYSTEM_UPDATE_UNINSTALL=false, android.intent.extra.USER_INITIATED=true, android.intent.extra.DATA_REMOVED=true, android.intent.extra.user_handle=0}]
07-02 14:58:19.858  2196  3186 I Sandbox:Service: onPackageRemovedAndCleanup pkg ru.a402d.rawbtprinter,uid 10397
07-02 14:58:19.859   641  4220 I keystore2: system/security/keystore2/src/maintenance.rs:607 - clearNamespace(r#APP, nspace=60397)
07-02 14:58:19.870  2196  2370 I UserAwareMgr: fg app status not changed, beforeVisible: true, currentVisible: true
07-02 14:58:19.876  2196  2370 W QosScheduler: getScenario failed! scenarios is null, mask=2048
07-02 14:58:19.876  2196  2370 W QosScheduler: executeSceneQosStrategy get scenario failed! scenario is null
07-02 14:58:19.880  2196  4260 V WindowManager: Relayout Window{f4bd330 u0 InputMethod}: viewVisibility=0, oldvis=0, req=1080x2305 , apr = 0, vsysui=, x=0, y=0
07-02 14:58:19.882  2196  4260 D WindowManager: NFW_findFocusedWindowIfNeeded:Window{47f4b0 u0 com.zapprex.nazmart/com.zapprex.nazmart.MainActivity} mCurrentFocus:Window{47f4b0 u0 com.zapprex.nazmart/com.zapprex.nazmart.MainActivity}
07-02 14:58:19.883 13297 13297 W VRI[InputMethod]: updateBlastSurfaceIfNeeded, surfaceSize:Point(1080, 2305), lastSurfaceSize:Point(1080, 2305), format:-2, blastBufferQueue:android.graphics.BLASTBufferQueue@7b8a56
07-02 14:58:19.898  2196  4346 V WindowManager: Relayout Window{f4bd330 u0 InputMethod}: viewVisibility=8, oldvis=0, req=1080x2305 , apr = 0, vsysui=
07-02 14:58:19.898  2196  4346 D WindowManager: ImWindow setViewVisibility 8
07-02 14:58:19.898  2196  4346 I WindowManager: Window{f4bd330 u0 InputMethod} state from HAS_DRAWN to NO_SURFACE; reason: destroySurface
07-02 14:58:19.898  2196  2370 W SmartWindowScene: updateWindowState fail! invalid window type: -1
07-02 14:58:19.898  2196  2370 I UserAwareMgr: handleFgAppChanged, pkgName: com.google.android.inputmethod.latin, pid: 13297, isVisible: false, fgAppType: FG2
07-02 14:58:19.899  2196  2370 I UserAwareMgr: fg app status not changed, beforeVisible: true, currentVisible: true
07-02 14:58:19.902  2196  4346 D WindowManager: setFrameRateStart invalid typeId return!
07-02 14:58:19.906 21664 21664 W VRI[MainActivity]: handleResized abandoned!
07-02 14:58:19.907  2196  4346 D WindowManager: NFW_findFocusedWindowIfNeeded:Window{47f4b0 u0 com.zapprex.nazmart/com.zapprex.nazmart.MainActivity} mCurrentFocus:Window{47f4b0 u0 com.zapprex.nazmart/com.zapprex.nazmart.MainActivity}
07-02 14:58:19.910 21361 21361 W VRI[OplusOSEdgeFloatBar]: handleResized abandoned!
07-02 14:58:19.918 21664 21664 W VRI[MainActivity]: handleResized abandoned!
07-02 14:58:19.918 21361 21361 W VRI[OplusOSEdgeFloatBar]: handleResized abandoned!
07-02 14:58:19.930  2196  2196 W LoadedApk: System took : 231ms in onReceive of class com.android.server.compat.PlatformCompat$1 for action : android.intent.action.PACKAGE_REMOVED
07-02 14:58:19.930  2196  2196 W Looper  : Slow dispatch took 232ms main app=system_server main=true group=SKIP h=android.app.ActivityThread$H c=android.app.LoadedApk$ReceiverDispatcher$Args$$ExternalSyntheticLambda0@c5e61f2 m=0
07-02 14:58:19.931  2196  2196 D OplusCustomizeService: UninstallBroadcastReceiver, pkgName=ru.a402d.rawbtprinter, isReInstall=false
07-02 14:58:19.941  2196  2196 W Looper  : Slow delivery took 228ms main app=system_server main=true group=SKIP h=android.app.ActivityThread$H c=android.app.LoadedApk$ReceiverDispatcher$Args$$ExternalSyntheticLambda0@f2d9eec m=0
07-02 14:58:19.942  2196  2196 D ActivityManager: pid 21538 com.android.DeviceAsWebcam received async transactions while frozen
07-02 14:58:19.942  2196  2196 D ActivityManager: sync unfroze 21538 com.android.DeviceAsWebcam for 10
07-02 14:58:19.942  2196  2196 D ActivityManager: pid 21024 com.heytap.mcs.appservice received async transactions while frozen
07-02 14:58:19.942  2196  2196 D ActivityManager: sync unfroze 21024 com.heytap.mcs.appservice for 10
07-02 14:58:19.943  2196  2196 D ActivityManager: pid 20408 com.oplus.onetrace received async transactions while frozen
07-02 14:58:19.943  2196  2196 D ActivityManager: sync unfroze 20408 com.oplus.onetrace for 10
07-02 14:58:19.943  2196  2196 D ActivityManager: pid 18974 com.oplus.engineermode received async transactions while frozen
07-02 14:58:19.944  2196  2196 D ActivityManager: sync unfroze 18974 com.oplus.engineermode for 10
07-02 14:58:19.949  2196  2196 D MBrainLocalService: isVendorFreezeConditionPass is false
07-02 14:58:19.949  2196  2196 E AppStateIntentReceiver: notifyChange failed
07-02 14:58:19.968 20408 20439 D OCD.DispatchSemaphore: semaphoreWait again end acquired = true, timeoutNs = 20000000000, oldValue = 0, id = 5, name = dfd, callType = 20, time = 38385
07-02 14:58:19.969  2196  3136 D ShortcutService: Saving package item com.android.launcher to /data/system_ce/0/shortcut_service/launchers/com.android.launcher0.xml
07-02 14:58:19.971  2196  3136 D ShortcutService: Persist shortcut ids pinned by com.android.launcher from 0@com.phonepe.app ids=[Scan any QR]
07-02 14:58:19.971  2196  3136 D ShortcutService: Persist shortcut ids pinned by com.android.launcher from 0@com.heytap.market ids=[ID_DESK_HOT_APP, ID_DESK_HOT_GAME]
07-02 14:58:19.979  2196  3136 D ShortcutService: Saving package item com.oplus.dmp to /data/system_ce/0/shortcut_service/launchers/com.oplus.dmp0.xml
07-02 14:58:19.990  2196  3136 D ShortcutService: Saving package item android to /data/system_ce/0/shortcut_service/launchers/android0.xml
07-02 14:58:19.995  2196  3136 D ShortcutService: Saving package item com.android.systemui to /data/system_ce/0/shortcut_service/launchers/com.android.systemui0.xml
07-02 14:58:20.028  2196  2377 W ActivityManager: Slow operation: 83ms so far, now at startProcess: returned from zygote!
07-02 14:58:20.072  2196  2407 D DpcExtImpl[display=0]: mIsOplusTest = false
07-02 14:58:20.072  2196  2407 D OplusDisplayBrightnessBroadcastReceiver: onReceive action = android.intent.action.PACKAGE_REMOVED , listeners = [com.android.server.display.OplusDisplayPowerControllerExtImpl$OplusDpcExtBroadcastReceiver@f17dd16, com.android.server.display.feature.postprocess.OplusFeatureBrightnessBarController$BrightnessBarBroadcastReceiver@3910084]
07-02 14:58:20.088  2196  4015 W ActivityManager: Slow operation: 104ms so far, now at startProcess: building args
07-02 14:58:20.095  2196  4015 W ActivityManager: Slow operation: 112ms so far, now at startProcess: done starting proc!
07-02 14:58:20.095  2196  4015 W ContentProviderHelper: Slow operation: 113ms so far, now at getContentProviderImpl: after start process
07-02 14:58:20.096  2196  4015 W ContentProviderHelper: Slow operation: 113ms so far, now at getContentProviderImpl: updating data structures
07-02 14:58:20.096  2196  4015 W ContentProviderHelper: Slow operation: 113ms so far, now at getContentProviderImpl: done!
07-02 14:58:20.096  3417  3417 W VRI[StatusBar]: handleResized abandoned!
07-02 14:58:20.096  3417  3417 W VRI[NavigationBar_displayId_0]: handleResized abandoned!
07-02 14:58:20.098  2196  2377 W ActivityManager: Slow operation: 152ms so far, now at startProcess: done updating battery stats
07-02 14:58:20.098  2196  2377 W ActivityManager: Slow operation: 152ms so far, now at startProcess: building log message
07-02 14:58:20.098  2196  2377 I ActivityManager: Start proc 22021:com.android.keychain/1000 for service {com.android.keychain/com.android.keychain.KeyChainService}
07-02 14:58:20.098  2196  2377 W ActivityManager: Slow operation: 152ms so far, now at startProcess: starting to update pids map
07-02 14:58:20.098  2196  2377 W ActivityManager: Slow operation: 152ms so far, now at startProcess: done updating pids map
07-02 14:58:20.098  2196  2377 W ActivityManager: Slow operation: 119ms so far, now at startProcess: asking zygote to start proc
07-02 14:58:20.101  2196  2358 I ActivityManager: ProcessObserver broadcast disabled
07-02 14:58:20.119  3417  3417 W VRI[StatusBar]: handleResized abandoned!
07-02 14:58:20.119  3417  3417 W VRI[NavigationBar_displayId_0]: handleResized abandoned!
07-02 14:58:20.120  2196  2536 I MemoryOperationUtils: add 22021 to inactive
07-02 14:58:20.123  2196  3440 D ActivityManager: Async freezing 20049 com.android.vending:background
07-02 14:58:20.144  2196  2196 W LoadedApk: System took : 195ms in onReceive of class com.android.server.AppStateTrackerImpl$3 for action : android.intent.action.PACKAGE_REMOVED
07-02 14:58:20.145  2196  2196 W Looper  : Slow dispatch took 195ms main app=system_server main=true group=SKIP h=android.app.ActivityThread$H c=android.app.LoadedApk$ReceiverDispatcher$Args$$ExternalSyntheticLambda0@8de83e3 m=0
07-02 14:58:20.145  2196  2196 D DeviceIdleHelper: pacakge removed: name=ru.a402d.rawbtprinter not in PowerSaveWhitelist
07-02 14:58:20.145  2196  2196 D MultiApp-DataService: handlePackageChange: android.intent.action.PACKAGE_REMOVED for: ru.a402d.rawbtprinter
07-02 14:58:20.150  2196  2196 D OplusMediaControlService: History List changed by remove package: com.spotify.music/com.spotify.mediasession.mediasession.receiver.MediaButtonReceiver,0,1-com.heytap.music/com.allsaints.music.player.control.player.thirdpart.MusicMediaButtonReceiver,0,1-com.heytap.music/com.allsaints.music.player.thirdpart.MusicMediaButtonReceiver,0,1-com.google.android.youtube/com.google.android.libraries.youtube.player.ui.mediasession.MediaButtonIntentReceiverProvider$DefaultMediaButtonIntentReceiver,0,1
07-02 14:58:20.153  2196  2196 D OplusSecurityPermissionManager: AppUninstallReceiver: uid=10397, userId=0, package=ru.a402d.rawbtprinter
07-02 14:58:20.156  2196  4260 D ActivityTaskManagerServiceExtImpl: preBindApplication record is null
07-02 14:58:20.171  2196  2369 W LoadedApk: System took : 445ms in onReceive of class com.android.server.am.OplusAppStartQuotaTracker$1 for action : android.intent.action.PACKAGE_REMOVED
07-02 14:58:20.177  2196  2196 D OplusCustomizeService: UninstallBroadcastReceiver, pkgName=ru.a402d.rawbtprinter, isReInstall=false
07-02 14:58:20.186  2196  2377 W ActivityManager: Slow operation: 206ms so far, now at startProcess: returned from zygote!
07-02 14:58:20.187  2196  2377 W ActivityManager: Slow operation: 207ms so far, now at startProcess: done updating battery stats
07-02 14:58:20.187  2196  2377 W ActivityManager: Slow operation: 207ms so far, now at startProcess: building log message
07-02 14:58:20.187  2196  2377 I ActivityManager: Start proc 22045:com.coloros.phonemanager/u0a128 for broadcast {com.coloros.phonemanager/com.oplus.phonemanager.clear.appuninstall.UninstallReceiver}
07-02 14:58:20.187  2196  2377 W ActivityManager: Slow operation: 207ms so far, now at startProcess: starting to update pids map
07-02 14:58:20.187  2196  2377 W ActivityManager: Slow operation: 207ms so far, now at startProcess: done updating pids map
07-02 14:58:20.189  2196  2358 I ActivityManager: ProcessObserver broadcast disabled
07-02 14:58:20.189  2196  2377 W ActivityManager: Slow operation: 206ms so far, now at startProcess: asking zygote to start proc
07-02 14:58:20.213 14693 14693 W ContextImpl: Calling a method in the system process without a qualified user: android.app.ContextImpl.startService:2032 android.content.ContextWrapper.startService:865 android.content.ContextWrapper.startService:865 com.oplusos.sau.strategy.AppReceiver.onReceive:165 android.app.ActivityThread.handleReceiver:5424 
07-02 14:58:20.218 22021 22021 V Configuration: Updating configuration, locales updated from [] to [en_GB]
07-02 14:58:20.229  2196  2370 W QosScheduler: getScenario failed! scenarios is null, mask=2
07-02 14:58:20.229  2196  2370 W QosScheduler: executeSceneQosStrategy get scenario failed! scenario is null
07-02 14:58:20.295  2196  2377 W ActivityManager: Slow operation: 311ms so far, now at startProcess: returned from zygote!
07-02 14:58:20.295  2196  2377 W ActivityManager: Slow operation: 311ms so far, now at startProcess: done updating battery stats
07-02 14:58:20.296  2196  2377 W ActivityManager: Slow operation: 312ms so far, now at startProcess: building log message
07-02 14:58:20.296  2196  2377 I ActivityManager: Start proc 22052:com.oplus.dmp:main/u0a148 for content provider {com.oplus.dmp/com.oplus.oss.daemon.RemoteDaemonProxy}
07-02 14:58:20.296  2196  2377 W ActivityManager: Slow operation: 312ms so far, now at startProcess: starting to update pids map
07-02 14:58:20.296  2196  2377 W ActivityManager: Slow operation: 312ms so far, now at startProcess: done updating pids map
07-02 14:58:20.297  2196  2358 I ActivityManager: ProcessObserver broadcast disabled
07-02 14:58:20.309  2196  2536 I MemoryOperationUtils: add 22045 to com.coloros.phonemanager
07-02 14:58:20.314  2196  2536 I MemoryOperationUtils: add 22052 to inactive
07-02 14:58:20.320 14619 14747 W ContextImpl: Calling a method in the system process without a qualified user: android.app.ContextImpl.sendBroadcast:1296 com.oplus.notificationmanager.AppModificationReceiver.notifyAppModified:4 com.oplus.notificationmanager.NotificationBackend.processPackageBroadcast:119 com.oplus.notificationmanager.NotificationBackend.lambda$onReceivedBroadcast$5:11 com.oplus.notificationmanager.NotificationBackend.f:0 
07-02 14:58:20.326  2196  2384 D ActivityManager: pid 20783 com.google.android.apps.wellbeing received async transactions while frozen
07-02 14:58:20.329  2196  2384 D ActivityManager: sync unfroze 20783 com.google.android.apps.wellbeing for 3
07-02 14:58:20.330  2196  2566 D ActivityManager: reportOneUidFrozenStateChanged uid 10103 frozen = false
07-02 14:58:20.330  2196  2384 D ActivityManager: Async freezing 20783 com.google.android.apps.wellbeing
07-02 14:58:20.330  2196  2384 D ActivityManager: Cancel freezing 20783 com.google.android.apps.wellbeing
07-02 14:58:20.331  2196  2384 D ActivityManager: Async freezing 20783 com.google.android.apps.wellbeing
07-02 14:58:20.334  2196  2384 D ActivityManager: Cancel freezing 20783 com.google.android.apps.wellbeing
07-02 14:58:20.363  2196  2403 D PowerManagerService: userActivityNoUpdateLocked: groupId=0, eventTime=112026880, event=touch, flags=0x0, uid=1000
07-02 14:58:20.366  2196  2403 D PowerManagerService: userActivityNoUpdateLocked: groupId=0, eventTime=112026880, event=touch, flags=0x0, uid=1000
07-02 14:58:20.372  2196  3440 D ActivityManager: Async freezing 19946 com.android.vending
07-02 14:58:20.378  2196  3358 D OAppNetControlService: Hans update:[10031=false][0|0] blackList:[10385, 10291, 10384, 10445, 10298, 10307, 10453, 10147]
07-02 14:58:20.379  2196  2370 I UserAwareMgr: fg app status not changed, beforeVisible: true, currentVisible: true
07-02 14:58:20.392  2196  2196 W Looper  : Slow dispatch took 200ms main app=system_server main=true group=SKIP h=android.app.ActivityThread$H c=android.app.LoadedApk$ServiceDispatcher$RunConnection@320f2c m=0
07-02 14:58:20.393  2196  2370 I UserAwareMgr: fg app status not changed, beforeVisible: true, currentVisible: true
07-02 14:58:20.396  2196  2196 D OplusZenModeHelperExtImpl: setZenModeExtInfoStr: zenModeExtInfoStr=1782984500396,android.uid.system:1000,0,0,0,0,null,ru.a402d.rawbtprinter|removeAutomaticZenRules
07-02 14:58:20.397  2196  2196 I ConditionProviders: Disallowing condition provider ru.a402d.rawbtprinter (userSet: true)
07-02 14:58:20.398  2196  2370 W QosScheduler: getScenario failed! scenarios is null, mask=4
07-02 14:58:20.398  2196  2370 W QosScheduler: executeSceneQosStrategy get scenario failed! scenario is null
07-02 14:58:20.399  2196  2196 W Looper  : Drained
07-02 14:58:20.438   641 21846 W keystore2: system/security/keystore2/watchdog/src/lib.rs:143 - ### Keystore Watchdog report - BEGIN ###
07-02 14:58:20.443   641 21846 W keystore2: system/security/keystore2/watchdog/src/lib.rs:152 - When extracting from a bug report, please include this header and all 6 records below (to footer)
07-02 14:58:20.443   641 21846 W keystore2: system/security/keystore2/watchdog/src/lib.rs:199 - ThreadId(1469) KeystoreDB::handle_next_superseded_blob Started: 07-02 09:28:18.573 UTC Pending: 1.870021539s Overdue 1.370021847s
07-02 14:58:20.443   641 21846 W keystore2: system/security/keystore2/watchdog/src/lib.rs:199 - ThreadId(1469) TX_handle_next_superseded_blob Started: 07-02 09:28:18.573 UTC Pending: 1.869889847s Overdue 1.369890078s
07-02 14:58:20.443   641 21846 W keystore2: system/security/keystore2/watchdog/src/lib.rs:199 - ThreadId(1469) KeystoreDB::handle_next_superseded_blob load_metadata Started: 07-02 09:28:18.706 UTC Pending: 1.736735385s Overdue 1.236736231s
07-02 14:58:20.443   641 21846 W keystore2: system/security/keystore2/watchdog/src/lib.rs:199 - ThreadId(1469) KeystoreDB::handle_next_superseded_blob delete v2 Started: 07-02 09:28:18.706 UTC Pending: 1.736721769s Overdue 1.236722077s
07-02 14:58:20.443   641 21846 W keystore2: system/security/keystore2/watchdog/src/lib.rs:199 - ThreadId(48) IKeystoreMaintenance::clearNamespace Started: 07-02 09:28:19.859 UTC Pending: 583.923077ms Overdue 83.923923ms
