07-02 14:58:08.343  2196  2361 D TaskSnapshotCache: putSnapshot mRunningCache top= ActivityRecord{204831088 u0 com.zapprex.nazmart/.MainActivity t4503 f}}, mTaskId=4503, snapshot=TaskSnapshot{ mId=1782984488334 mCaptureTime=300442178973847 mTopActivityComponent=com.zapprex.nazmart/.MainActivity mSnapshot=android.hardware.HardwareBuffer@a2155db (756x1688) mColorSpace=sRGB IEC61966-2.1 (id=0, model=RGB) mOrientation=1 mRotation=0 mTaskSize=Point(1080, 2412) mOplusCompatMode=false mTopActivityBounds=[0,0][1080,2412] mHasDimLayer=false mContentInsets=[0,107][0,132] mLetterboxInsets=[0,0][0,0] mIsLowResolution=false mIsRealSnapshot=true mWindowingMode=1 mAppearance=0 mIsTranslucent=false mHasImeSurface=true mInternalReferences=2 mUiMode=21, mAppIdMap size= 1
07-02 14:58:08.344  3417  3474 V ShellRecents: RecentsTransitionHandler.startAnimation: no controller found
07-02 14:58:08.344  3417  3474 V WindowManagerShell: start OnePuttTransition animation, info = {id=1251 t=CLOSE f=0x10 trk=0 r=[0@Point(0, 0)] c=[{m=TO_FRONT f=SHOW_WALLPAPER|MOVE_TO_TOP leash=Surface(name=Task=1)/@0xfd8a3e4 sb=Rect(0, 0 - 1080, 2412) eb=Rect(0, 0 - 1080, 2412) epz=Point(1080, 2412) d=0 taskParent=-1},{m=CLOSE f=NONE leash=Surface(name=Task=4503)/@0x785704d sb=Rect(0, 0 - 1080, 2412) eb=Rect(0, 0 - 1080, 2412) epz=Point(1080, 2412) d=0 taskParent=-1},{m=TO_FRONT f=IS_WALLPAPER leash=Surface(name=WallpaperWindowToken{f20bbf5 showWhenLocked=false})/@0x9df7813 sb=Rect(0, 0 - 1080, 2412) eb=Rect(0, 0 - 1080, 2412) epz=Point(1080, 2412) d=0}] 
07-02 14:58:08.344  3417  3474 V WindowManagerShell: extendInfo=[
07-02 14:58:08.344  3417  3474 V WindowManagerShell:  OplusTransitionExtendedInfo{mTmpFinishT=null, mInOplusCompatMode=false, mIsProcessRunning=false, mHasMismatchBoundsTarget=false, mRecentsController=null, mRemoteTransition=null, mIsTranslucentActivityToHome=false, mAvoidInterceptKeyEventToHome=false, mIsFromHome=false, mParentLeash=null, mBackAnimClosingLeash=null, mIsOplusAnimRes=false, mKeepBgForContinuous=false, mIsBalAllow=false, mTaskNotInRecent=false, mIsPredictiveBackAnim=false, mIsMergedWithPredictive=false, mIsLaunchFromSpruce=false, mIsLaunchFromDrive=false, mGlobalSearchPageSwitch=false, mNeedNoAlphaGlobalSearchScene=false, mAssistScreenShowing=false, mSwipeUpBrowserScreenShowing=false, mUserIdTransition=0
07-02 14:58:08.344  3417  3474 V WindowManagerShell: , mInRemoteScene=false, mInPreReady=false, mPreStart=false, mToken=null, mAbortByRemoteFromHome=false, mShellApplyToken=null, mRequestTransitionTaskId=4503, mAbortTransitionOnShell=0, mStartFromShortcut=false, mRemovedTaskId=-1, mTransitionInterruptType=0, mMergeSecondTaskId=-1, mTaskIdStartFromRecents=0, mTransitionId=1251, mCanUseSpringSlideAnim=false, mTransitionLaunchFrom=0, mFoldChangeType=-1, mAnimStartingPosition=[0, 0, 0, 0], mIsOpeningStkDialogActivity=false, mSecondaryHomeToFrontWhenUnFolding=false, mIsNeedApplyStartTForEmbedded=false
07-02 14:58:08.344  3417  3474 V WindowManagerShell: , mNeedCanvasExitAnim=false, mMergeSecondTaskAnimation=false, mIsLaunchUnityStart=false, mIsLaunchFromAssistantByDefault=false, mSkipRemoteTransitionfalse, mIsStartFromKeyguard=false flags=0x0, mWCT=null, mIsOpenMergeToInValidPredictive=false, mPromoteTaskWhenKeyguard-1, mRootLayerZOrderArray={}}]}
07-02 14:58:08.344  3417  3474 V WindowManagerShell: Transition doesn't have explicit remote, search filters for match for {id=1251 t=CLOSE f=0x10 trk=0 r=[0@Point(0, 0)] c=[{m=TO_FRONT f=SHOW_WALLPAPER|MOVE_TO_TOP leash=Surface(name=Task=1)/@0xfd8a3e4 sb=Rect(0, 0 - 1080, 2412) eb=Rect(0, 0 - 1080, 2412) epz=Point(1080, 2412) d=0 taskParent=-1},{m=CLOSE f=NONE leash=Surface(name=Task=4503)/@0x785704d sb=Rect(0, 0 - 1080, 2412) eb=Rect(0, 0 - 1080, 2412) epz=Point(1080, 2412) d=0 taskParent=-1},{m=TO_FRONT f=IS_WALLPAPER leash=Surface(name=WallpaperWindowToken{f20bbf5 showWhenLocked=false})/@0x9df7813 sb=Rect(0, 0 - 1080, 2412) eb=Rect(0, 0 - 1080, 2412) epz=Point(1080, 2412) d=0}] 
07-02 14:58:08.344  3417  3474 V WindowManagerShell: extendInfo=[
07-02 14:58:08.344  3417  3474 V WindowManagerShell:  OplusTransitionExtendedInfo{mTmpFinishT=null, mInOplusCompatMode=false, mIsProcessRunning=false, mHasMismatchBoundsTarget=false, mRecentsController=null, mRemoteTransition=null, mIsTranslucentActivityToHome=false, mAvoidInterceptKeyEventToHome=false, mIsFromHome=false, mParentLeash=null, mBackAnimClosingLeash=null, mIsOplusAnimRes=false, mKeepBgForContinuous=false, mIsBalAllow=false, mTaskNotInRecent=false, mIsPredictiveBackAnim=false, mIsMergedWithPredictive=false, mIsLaunchFromSpruce=false, mIsLaunchFromDrive=false, mGlobalSearchPageSwitch=false, mNeedNoAlphaGlobalSearchScene=false, mAssistScreenShowing=false, mSwipeUpBrowserScreenShowing=false, mUserIdTransition=0
07-02 14:58:08.344  3417  3474 V WindowManagerShell: , mInRemoteScene=false, mInPreReady=false, mPreStart=false, mToken=null, mAbortByRemoteFromHome=false, mShellApplyToken=null, mRequestTransitionTaskId=4503, mAbortTransitionOnShell=0, mStartFromShortcut=false, mRemovedTaskId=-1, mTransitionInterruptType=0, mMergeSecondTaskId=-1, mTaskIdStartFromRecents=0, mTransitionId=1251, mCanUseSpringSlideAnim=false, mTransitionLaunchFrom=0, mFoldChangeType=-1, mAnimStartingPosition=[0, 0, 0, 0], mIsOpeningStkDialogActivity=false, mSecondaryHomeToFrontWhenUnFolding=false, mIsNeedApplyStartTForEmbedded=false
07-02 14:58:08.344  3417  3474 V WindowManagerShell: , mNeedCanvasExitAnim=false, mMergeSecondTaskAnimation=false, mIsLaunchUnityStart=false, mIsLaunchFromAssistantByDefault=false, mSkipRemoteTransitionfalse, mIsStartFromKeyguard=false flags=0x0, mWCT=null, mIsOpenMergeToInValidPredictive=false, mPromoteTaskWhenKeyguard-1, mRootLayerZOrderArray={}}]}
07-02 14:58:08.345  3417  3474 V WindowManagerShell:  Checking filter Pair{{types=[] flags=0x0] notFlags=0x100 checks=[{atype=home independent=true modes=[OPEN,TO_FRONT] flags=NONE mustBeTask=false order=TOP topActivity=ComponentInfo{com.android.launcher/com.android.launcher.Launcher} launchCookie=null windowingMode=undefined},{atype=standard independent=true modes=[CLOSE,TO_BACK] flags=NONE mustBeTask=false order=ANY topActivity=null launchCookie=null windowingMode=undefined}]} RemoteTransition { remoteTransition = android.window.IRemoteTransition$Stub$Proxy@6180568, appThread = android.app.IApplicationThread$Stub$Proxy@502d81, debugName = QuickstepLaunchHome }}
07-02 14:58:08.345  3417  3474 D RemoteTransitionHandler: Found filterPair{{types=[] flags=0x0] notFlags=0x100 checks=[{atype=home independent=true modes=[OPEN,TO_FRONT] flags=NONE mustBeTask=false order=TOP topActivity=ComponentInfo{com.android.launcher/com.android.launcher.Launcher} launchCookie=null windowingMode=undefined},{atype=standard independent=true modes=[CLOSE,TO_BACK] flags=NONE mustBeTask=false order=ANY topActivity=null launchCookie=null windowingMode=undefined}]} RemoteTransition { remoteTransition = android.window.IRemoteTransition$Stub$Proxy@6180568, appThread = android.app.IApplicationThread$Stub$Proxy@502d81, debugName = QuickstepLaunchHome }}
07-02 14:58:08.345  3417  3474 V WindowManagerShell:  Delegate animation for (#1251) to RemoteTransition { remoteTransition = android.window.IRemoteTransition$Stub$Proxy@6180568, appThread = android.app.IApplicationThread$Stub$Proxy@502d81, debugName = QuickstepLaunchHome }
07-02 14:58:08.345  2196  2357 V WindowManager: Sent Transition (#1251) createdAt=07-02 14:58:08.218 via request=TransitionRequestInfo { type = CLOSE, triggerTask = TaskInfo{userId=0 taskId=4503 effectiveUid=10402 displayId=0 isRunning=true baseIntent=Intent { act=android.intent.action.MAIN cat=[android.intent.category.LAUNCHER] flg=0x10200000 cmp=com.zapprex.nazmart/.MainActivity mCallingUid=10195 } baseActivity=ComponentInfo{com.zapprex.nazmart/com.zapprex.nazmart.MainActivity} topActivity=ComponentInfo{com.zapprex.nazmart/com.zapprex.nazmart.MainActivity} origActivity=null realActivity=ComponentInfo{com.zapprex.nazmart/com.zapprex.nazmart.MainActivity}
07-02 14:58:08.345  2196  2357 V WindowManager:  numActivities=1 lastActiveTime=300441801 supportsSplitScreenMultiWindow=true supportsMultiWindow=true supportsPocketStudioMultiWindow=true isInFlexibleEmbedded = false uid = 10402 pid = 17842 resizeMode=1 isResizeable=true minWidth=-1 minHeight=-1 defaultMinSize=220 token=WCT{RemoteToken{7e0aed2 Task{9b8456e #4503 type=standard A=10402:com.zapprex.nazmart}}} topActivityType=1 pictureInPictureParams=null shouldDockBigOverlays=false launchIntoPipHostTaskId=-1 lastParentTaskIdBeforePip=-1 displayCutoutSafeInsets=Rect(0, 0 - 0, 0)
07-02 14:58:08.345  2196  2357 V WindowManager:  topActivityInfo=ActivityInfo{d1c68e8 com.zapprex.nazmart.MainActivity} launchCookies=[android.os.BinderProxy@87f8b01] positionInParent=Point(0, 0) parentTaskId=-1 isFocused=true isVisible=true isVisibleRequested=true isTopActivityNoDisplay=false isSleeping=false locusId=null displayAreaFeatureId=1 isTopActivityTransparent=false isActivityStackTransparent=false lastNonFullscreenBounds=Rect(272, 653 - 808, 1733) capturedLink=null capturedLinkTimestamp=0 requestedVisibleTypes=-1 topActivityRequestOpenInBrowserEducationTimestamp=0
07-02 14:58:08.345  2196  2357 V WindowManager:  appCompatTaskInfo=AppCompatTaskInfo { topActivityInSizeCompat=false topActivityInOplusCompatMode=false eligibleForLetterboxEducation= false isLetterboxEducationEnabled= false isLetterboxDoubleTapEnabled= false eligibleForUserAspectRatioButton= false topActivityBoundsLetterboxed= false isFromLetterboxDoubleTap= false topActivityLetterboxVerticalPosition= -1 topActivityLetterboxHorizontalPosition= -1 topActivityLetterboxWidth=-1 topActivityLetterboxHeight=-1 topActivityAppBounds=Rect(0, 0 - 1080, 2412) isUserFullscreenOverrideEnabled=false isSystemFullscreenOverrideEnabled=false hasMinAspectRatioOverride=false topActivityLetterboxBounds=null cameraCompatTaskInfo=CameraCompatTaskInfo { freeformCameraCompatMode=inactive}} topActivityMainWindowFrame=null topActivityLetterboxInsets=Rect(0, 0 - 0, 0)
07-02 14:58:08.345  2196  2357 V WindowManager:  mOplusExtraBundle = Bundle[{androidx.flexible.taskFrame=Rect(0, 0 - 0, 0), topOpaqueSystemBarsAppearance=0, androidx.flexible.Alpha=1.0, androidx.activity.task.attach.blur=0, androidx.activity.LaunchInsensible=0, androidx.activity.LaunchCornerRadius=0, key_flexible_task_state=0, topActivitySupportAppInnerSplit=false, key_flexible_task_animating_type=-1, key_flexible_task_root_activity_processname=com.zapprex.nazmart, androidx.activity.LaunchScenario=0, is_oplus_clone_task=false, flexible_super_mini_state=false, topRunningActivityHash=204831088, androidx.activity.LaunchScale=1.0, androidx.activity.LaunchShadowRadius=0, is_transient_hide_for_task_info=false, key_flexible_task_root_activity_pid=17842, key_flexible_task_root_activity_uid=10402}]}, pipChange = null, remoteTransition = null, displayChange = null, flags = 16, debugId = 1251 }
07-02 14:58:08.346  2196  2357 V WindowManager:     startWCT=WindowContainerTransaction { changes= {} hops= [] errorCallbackToken=null taskFragmentOrganizer=null }
07-02 14:58:08.346  2196  2357 V WindowManager:     info={id=1251 t=CLOSE f=0x10 trk=0 r=[0@Point(0, 0)] c=[
07-02 14:58:08.346  2196  2357 V WindowManager:         {WCT{RemoteToken{976646b Task{6a29058 #1 type=home}}} m=TO_FRONT f=SHOW_WALLPAPER|MOVE_TO_TOP leash=Surface(name=Task=1)/@0x1ae7dba sb=Rect(0, 0 - 1080, 2412) eb=Rect(0, 0 - 1080, 2412) epz=Point(1080, 2412) d=0 taskParent=-1},
07-02 14:58:08.346  2196  2357 V WindowManager:         {WCT{RemoteToken{7e0aed2 Task{9b8456e #4503 type=standard A=10402:com.zapprex.nazmart}}} m=CLOSE f=NONE leash=Surface(name=Task=4503)/@0x648122b sb=Rect(0, 0 - 1080, 2412) eb=Rect(0, 0 - 1080, 2412) epz=Point(1080, 2412) d=0 taskParent=-1},
07-02 14:58:08.346  2196  2357 V WindowManager:         {m=TO_FRONT f=IS_WALLPAPER leash=Surface(name=WallpaperWindowToken{f20bbf5 showWhenLocked=false})/@0xb9efaca sb=Rect(0, 0 - 1080, 2412) eb=Rect(0, 0 - 1080, 2412) epz=Point(1080, 2412) d=0}
07-02 14:58:08.346  2196  2357 V WindowManager:     ] 
07-02 14:58:08.346  2196  2357 V WindowManager: extendInfo=[
07-02 14:58:08.346  2196  2357 V WindowManager:  OplusTransitionExtendedInfo{mTmpFinishT=null, mInOplusCompatMode=false, mIsProcessRunning=false, mHasMismatchBoundsTarget=false, mRecentsController=null, mRemoteTransition=null, mIsTranslucentActivityToHome=false, mAvoidInterceptKeyEventToHome=false, mIsFromHome=false, mParentLeash=null, mBackAnimClosingLeash=null, mIsOplusAnimRes=false, mKeepBgForContinuous=false, mIsBalAllow=false, mTaskNotInRecent=false, mIsPredictiveBackAnim=false, mIsMergedWithPredictive=false, mIsLaunchFromSpruce=false, mIsLaunchFromDrive=false, mGlobalSearchPageSwitch=false, mNeedNoAlphaGlobalSearchScene=false, mAssistScreenShowing=false, mSwipeUpBrowserScreenShowing=false, mUserIdTransition=0
07-02 14:58:08.346  2196  2357 V WindowManager: , mInRemoteScene=false, mInPreReady=false, mPreStart=false, mToken=null, mAbortByRemoteFromHome=false, mShellApplyToken=null, mRequestTransitionTaskId=4503, mAbortTransitionOnShell=0, mStartFromShortcut=false, mRemovedTaskId=-1, mTransitionInterruptType=0, mMergeSecondTaskId=-1, mTaskIdStartFromRecents=0, mTransitionId=1251, mCanUseSpringSlideAnim=false, mTransitionLaunchFrom=0, mFoldChangeType=-1, mAnimStartingPosition=[0, 0, 0, 0], mIsOpeningStkDialogActivity=false, mSecondaryHomeToFrontWhenUnFolding=false, mIsNeedApplyStartTForEmbedded=false
07-02 14:58:08.346  2196  2357 V WindowManager: , mNeedCanvasExitAnim=false, mMergeSecondTaskAnimation=false, mIsLaunchUnityStart=false, mIsLaunchFromAssistantByDefault=false, mSkipRemoteTransitionfalse, mIsStartFromKeyguard=false flags=0x0, mWCT=null, mIsOpenMergeToInValidPredictive=false, mPromoteTaskWhenKeyguard-1, mRootLayerZOrderArray={}}]}
07-02 14:58:08.347  2196 10668 V WindowManager: Relayout Window{ff93042 u0 com.android.launcher/com.android.launcher.Launcher}: viewVisibility=0, oldvis=0, req=1080x2412 , apr = 0, vsysui=LAYOUT_STABLE LAYOUT_HIDE_NAVIGATION LAYOUT_FULLSCREEN
07-02 14:58:08.350  2196 10668 I TaskOrganizerController: onTaskInfoChanged taskid 1 config { mBounds=Rect(0, 0 - 1080, 2412) mAppBounds=Rect(0, 0 - 1080, 2412) mMaxBounds=Rect(0, 0 - 1080, 2412) mDisplayRotation=ROTATION_0 mWindowingMode=fullscreen mActivityType=home mAlwaysOnTop=undefined mRotation=ROTATION_0}
07-02 14:58:08.351  2196 10668 D OplusVisibleTasks:  notifyTasksNumChange no need to notify.
07-02 14:58:08.351  2196 10668 D OplusFlexibleDragToSplitAnimController: visibleFlexibleTaskInfos delete:1
07-02 14:58:08.351  2196 10668 E FlexibleWindowManagerService: notifyTaskObserverToAttachController not need to notify!
07-02 14:58:08.351  2196 10668 I FlexibleWindowManagerService: onFlexibleWindowTaskInfoChanged, return for cur task not embedded
07-02 14:58:08.353  3417  3474 V WindowManagerShell:  animated by com.android.wm.shell.transition.RemoteTransitionHandler@c211093
07-02 14:58:08.359  2196 10642 I BLASTSyncEngine: onCommitted syncId: 1251, timeout: false ran: false
07-02 14:58:08.362  2196  4025 D FlexibleTaskController: check task which not have enough child, isInSingleWhiteList:false isCloneTask:false
07-02 14:58:08.365  2196  2601 D InputMethodManagerService: isSecurity: attribute.packageName = com.android.launcher mCurMethodId = com.google.android.inputmethod.latin/com.android.inputmethod.latin.LatinIME isSecurity = false ( enable = false needShow = false inBlackList = false isExist = true )
07-02 14:58:08.365  2196  3502 V WindowManager: Relayout Window{cc00adb u0 com.google.android.googlequicksearchbox}: viewVisibility=0, oldvis=8, req=1080x2412 , apr = 0, vsysui=
07-02 14:58:08.370  2196  3502 D WindowManager: relayoutVisibleWindow win:Window{cc00adb u0 com.google.android.googlequicksearchbox} set mDestroying = false  DestroySavedSurface remove
07-02 14:58:08.370  2196  3502 D QuickBackInputPolicy: hasMultiChildrenInTask: false
07-02 14:58:08.370  2196  3502 D WindowManager: NFW_findFocusedWindowIfNeeded:Window{ff93042 u0 com.android.launcher/com.android.launcher.Launcher} mCurrentFocus:Window{ff93042 u0 com.android.launcher/com.android.launcher.Launcher}
07-02 14:58:08.374  2755  2755 W VRI[googlequicksearchbox]: updateBlastSurfaceIfNeeded, surfaceSize:Point(1080, 2412), lastSurfaceSize:Point(1080, 2412), format:-2, blastBufferQueue:null
07-02 14:58:08.374  2196  2358 I ActivityManager: hookHandleApplicationCrashBeforeInner do not showErrorDialog shouldThottle= false
07-02 14:58:08.374  2196  2384 D ActivityManager: Cancel freezing 17135 com.coloros.alarmclock:clockWidget
07-02 14:58:08.375  2196  2384 D ActivityManager: Async freezing 17135 com.coloros.alarmclock:clockWidget
07-02 14:58:08.376  2196  2384 D ActivityManager: Cancel freezing 17135 com.coloros.alarmclock:clockWidget
07-02 14:58:08.376  2196  2384 D ActivityManager: Async freezing 17135 com.coloros.alarmclock:clockWidget
07-02 14:58:08.378  2196  2370 I UserAwareMgr: fg app status not changed, beforeVisible: true, currentVisible: true
07-02 14:58:08.383  2196  4022 D WindowManager: setFrameRateStart invalid typeId return!
07-02 14:58:08.390  2196  2361 D WindowManager: setFrameRateStart invalid typeId return!
07-02 14:58:08.392  2196  2370 I UserAwareMgr: handleTopAppChanged: com.google.android.googlequicksearchbox, pid: 2755, uid: 10116
07-02 14:58:08.393  2196  2384 D ActivityManager: Cancel freezing 17135 com.coloros.alarmclock:clockWidget
07-02 14:58:08.394  2755  2755 I Quality : UISlowBinder:111812846
07-02 14:58:08.395  2196  4025 D CoreBackPreview: Window{f651d6f u0 com.zapprex.nazmart/com.zapprex.nazmart.MainActivity}: Setting back callback OnBackInvokedCallbackInfo{mCallback=android.window.IOnBackInvokedCallback$Stub$Proxy@c8f8943, mPriority=0, mIsAnimationCallback=false, mOverrideBehavior=0}
07-02 14:58:08.397  3646  3646 W VRI[Launcher]: handleResized abandoned!
07-02 14:58:08.398 21361 21361 W VRI[OplusOSEdgeFloatBar]: handleResized abandoned!
07-02 14:58:08.404  2196  4346 I WindowManager: Window{cc00adb u0 com.google.android.googlequicksearchbox} state from DRAW_PENDING to COMMIT_DRAW_PENDING; reason: finishDrawingLocked
07-02 14:58:08.405  2196  2358 W Looper  : Slow dispatch took 121ms android.ui app=system_server main=false group=SKIP h=com.android.server.am.ActivityManagerService$UiHandler c=null m=1
07-02 14:58:08.407  2196 10668 W PackageConfigPersister: App-specific configuration not found for packageName: com.android.launcher and userId: 0
07-02 14:58:08.407  2196  2361 I WindowManager: Window{cc00adb u0 com.google.android.googlequicksearchbox} state from COMMIT_DRAW_PENDING to READY_TO_SHOW; reason: commitFinishDrawingLocked
07-02 14:58:08.407  2196  2361 D CoreBackPreview:  return markWindowHasDrawn mComposed: false  mWaitTransition: false
07-02 14:58:08.407  2196  2361 D ActivityTaskManager: Clearing startingData for activity=ActivityRecord{91986376 u0 com.android.launcher/.Launcher t5} mStartingData=null mStartingSurface=null
07-02 14:58:08.408  2196  2361 I WindowManager: Window{cc00adb u0 com.google.android.googlequicksearchbox} state from READY_TO_SHOW to HAS_DRAWN; reason: performShowLocked
07-02 14:58:08.410  2196  2361 I WindowStateExtImpl: onSurfaceShowChange show = true mPackageName = com.google.android.googlequicksearchbox parentPkgName = com.android.launcher
07-02 14:58:08.410  2196  2361 D CoreBackPreview:  return markWindowHasDrawn mComposed: false  mWaitTransition: false
07-02 14:58:08.412  2196  2360 V WindowStateExtImpl: notifyWindowStateChange input show
07-02 14:58:08.413  2196  2360 D DisplayManagerServiceExtImpl: scheduleTraversalLocked intraversal=false
07-02 14:58:08.413  2196  2361 D DisplayManagerService: performTraversalInternal pendingTraversal
07-02 14:58:08.413  2196  2361 D DisplayDevice: setLayerStackLocked id=local:4627039422300187648 token=android.os.BinderProxy@cc9fef0 stack=0->0
07-02 14:58:08.415  2196  2370 W UserAwareMgr: event can not be released, id: 1014, count: 2, releasePid: 2196
07-02 14:58:08.416  2196  2409 D LocalDisplayAdapter: setDesiredDisplayModeSpecsAsync: display unique id = local:4627039422300187648, display mode specs = defaultMode=1 allowGroupSwitching=false primaryRanges=physical: (0.0 120.0) render:  (0.0 120.0) appRequestRanges=physical: (0.0 120.0) render:  (0.0 120.0) idleScreenRefreshRate=null
07-02 14:58:08.416  2755  2755 W VRI[googlequicksearchbox]: handleResized, msg:, frameChanged:false, configChanged:false, displayChanged:false, attachedFrameChanged:false, compatScaleChanged:false, pendingDragResizing=false
07-02 14:58:08.420  2196  2407 D OplusFeatureDMR[display=0]: onConfigChanged threadId=71 threadName=OplusDisplayWorkHandler physicalDisplayId=4627039422300187648 modeId=1  
07-02 14:58:08.424  2196  2361 D DisplayManagerService: performTraversalInternal pendingTraversal
07-02 14:58:08.424  2196  2361 D DisplayDevice: setLayerStackLocked id=local:4627039422300187648 token=android.os.BinderProxy@cc9fef0 stack=0->0
07-02 14:58:08.424  2196  2360 D OplusBatteryManager: getPsyBatteryRm: 3899
07-02 14:58:08.425  2196  2360 D BatteryStatsImplExtImpl: resumedUid:10195 resumedBatteryLevel:100  resumedPackage:com.android.launcher  resumedBatteryRealtimeCapacity:3899
07-02 14:58:08.427  2196  2360 D FlexibleTaskController: check task which not have enough child, isInSingleWhiteList:false isCloneTask:false
07-02 14:58:08.430  2196 10668 D ActivityManager: Async freezing 17135 com.coloros.alarmclock:clockWidget
07-02 14:58:08.433  3417  3417 W VRI[StatusBar]: handleResized abandoned!
07-02 14:58:08.434  3417  3417 W VRI[NavigationBar_displayId_0]: handleResized abandoned!
07-02 14:58:08.442  3417  3474 D WindowManagerShell: onKeepClearAreasChanged: restricted={}, unrestricted={}
07-02 14:58:08.453  2196  3502 V WindowManager: Relayout Window{f4bd330 u0 InputMethod}: viewVisibility=0, oldvis=0, req=1080x2305 , apr = 0, vsysui=, x=0, y=0
07-02 14:58:08.454  2196  3502 D DisplayManagerService: performTraversalInternal pendingTraversal
07-02 14:58:08.454  2196  3502 D DisplayDevice: setLayerStackLocked id=local:4627039422300187648 token=android.os.BinderProxy@cc9fef0 stack=0->0
07-02 14:58:08.454  2196  3502 D QuickBackInputPolicy: hasMultiChildrenInTask: false
07-02 14:58:08.454  2196  3502 D WindowManager: NFW_findFocusedWindowIfNeeded:Window{ff93042 u0 com.android.launcher/com.android.launcher.Launcher} mCurrentFocus:Window{ff93042 u0 com.android.launcher/com.android.launcher.Launcher}
07-02 14:58:08.455 13297 13297 W VRI[InputMethod]: updateBlastSurfaceIfNeeded, surfaceSize:Point(1080, 2305), lastSurfaceSize:Point(1080, 2305), format:-2, blastBufferQueue:android.graphics.BLASTBufferQueue@bf4a925
07-02 14:58:08.458  2196  2361 D DisplayManagerService: performTraversalInternal pendingTraversal
07-02 14:58:08.458  2196  2361 D DisplayDevice: setLayerStackLocked id=local:4627039422300187648 token=android.os.BinderProxy@cc9fef0 stack=0->0
07-02 14:58:08.470  2196  3502 D DisplayManagerService: performTraversalInternal pendingTraversal
07-02 14:58:08.470  2196  3502 D DisplayDevice: setLayerStackLocked id=local:4627039422300187648 token=android.os.BinderProxy@cc9fef0 stack=0->0
07-02 14:58:08.473  2755  2755 W VRI[googlequicksearchbox]: handleResized abandoned!
07-02 14:58:08.474  3646  3646 W VRI[Launcher]: handleResized abandoned!
07-02 14:58:08.475 21361 21361 W VRI[OplusOSEdgeFloatBar]: handleResized abandoned!
07-02 14:58:08.476  3417  3417 W VRI[StatusBar]: handleResized abandoned!
07-02 14:58:08.477  3417  3417 W VRI[NavigationBar_displayId_0]: handleResized abandoned!
07-02 14:58:08.480  2196 10657 D CoreBackPreview: Window{ff93042 u0 com.android.launcher/com.android.launcher.Launcher}: Setting back callback OnBackInvokedCallbackInfo{mCallback=android.window.IOnBackInvokedCallback$Stub$Proxy@8954933, mPriority=0, mIsAnimationCallback=true, mOverrideBehavior=0}
07-02 14:58:08.491  2196  2361 D DisplayManagerService: performTraversalInternal pendingTraversal
07-02 14:58:08.491  2196  2361 D DisplayDevice: setLayerStackLocked id=local:4627039422300187648 token=android.os.BinderProxy@cc9fef0 stack=0->0
07-02 14:58:08.493  2196  2370 I UserAwareMgr: fg app status not changed, beforeVisible: true, currentVisible: true
07-02 14:58:08.496  2196  3139 D BackgroundInstallControlService: Package event received: 0
07-02 14:58:08.499  2196  2370 W QosScheduler: getScenario failed! scenarios is null, mask=2048
07-02 14:58:08.499  2196  2370 W QosScheduler: executeSceneQosStrategy get scenario failed! scenario is null
07-02 14:58:08.499  2196 10657 D CoreBackPreview: Window{ff93042 u0 com.android.launcher/com.android.launcher.Launcher}: Setting back callback null
07-02 14:58:08.504  2196  3139 D BackgroundInstallControlService: Package event received: 0
07-02 14:58:08.504  2196 10642 V WindowManager: Relayout Window{f4bd330 u0 InputMethod}: viewVisibility=0, oldvis=0, req=1080x2305 , apr = 0, vsysui=, x=0, y=0
07-02 14:58:08.506  2196 10642 D DisplayManagerService: performTraversalInternal pendingTraversal
07-02 14:58:08.506  2196 10642 D DisplayDevice: setLayerStackLocked id=local:4627039422300187648 token=android.os.BinderProxy@cc9fef0 stack=0->0
07-02 14:58:08.507  2196 10642 D QuickBackInputPolicy: hasMultiChildrenInTask: false
07-02 14:58:08.507  2196 10642 D WindowManager: NFW_findFocusedWindowIfNeeded:Window{ff93042 u0 com.android.launcher/com.android.launcher.Launcher} mCurrentFocus:Window{ff93042 u0 com.android.launcher/com.android.launcher.Launcher}
07-02 14:58:08.508 13297 13297 W VRI[InputMethod]: updateBlastSurfaceIfNeeded, surfaceSize:Point(1080, 2305), lastSurfaceSize:Point(1080, 2305), format:-2, blastBufferQueue:android.graphics.BLASTBufferQueue@bf4a925
07-02 14:58:08.516  2196  2361 D DisplayManagerService: performTraversalInternal pendingTraversal
07-02 14:58:08.517  2196  2361 D DisplayDevice: setLayerStackLocked id=local:4627039422300187648 token=android.os.BinderProxy@cc9fef0 stack=0->0
07-02 14:58:08.528  2196  2360 I DisplayDeviceRepository: Display device changed render timings: "Built-in Screen", renderFrameRate=120.00001, presentationDeadlineNanos=12266667, appVsyncOffsetNanos=2133332, frameRateOverrides=[]
07-02 14:58:08.528  2196  2360 D LogicalDisplayExt: set displayInfo flag FLAG_ROTATES_WITH_CONTENT
07-02 14:58:08.535  2196 10642 D DisplayManagerService: performTraversalInternal pendingTraversal
07-02 14:58:08.535  2196 10642 D DisplayDevice: setLayerStackLocked id=local:4627039422300187648 token=android.os.BinderProxy@cc9fef0 stack=0->0
07-02 14:58:08.537  2196  4025 V WindowManager: Relayout Window{f4bd330 u0 InputMethod}: viewVisibility=8, oldvis=0, req=1080x2305 , apr = 0, vsysui=
07-02 14:58:08.537  2196  4025 D WindowManager: ImWindow setViewVisibility 8
07-02 14:58:08.538  2196  4025 I WindowManager: Window{f4bd330 u0 InputMethod} state from HAS_DRAWN to NO_SURFACE; reason: destroySurface
07-02 14:58:08.538  2196  2370 I UserAwareMgr: handleFgAppChanged, pkgName: com.google.android.inputmethod.latin, pid: 13297, isVisible: false, fgAppType: FG2
07-02 14:58:08.538  2196  2370 I UserAwareMgr: fg app status not changed, beforeVisible: true, currentVisible: true
07-02 14:58:08.538  2196  2370 W SmartWindowScene: updateWindowState fail! invalid window type: -1
07-02 14:58:08.541  2196  4025 D WindowManager: setFrameRateStart invalid typeId return!
07-02 14:58:08.543  2196  4025 D DisplayManagerService: performTraversalInternal pendingTraversal
07-02 14:58:08.543  2196  4025 D DisplayDevice: setLayerStackLocked id=local:4627039422300187648 token=android.os.BinderProxy@cc9fef0 stack=0->0
07-02 14:58:08.545  2755  2755 W VRI[googlequicksearchbox]: handleResized abandoned!
07-02 14:58:08.546  2196  4025 D QuickBackInputPolicy: hasMultiChildrenInTask: false
07-02 14:58:08.546  2196  4025 D WindowManager: NFW_findFocusedWindowIfNeeded:Window{ff93042 u0 com.android.launcher/com.android.launcher.Launcher} mCurrentFocus:Window{ff93042 u0 com.android.launcher/com.android.launcher.Launcher}
07-02 14:58:08.547 21361 21361 W VRI[OplusOSEdgeFloatBar]: handleResized abandoned!
07-02 14:58:08.547  3646  3646 W VRI[Launcher]: handleResized abandoned!
07-02 14:58:08.551  3417  3417 W VRI[StatusBar]: handleResized abandoned!
07-02 14:58:08.551  3417  3417 W VRI[NavigationBar_displayId_0]: handleResized abandoned!
07-02 14:58:08.551  2196  4022 D ActivityTaskManager: Skipping, invisible task: Task{d02445b #5 type=home I=com.android.launcher/.Launcher}
07-02 14:58:08.551  2196  4022 D RecentTasksExtImpl: isExcludeFromRecents scenario:0 task:Task{649530 #4506 type=standard A=10397:ru.a402d.rawbtprinter nonResizable} embedded:false res:true
07-02 14:58:08.551  2196  4022 D ActivityTaskManager: Skipping, invisible task by policy range: Task{649530 #4506 type=standard A=10397:ru.a402d.rawbtprinter nonResizable},position:2
07-02 14:58:08.552  2196  4022 D ActivityTaskManager: after skip size:3,pre-Filtered:com.zapprex.nazmart # com.coloros.assistantscreen # com.oppo.quicksearchbox # 
07-02 14:58:08.555  2196 10642 D DisplayManagerService: performTraversalInternal pendingTraversal
07-02 14:58:08.555  2196 10642 D DisplayDevice: setLayerStackLocked id=local:4627039422300187648 token=android.os.BinderProxy@cc9fef0 stack=0->0
07-02 14:58:08.558  2755  2755 W VRI[googlequicksearchbox]: handleResized abandoned!
07-02 14:58:08.561  2196  2361 D DisplayManagerService: performTraversalInternal pendingTraversal
07-02 14:58:08.561  2196  2361 D DisplayDevice: setLayerStackLocked id=local:4627039422300187648 token=android.os.BinderProxy@cc9fef0 stack=0->0
07-02 14:58:08.566  2196  2370 I UserAwareMgr: handleAppChangedToBg, pkgName: com.zapprex.nazmart, pid: 17842
07-02 14:58:08.566  2196  2370 I UserAwareMgr: handleAppChangedToBg, pkgName: com.zapprex.nazmart, pid: 17891
07-02 14:58:08.566  2196  2370 W UserAwareMgr: app not not found or not visible: null
07-02 14:58:08.566  2196  2370 W UserAwareMgr: handleAppChangedToBg process is empty
07-02 14:58:08.569  3646  3646 W VRI[Launcher]: handleResized abandoned!
07-02 14:58:08.570  2196  2360 D DisplayManagerService: MSG_REQUEST_TRAVERSAL pendingCompleted=false
07-02 14:58:08.572 21361 21361 W VRI[OplusOSEdgeFloatBar]: handleResized abandoned!
07-02 14:58:08.576  3417  3417 W VRI[StatusBar]: handleResized abandoned!
07-02 14:58:08.576  3417  3417 W VRI[NavigationBar_displayId_0]: handleResized abandoned!
07-02 14:58:08.586  2196  2360 D DisplayManagerService: Delivering display event: displayId=0, event=EVENT_DISPLAY_REFRESH_RATE_CHANGED
07-02 14:58:08.588  2196  2358 D WindowManager: DeferredDisplayUpdater: partially applying DisplayInfo(1080 x 2412) immediately
07-02 14:58:08.589  2196  2358 D OplusVFXScreenEffectFeature: notifySFCompatWindowStateChange entered false
07-02 14:58:08.589  2196  2358 D FSS_FoldScreenBlackCoverController: displayChangeToOn, dc:Display{#0 state=ON size=1080x2412 ROTATION_0}
07-02 14:58:08.612  2196  3231 I Quality : BitmapCompressInfo:540,1205,3,95,391354461
07-02 14:58:08.623  2196  2370 I UserAwareMgr: fg app status not changed, beforeVisible: true, currentVisible: true
07-02 14:58:08.633  2196  2370 I UserAwareMgr: fg app status not changed, beforeVisible: true, currentVisible: true
07-02 14:58:08.635   641 21334 I keystore2: system/security/keystore2/watchdog/src/lib.rs:377 - Watchdog thread idle -> terminating. Have a great day.
07-02 14:58:08.648  2196  5356 I WindowManager: WIN DEATH: Window{f651d6f u0 com.zapprex.nazmart/com.zapprex.nazmart.MainActivity}
07-02 14:58:08.648  2196  5356 D SnapshotCache: removeRunningEntry id: 4503, callers=com.android.server.wm.SnapshotCache.onAppDied:101 com.android.server.wm.AbsAppSnapshotController.onAppDied:769 com.android.server.wm.SnapshotController.onAppDied:102 
07-02 14:58:08.648  2196  5356 D QuickBackInputPolicy: hasMultiChildrenInTask: false
07-02 14:58:08.649  2196  5356 D WindowManager: NFW_findFocusedWindowIfNeeded:Window{ff93042 u0 com.android.launcher/com.android.launcher.Launcher} mCurrentFocus:Window{ff93042 u0 com.android.launcher/com.android.launcher.Launcher}
07-02 14:58:08.648  2196  3991 I ActivityManager: Death received, pid = 17842, processName = com.zapprex.nazmart for thread android.os.BinderProxy@43a1630
07-02 14:58:08.650  2196  3634 I ActivityManager: Process com.zapprex.nazmart (pid 17842) has died: prcp CRE 
07-02 14:58:08.660  2196  2370 I UserAwareMgr: process killed: {pkgName='com.zapprex.nazmart', serviceName='', procName=com.zapprex.nazmart, pid=17842, uid=10402, appId=0, owner='null', flags='bg', renderTid=17868, hwuiTids=[17944, 17945], glTids=null, threadInfos=null, mVideoActivityList=[], mStates=0}
07-02 14:58:08.660  2196  2370 I UserAwareMgr: handleProcessKilled, pkgName: com.zapprex.nazmart, pid: 17842
07-02 14:58:08.662  2196  2370 I UserAwareMgr: fg app status not changed, beforeVisible: true, currentVisible: true
07-02 14:58:08.666  2196  3634 D ActivityTaskManager: removeAppToken: ActivityRecord{204831088 u0 com.zapprex.nazmart/.MainActivity t4503 f}} delayed=true parent=Task{9b8456e #4503 type=standard A=10402:com.zapprex.nazmart} animating=true Callers=com.android.server.wm.DisplayContent.removeAppToken:1759 com.android.server.wm.ActivityRecord.removeFromHistory:4970 com.android.server.wm.ActivityRecord.handleAppDied:5329 com.android.server.wm.WindowProcessController.handleAppDied:1709 
07-02 14:58:08.667  2196  3634 D FlexibleWindowManagerService: [resetSiblingEmbeddedTasksToFullScreen] return as is home or recent
07-02 14:58:08.670  2196  2360 W ActivityManager: setHasOverlayUi called on unknown pid: 17842
07-02 14:58:08.672  2196  2566 D ActivityManager: freezing 20770 com.google.android.cellbroadcastreceiver
07-02 14:58:08.672  2196  2566 D ActivityManager: Freeze process 20770, not check file locks
07-02 14:58:08.672  2196  2566 D ActivityManager: reportOneUidFrozenStateChanged uid 10273 frozen = true
07-02 14:58:08.676  2196  3139 D BackgroundInstallControlService: Package event received: 0
07-02 14:58:08.684  2196  5356 I ActivityManager: Death received, pid = 17891, processName = com.google.android.webview:sandboxed_process0:org.chromium.content.app.SandboxedProcessService0:0 for thread android.os.BinderProxy@514e4
07-02 14:58:08.684  2196  3618 I ActivityManager: Process com.google.android.webview:sandboxed_process0:org.chromium.content.app.SandboxedProcessService0:0 (pid 17891) has died: fg  SVC 
07-02 14:58:08.686  2196  2388 D BatteryExternalStatsWorker: begin updateExternalStatsSync reason=remove-uid flag:1
07-02 14:58:08.717  2196  2536 D osense.compress: com.snapchat.android do shrink, target ratio = 39, final ratio = 70, cur ratio = 8
07-02 14:58:08.752  2196  2388 D BatteryExternalStatsWorker: end updateExternalStatsSync
07-02 14:58:08.757  2196  2370 W QosScheduler: getScenario failed! scenarios is null, mask=8192
07-02 14:58:08.757  2196  2370 W QosScheduler: executeSceneQosStrategy get scenario failed! scenario is null
07-02 14:58:08.950  2196  2370 I UserAwareMgr: fg app status not changed, beforeVisible: true, currentVisible: true
07-02 14:58:08.976  2196  2370 W QosScheduler: getScenario failed! scenarios is null, mask=4
07-02 14:58:08.976  2196  2370 W QosScheduler: executeSceneQosStrategy get scenario failed! scenario is null
07-02 14:58:08.997  2196  2370 I UserAwareMgr: fg app status not changed, beforeVisible: true, currentVisible: true
07-02 14:58:09.024  2196  2370 I UserAwareMgr: fg app status not changed, beforeVisible: true, currentVisible: true
07-02 14:58:09.043  3417  3474 V WindowManagerShell: Transition animation finished (aborted=false), notifying core (#1251) android.os.BinderProxy@9c3fc38@0
07-02 14:58:09.043  3417  3474 D SplitScreen-->AppLockManager: setStartFromSafeControl mStartFromSafeControl=false
07-02 14:58:09.047  2196  5356 D Transition: finishTransition ar ActivityRecord{91986376 u0 com.android.launcher/.Launcher t5}, isVisibleRequested=true, state=RESUMED, visibleAtTransitionEndTokens={ActivityRecord{91986376 u0 com.android.launcher/.Launcher t5}, WallpaperWindowToken{f20bbf5 showWhenLocked=false}}, this=TransitionRecord{7bca11d id=1251 track=0 type=CLOSE flags=0x10 state=2 c=[
07-02 14:58:09.047  2196  5356 D Transition:    ChangeInfo{dd59f92 container=Display{#0 state=ON size=1080x2412 ROTATION_0} flags=0x0}
07-02 14:58:09.047  2196  5356 D Transition:    ChangeInfo{77f9d63 container=ActivityRecord{91986376 u0 com.android.launcher/.Launcher t5} flags=0x0}
07-02 14:58:09.047  2196  5356 D Transition:    ChangeInfo{c6267e1 container=Task{6a29058 #1 type=home} flags=0x30}
07-02 14:58:09.047  2196  5356 D Transition:    ChangeInfo{a92f906 container=Task{9b8456e #4503 type=standard A=10402:com.zapprex.nazmart} flags=0x10}
07-02 14:58:09.047  2196  5356 D Transition:    ChangeInfo{dc5d60 container=ActivityRecord{204831088 u0 com.zapprex.nazmart/.MainActivity t4503 f} isExiting} flags=0x0}
07-02 14:58:09.047  2196  5356 D Transition:    ChangeInfo{a873219 container=Task{d02445b #5 type=home I=com.android.launcher/.Launcher} flags=0x30}
07-02 14:58:09.047  2196  5356 D Transition:    ChangeInfo{9180bc7 container=WallpaperWindowToken{f20bbf5 showWhenLocked=false} flags=0x0}
07-02 14:58:09.047  2196  5356 D Transition:    ChangeInfo{52a22de container=DefaultTaskDisplayArea@256541013 flags=0x0}
07-02 14:58:09.047  2196  5356 D Transition: ]
07-02 14:58:09.047  2196  5356 D Transition: }
07-02 14:58:09.047  2196  5356 D Transition: finishTransition ar ActivityRecord{204831088 u0 com.zapprex.nazmart/.MainActivity t4503 f} isExiting}, isVisibleRequested=false, state=DESTROYED, visibleAtTransitionEndTokens={ActivityRecord{91986376 u0 com.android.launcher/.Launcher t5}, WallpaperWindowToken{f20bbf5 showWhenLocked=false}}, this=TransitionRecord{7bca11d id=1251 track=0 type=CLOSE flags=0x10 state=2 c=[
07-02 14:58:09.047  2196  5356 D Transition:    ChangeInfo{dd59f92 container=Display{#0 state=ON size=1080x2412 ROTATION_0} flags=0x0}
07-02 14:58:09.047  2196  5356 D Transition:    ChangeInfo{77f9d63 container=ActivityRecord{91986376 u0 com.android.launcher/.Launcher t5} flags=0x0}
07-02 14:58:09.047  2196  5356 D Transition:    ChangeInfo{c6267e1 container=Task{6a29058 #1 type=home} flags=0x30}
07-02 14:58:09.047  2196  5356 D Transition:    ChangeInfo{a92f906 container=Task{9b8456e #4503 type=standard A=10402:com.zapprex.nazmart} flags=0x10}
07-02 14:58:09.047  2196  5356 D Transition:    ChangeInfo{dc5d60 container=ActivityRecord{204831088 u0 com.zapprex.nazmart/.MainActivity t4503 f} isExiting} flags=0x0}
07-02 14:58:09.047  2196  5356 D Transition:    ChangeInfo{a873219 container=Task{d02445b #5 type=home I=com.android.launcher/.Launcher} flags=0x30}
07-02 14:58:09.047  2196  5356 D Transition:    ChangeInfo{9180bc7 container=WallpaperWindowToken{f20bbf5 showWhenLocked=false} flags=0x0}
07-02 14:58:09.047  2196  5356 D Transition:    ChangeInfo{52a22de container=DefaultTaskDisplayArea@256541013 flags=0x0}
07-02 14:58:09.047  2196  5356 D Transition: ]
07-02 14:58:09.047  2196  5356 D Transition: }
07-02 14:58:09.047  2196  5356 D ActivityTaskManager: commitVisibility: ActivityRecord{204831088 u0 com.zapprex.nazmart/.MainActivity t4503 f} isExiting}: visible=false visibleRequested=false, isInTransition=false 
07-02 14:58:09.047  2196  5356 D WindowManager: NFW_setClientVisible:ActivityRecord{204831088 u0 com.zapprex.nazmart/.MainActivity t4503 f} isExiting} clientVisible:false
07-02 14:58:09.048  2196  5356 W ActivityManager: pid 2196 system sent binder code 7 with flags 1 to frozen apps and got error -32
07-02 14:58:09.048  2196  5356 W WindowManager: Exception thrown during dispatchAppVisibility Window{f651d6f u0 com.zapprex.nazmart/com.zapprex.nazmart.MainActivity EXITING}
07-02 14:58:09.048  2196  5356 W WindowManager: android.os.DeadObjectException
07-02 14:58:09.048  2196  5356 W WindowManager: 	at android.os.BinderProxy.transactNative(Native Method)
07-02 14:58:09.048  2196  5356 W WindowManager: 	at android.os.BinderProxy.transact(BinderProxy.java:685)
07-02 14:58:09.048  2196  5356 W WindowManager: 	at android.view.IWindow$Stub$Proxy.dispatchAppVisibility(IWindow.java:609)
07-02 14:58:09.048  2196  5356 W WindowManager: 	at com.android.server.wm.WindowState.sendAppVisibilityToClients(WindowState.java:3644)
07-02 14:58:09.048  2196  5356 W WindowManager: 	at com.android.server.wm.WindowContainer.sendAppVisibilityToClients(WindowContainer.java:1499)
07-02 14:58:09.048  2196  5356 W WindowManager: 	at com.android.server.wm.WindowToken.setClientVisible(WindowToken.java:427)
07-02 14:58:09.048  2196  5356 W WindowManager: 	at com.android.server.wm.ActivityRecord.setClientVisible(ActivityRecord.java:8317)
07-02 14:58:09.048  2196  5356 W WindowManager: 	at com.android.server.wm.ActivityRecord.commitVisibility(ActivityRecord.java:6830)
07-02 14:58:09.048  2196  5356 W WindowManager: 	at com.android.server.wm.Transition.finishTransition(Transition.java:1700)
07-02 14:58:09.048  2196  5356 W WindowManager: 	at com.android.server.wm.TransitionController.finishTransition(TransitionController.java:1171)
07-02 14:58:09.048  2196  5356 W WindowManager: 	at com.android.server.wm.WindowOrganizerController.finishTransition(WindowOrganizerController.java:595)
07-02 14:58:09.048  2196  5356 W WindowManager: 	at android.window.IWindowOrganizerController$Stub.onTransact(IWindowOrganizerController.java:376)
07-02 14:58:09.048  2196  5356 W WindowManager: 	at com.android.server.wm.WindowOrganizerController.onTransact(WindowOrganizerController.java:238)
07-02 14:58:09.048  2196  5356 W WindowManager: 	at android.os.Binder.execTransactInternal(Binder.java:1444)
07-02 14:58:09.048  2196  5356 W WindowManager: 	at android.os.Binder.execTransact(Binder.java:1378)
07-02 14:58:09.048  2196  5356 I WindowManager: Window{f651d6f u0 com.zapprex.nazmart/com.zapprex.nazmart.MainActivity EXITING} state from HAS_DRAWN to DRAW_PENDING; reason: resetDrawState
07-02 14:58:09.048  2196  5356 I OplusAppSwitchManagerService:  handleAppVisible , r = ActivityRecord{91986376 u0 com.android.launcher/.Launcher t5}
07-02 14:58:09.049  2196  5356 D QuickBackInputPolicy: hasMultiChildrenInTask: false
07-02 14:58:09.049  2196  5356 D WindowManager: NFW_findFocusedWindowIfNeeded:Window{ff93042 u0 com.android.launcher/com.android.launcher.Launcher} mCurrentFocus:Window{ff93042 u0 com.android.launcher/com.android.launcher.Launcher}
07-02 14:58:09.051  2196  5356 I TaskOrganizerController: onTaskInfoChanged taskid 4503 config { mBounds=Rect(0, 0 - 1080, 2412) mAppBounds=Rect(0, 0 - 1080, 2412) mMaxBounds=Rect(0, 0 - 1080, 2412) mDisplayRotation=ROTATION_0 mWindowingMode=fullscreen mActivityType=standard mAlwaysOnTop=undefined mRotation=ROTATION_0}
07-02 14:58:09.051  2196  5356 D OplusFlexibleDragToSplitAnimController: visibleFlexibleTaskInfos delete:4503
07-02 14:58:09.051  2196  5356 E FlexibleWindowManagerService: notifyTaskObserverToAttachController not need to notify!
07-02 14:58:09.051  2196  5356 I FlexibleWindowManagerService: onFlexibleWindowTaskInfoChanged, return for cur task not embedded
07-02 14:58:09.051  2196  4347 D Transition: finishTransaction-onCommitted syncId=1251
07-02 14:58:09.052  2196  5356 D ActivityTaskManager: removeAppToken: ActivityRecord{204831088 u0 com.zapprex.nazmart/.MainActivity t4503 f}} delayed=false parent=Task{9b8456e #4503 type=standard A=10402:com.zapprex.nazmart} animating=false Callers=com.android.server.wm.ActivityRecord.removeImmediately:5344 com.android.server.wm.WindowToken.removeIfPossible:267 com.android.server.wm.WindowToken.handleCompleteDeferredRemoval:273 com.android.server.wm.WindowContainer.handleCompleteDeferredRemoval:1646 
07-02 14:58:09.052  2196  5356 D QuickBackInputPolicy: hasMultiChildrenInTask: false
07-02 14:58:09.052  2196  5356 D WindowManager: NFW_findFocusedWindowIfNeeded:Window{ff93042 u0 com.android.launcher/com.android.launcher.Launcher} mCurrentFocus:Window{ff93042 u0 com.android.launcher/com.android.launcher.Launcher}
07-02 14:58:09.054  2196  5356 I WindowManager: Window{f651d6f u0 com.zapprex.nazmart/com.zapprex.nazmart.MainActivity EXITING} state from DRAW_PENDING to NO_SURFACE; reason: destroySurface
07-02 14:58:09.056  2196  2566 W ActivityManager: pid 12625 received async transactions while frozen
07-02 14:58:09.056  2196  2566 W ActivityManager: pid 19246 received async transactions while frozen
07-02 14:58:09.056  2196  2566 W ActivityManager: pid 20049 received async transactions while frozen
07-02 14:58:09.056  2196  2566 W ActivityManager: pid 20408 received async transactions while frozen
07-02 14:58:09.057  2196  5356 D OplusMirageWindowManagerService: onTaskRemoved displayid:0 taskId:4503 callers:com.android.server.wm.MirageWindowManagerExtImpl.onTaskRemoved:47 com.android.server.wm.TaskDisplayArea.removeChildTask:391 com.android.server.wm.TaskDisplayArea.removeChild:380 com.android.server.wm.WindowContainer.removeImmediately:1098 com.android.server.wm.TaskFragment.removeImmediately:3767 
07-02 14:58:09.057  2196  5356 I OplusScreenSecurityMask: onStackRemoved task = Task{9b8456e #4503 type=standard A=10402:com.zapprex.nazmart} record = null displayId = 0
07-02 14:58:09.057  2196  5356 D OplusTransitionController: finishTransition, transition: TransitionRecord{7bca11d id=1251 track=0 type=CLOSE flags=0x10 state=4 c=[
07-02 14:58:09.057  2196  5356 D OplusTransitionController:    ChangeInfo{dd59f92 container=Display{#0 state=ON size=1080x2412 ROTATION_0} flags=0x0}
07-02 14:58:09.057  2196  5356 D OplusTransitionController:    ChangeInfo{77f9d63 container=ActivityRecord{91986376 u0 com.android.launcher/.Launcher t5} flags=0x0}
07-02 14:58:09.057  2196  5356 D OplusTransitionController:    ChangeInfo{c6267e1 container=Task{6a29058 #1 type=home} flags=0x30}
07-02 14:58:09.057  2196  5356 D OplusTransitionController:    ChangeInfo{a92f906 container=Task{9b8456e #4503 type=standard A=10402:com.zapprex.nazmart} flags=0x10}
07-02 14:58:09.057  2196  5356 D OplusTransitionController:    ChangeInfo{dc5d60 container=ActivityRecord{204831088 u0 com.zapprex.nazmart/.MainActivity t-1 f}} flags=0x0}
07-02 14:58:09.057  2196  5356 D OplusTransitionController:    ChangeInfo{a873219 container=Task{d02445b #5 type=home I=com.android.launcher/.Launcher} flags=0x30}
07-02 14:58:09.057  2196  5356 D OplusTransitionController:    ChangeInfo{9180bc7 container=WallpaperWindowToken{f20bbf5 showWhenLocked=false} flags=0x0}
07-02 14:58:09.057  2196  5356 D OplusTransitionController:    ChangeInfo{52a22de container=DefaultTaskDisplayArea@256541013 flags=0x0}
07-02 14:58:09.057  2196  5356 D OplusTransitionController: ]
07-02 14:58:09.057  2196  5356 D OplusTransitionController: }
07-02 14:58:09.057  2196  5356 D FlexibleTaskTransitionController:  finishTransition pendingRecentToFlexibleTask:null,isRotationTransition:false ,pendingRecentToFlexible:null ,transition:TransitionRecord{7bca11d id=1251 track=0 type=CLOSE flags=0x10 state=4 c=[
07-02 14:58:09.057  2196  5356 D FlexibleTaskTransitionController:    ChangeInfo{dd59f92 container=Display{#0 state=ON size=1080x2412 ROTATION_0} flags=0x0}
07-02 14:58:09.057  2196  5356 D FlexibleTaskTransitionController:    ChangeInfo{77f9d63 container=ActivityRecord{91986376 u0 com.android.launcher/.Launcher t5} flags=0x0}
07-02 14:58:09.057  2196  5356 D FlexibleTaskTransitionController:    ChangeInfo{c6267e1 container=Task{6a29058 #1 type=home} flags=0x30}
07-02 14:58:09.057  2196  5356 D FlexibleTaskTransitionController:    ChangeInfo{a92f906 container=Task{9b8456e #4503 type=standard A=10402:com.zapprex.nazmart} flags=0x10}
07-02 14:58:09.057  2196  5356 D FlexibleTaskTransitionController:    ChangeInfo{dc5d60 container=ActivityRecord{204831088 u0 com.zapprex.nazmart/.MainActivity t-1 f}} flags=0x0}
07-02 14:58:09.057  2196  5356 D FlexibleTaskTransitionController:    ChangeInfo{a873219 container=Task{d02445b #5 type=home I=com.android.launcher/.Launcher} flags=0x30}
07-02 14:58:09.057  2196  5356 D FlexibleTaskTransitionController:    ChangeInfo{9180bc7 container=WallpaperWindowToken{f20bbf5 showWhenLocked=false} flags=0x0}
07-02 14:58:09.057  2196  5356 D FlexibleTaskTransitionController:    ChangeInfo{52a22de container=DefaultTaskDisplayArea@256541013 flags=0x0}
07-02 14:58:09.057  2196  5356 D FlexibleTaskTransitionController: ]
07-02 14:58:09.057  2196  5356 D FlexibleTaskTransitionController: }
07-02 14:58:09.058  2196  5356 D TransitionControllerExtImpl: NFW_send RECOMPUTE_FOCUS in finishTransition
07-02 14:58:09.058  2196  2370 W UserAwareMgr: event can not be released, id: 5005, count: 3, releasePid: 2196
07-02 14:58:09.059  3417  3474 D ShellTaskOrganizer: onTransitionFinish, isRecent:false
07-02 14:58:09.059  3417  3474 V WindowManagerShell: Track 0 became idle
07-02 14:58:09.059  3417  3474 V WindowManagerShell: All active transition animations finished
07-02 14:58:09.062  2196  2361 D OplusFlexibleWindowMinimizedManagerHelper: onTaskVanished taskInfo:4503 task:Task{9b8456e #4503 type=standard A=10402:com.zapprex.nazmart}
07-02 14:58:09.062  2196  2361 D OplusFlexibleDragToSplitAnimController: visibleFlexibleTaskInfos delete:4503
07-02 14:58:09.062  2196  2361 D FlexibleTaskController: no need releaseFlexibleCaptionView or destroyFlexibleDragLeash when non-caption-view-task vanished, task=Task{9b8456e #4503 type=standard A=10402:com.zapprex.nazmart}
07-02 14:58:09.062  2196  2361 D FlexibleWindowManagerService: notifyFlexibleTaskVanish taskId : 4503 is not taskEmbedded
07-02 14:58:09.062  2196  2361 D FlexibleWindowManagerService: onFlexibleWindowTaskVanished: task = 4503,size:1
07-02 14:58:09.062  3417  3474 D FlexibleSeekBarManager: removeAlpha for taskId=4503
07-02 14:58:09.064  2196  2361 D OplusFlexibleWindowMinimizedManagerHelper: onTaskVanished taskInfo:4503 task:Task{9b8456e #4503 type=standard A=10402:com.zapprex.nazmart}
07-02 14:58:09.064  2196  2361 D OplusFlexibleDragToSplitAnimController: visibleFlexibleTaskInfos delete:4503
