--------- beginning of system
07-02 14:58:04.809  2196  2536 D osense.compress: com.whatsapp do shrink, target ratio = 80, final ratio = 90, cur ratio = 71
07-02 14:58:04.833  2196  4375 D OplusProxyWakeLock: check proxy  [ 10315] owner wakelock failed, reason:WORKCHAIN
07-02 14:58:05.347  2196  2573 V AlarmManager: sending alarm Alarm{22b1174 type 1 origWhen 1782984485346 whenElapsed 300439182 android} uid 1000 whenElapsed 300439182 windowLength 0 maxWhenElapsed 300439182 repeatInterval 0 action null component null tag StorgaeBandInfoAlarmTag flags 0x9 procName system_server
07-02 14:58:05.737  2196  2566 D ActivityManager: freezing 20783 com.google.android.apps.wellbeing
07-02 14:58:05.739  2196  2566 D ActivityManager: Freeze process 20783, not check file locks
07-02 14:58:05.740  2196  2566 D ActivityManager: reportOneUidFrozenStateChanged uid 10103 frozen = true
07-02 14:58:05.753  2196  2536 D osense.compress: com.lemon.lvoverseas do shrink, target ratio = 71, final ratio = 90, cur ratio = 53
07-02 14:58:05.820  2196  2536 D osense.compress: com.flipkart.android do shrink, target ratio = 57, final ratio = 90, cur ratio = 25
07-02 14:58:06.416  2196 10642 I UsbPortManager: AIDL UsbDataStatus:1
07-02 14:58:06.416  2196 10642 I UsbPortManager: ClientCallback AIDL V1: port0
07-02 14:58:06.420  2196 10642 I UsbPortManager: AIDL UsbDataStatus:1
07-02 14:58:06.420  2196 10642 I UsbPortManager: ClientCallback AIDL V1: port0
07-02 14:58:06.422  2196  2357 I UsbPortManager: USB port changed: port=UsbPort{id=port0, supportedModes=dual, supportedContaminantProtectionModes=0, supportsEnableContaminantPresenceProtection=false, supportsEnableContaminantPresenceDetection=false, supportsComplianceWarnings=false, status=UsbPortStatus{connected=true, currentMode=dfp, currentPowerRole=source, currentDataRole=host, supportedRoleCombinations=[source:host, sink:device], contaminantDetectionStatus=0, contaminantProtectionStatus=0, usbDataStatus=enabled, isPowerTransferLimited=false, powerBrickConnectionStatus=unknown, complianceWarnings=[], plugState=0, displayPortAltModeInfo=null}, canChangeMode=true, canChangePowerRole=false, canChangeDataRole=false, connectedAtMillis=300440257, lastConnectDurationMillis=0
07-02 14:58:06.423  2196  2357 I OplusUsbDeviceFeature: notSupportAnalogHeadset isInitializing: false
07-02 14:58:06.423  2196  2357 D OplusUsbDeviceFeature: notSupportAnalogHeadset currentMode: dfp, mAnalogHeadset: false
07-02 14:58:06.423  2196 10642 I UsbPortManager: AIDL UsbDataStatus:1
07-02 14:58:06.424  2196 10642 I UsbPortManager: ClientCallback AIDL V1: port0
07-02 14:58:06.428  2196 10642 I UsbPortManager: AIDL UsbDataStatus:1
07-02 14:58:06.428  2196 10642 I UsbPortManager: ClientCallback AIDL V1: port0
07-02 14:58:06.432  2196  3418 D UsbHostManager: usbDeviceAdded(/dev/bus/usb/001/001) - start
07-02 14:58:06.432  2196  3418 D UsbHostManager: device class is deny listed
07-02 14:58:06.434  2196  2196 I UsbDeviceManager: updateHostState UsbPort{id=port0, supportedModes=dual, supportedContaminantProtectionModes=0, supportsEnableContaminantPresenceProtection=false, supportsEnableContaminantPresenceDetection=false, supportsComplianceWarnings=false status=UsbPortStatus{connected=true, currentMode=dfp, currentPowerRole=source, currentDataRole=host, supportedRoleCombinations=[source:host, sink:device], contaminantDetectionStatus=0, contaminantProtectionStatus=0, usbDataStatus=enabled, isPowerTransferLimited=false, powerBrickConnectionStatus=unknown, complianceWarnings=[], plugState=0, displayPortAltModeInfo=null}
07-02 14:58:06.437  2196  3502 I UsbPortManager: AIDL UsbDataStatus:1
07-02 14:58:06.437  2196  3502 I UsbPortManager: ClientCallback AIDL V1: port0
07-02 14:58:06.465  2196  3418 D UsbHostManager: usbDeviceAdded(/dev/bus/usb/002/001) - start
07-02 14:58:06.465  2196  3418 D UsbHostManager: device class is deny listed
07-02 14:58:06.621  2196  2403 D PowerManagerService: userActivityNoUpdateLocked: groupId=0, eventTime=112013138, event=touch, flags=0x0, uid=1000
07-02 14:58:06.622  2196  2403 D PowerManagerService: userActivityNoUpdateLocked: groupId=0, eventTime=112013138, event=touch, flags=0x0, uid=1000
07-02 14:58:06.624  2196  4346 I OplusJoystickManager: read game pad state for game manager -> false
07-02 14:58:06.624  2196  4346 W OplusJoystickManager: mInterceptGamepadKey is false
07-02 14:58:06.624  2196  4346 D OplusCustomizeRestrictionManagerService: isLongPressVolumeUpDisabled start
07-02 14:58:06.624  2196  4346 E OplusCustomizeRestrictionManagerService: isBackButtonDisabled start
07-02 14:58:06.624  2196  4346 D STKeyLog_StrategyBlackscreenshot: notifyKeyBeforeQueueing, downTime112013143, action=0, interactive=true
07-02 14:58:06.625  2196  4346 D ActivityTaskManager: NFW_setLastResumedActivityUncheckLocked:false r:ActivityRecord{204831088 u0 com.zapprex.nazmart/.MainActivity t4503} currentFocus:Window{f651d6f u0 com.zapprex.nazmart/com.zapprex.nazmart.MainActivity}
07-02 14:58:06.625  2196  4346 I VibratorManagerServiceExtImpl: vibrate is uid=1000, pid=2196, opPkg=android, effect=Mono{mEffect=Composed{segments=[Step{amplitude=0.0, frequencyHz=0.0, duration=0}, Step{amplitude=-1.0, frequencyHz=0.0, duration=65}], repeat=-1}}, attributes=VibrationAttributes{mUsage=TOUCH, mAudioUsage= USAGE_UNKNOWN, mFlags=0}, reason=performHapticFeedback(constant=1): Virtual Key - Press, token=24026891
07-02 14:58:06.626  2196  2594 D STKeyLog_StrategyPadKeyBoardShortcut: excuteShortCut, interactive = true
07-02 14:58:06.626  2196  2594 D OplusCustomizeRestrictionManagerService: isLongPressVolumeUpDisabled start
07-02 14:58:06.626  2196  2594 D QuickBackInputPolicy: hasMultiChildrenInTask: false
07-02 14:58:06.626  2196  2594 D QuickBackInputPolicy: isInMultiWindowMode and isInSplitScreen is: false isZoomMode is: false isMultiWindowModeInPocketStudio is: false isEmbeddedInLauncherActivity is: false
07-02 14:58:06.626  2196  2594 D QuickBackInputPolicy: hasMultiChildrenInTask: false
07-02 14:58:06.626  2196  2594 D QuickBackInputPolicy: shouldTriggerBackKeyEvent focusWin=Window{f651d6f u0 com.zapprex.nazmart/com.zapprex.nazmart.MainActivity}, topFullscreenOpaqueWindow=Window{f651d6f u0 com.zapprex.nazmart/com.zapprex.nazmart.MainActivity}, mLaunchEndTimePair=Pair{ActivityRecord{204831088 u0 com.zapprex.nazmart/.MainActivity t4503} 112007734}, processRunning=true, timeThreshold is: 0, lastRemoteFromAssistant = false
07-02 14:58:06.626  2196  2594 D QuickBackInputPolicy: canInterceptKeyEventToHome Window:Window{f651d6f u0 com.zapprex.nazmart/com.zapprex.nazmart.MainActivity}, do nothing!
07-02 14:58:06.626  2196  2594 D QuickBackInputPolicy: hasMultiChildrenInTask: false
07-02 14:58:06.627  2196  2403 D PowerManagerService: userActivityNoUpdateLocked: groupId=0, eventTime=112013143, event=button, flags=0x0, uid=1000
07-02 14:58:06.627  2196  2403 D PowerManagerService: userActivityNoUpdateLocked: groupId=0, eventTime=112013143, event=button, flags=0x0, uid=1000
07-02 14:58:06.631  2196  2370 I UserAwareMgr: fg app status not changed, beforeVisible: true, currentVisible: true
07-02 14:58:06.659  2196  4346 I OplusJoystickManager: read game pad state for game manager -> false
07-02 14:58:06.659  2196  4346 W OplusJoystickManager: mInterceptGamepadKey is false
07-02 14:58:06.659  2196  4346 D OplusCustomizeRestrictionManagerService: isLongPressVolumeUpDisabled start
07-02 14:58:06.660  2196  4346 D STKeyLog_StrategyBlackscreenshot: notifyKeyBeforeQueueing, downTime112013143, action=1, interactive=true
07-02 14:58:06.660  2196  2594 D STKeyLog_StrategyPadKeyBoardShortcut: excuteShortCut, interactive = true
07-02 14:58:06.660  2196  2594 D OplusCustomizeRestrictionManagerService: isLongPressVolumeUpDisabled start
07-02 14:58:06.660  2196  2594 D QuickBackInputPolicy: hasMultiChildrenInTask: false
07-02 14:58:06.661  2196  2594 D QuickBackInputPolicy: hasMultiChildrenInTask: false
07-02 14:58:06.663  2196  2370 I UserAwareMgr: fg app status not changed, beforeVisible: true, currentVisible: true
07-02 14:58:06.671  2196  3502 D CoreBackPreview: Window{f651d6f u0 com.zapprex.nazmart/com.zapprex.nazmart.MainActivity}: Setting back callback OnBackInvokedCallbackInfo{mCallback=android.window.IOnBackInvokedCallback$Stub$Proxy@8d85c55, mPriority=0, mIsAnimationCallback=false, mOverrideBehavior=0}
07-02 14:58:06.670 17842 17842 D InsetsController: Setting requestedVisibleTypes to -9 (was -1)
07-02 14:58:06.676  2196  3502 D WindowManager: setFrameRateStart invalid typeId return!
07-02 14:58:06.678  2196  3502 I TaskOrganizerController: onTaskInfoChanged taskid 4503 config { mBounds=Rect(0, 0 - 1080, 2412) mAppBounds=Rect(0, 0 - 1080, 2412) mMaxBounds=Rect(0, 0 - 1080, 2412) mDisplayRotation=ROTATION_0 mWindowingMode=fullscreen mActivityType=standard mAlwaysOnTop=undefined mRotation=ROTATION_0}
07-02 14:58:06.679  2196  3502 D OplusFlexibleDragToSplitAnimController: visibleFlexibleTaskInfos delete:4503
07-02 14:58:06.679  2196  3502 E FlexibleWindowManagerService: notifyTaskObserverToAttachController not need to notify!
07-02 14:58:06.679  2196  3502 I FlexibleWindowManagerService: onFlexibleWindowTaskInfoChanged, return for cur task not embedded
07-02 14:58:06.682  3417  3474 D WindowManagerShell: onKeepClearAreasChanged: restricted={}, unrestricted={}
07-02 14:58:06.682 21361 21361 W VRI[OplusOSEdgeFloatBar]: handleResized abandoned!
07-02 14:58:06.683  3417  3417 W VRI[StatusBar]: handleResized abandoned!
07-02 14:58:06.683  3417  3417 W VRI[NavigationBar_displayId_0]: handleResized abandoned!
07-02 14:58:06.691 17842 17842 W VRI[MainActivity]: handleResized abandoned!
07-02 14:58:06.723  2196  2360 V WindowStateExtImpl: notifyWindowStateChange input show
07-02 14:58:06.893  2196  2370 I UserAwareMgr: fg app status not changed, beforeVisible: true, currentVisible: true
07-02 14:58:06.895  2196  2370 W QosScheduler: getScenario failed! scenarios is null, mask=2048
07-02 14:58:06.895  2196  2370 W QosScheduler: executeSceneQosStrategy get scenario failed! scenario is null
07-02 14:58:06.936  2196  3502 V WindowManager: Relayout Window{f4bd330 u0 InputMethod}: viewVisibility=0, oldvis=0, req=1080x2305 , apr = 0, vsysui=, x=0, y=0
07-02 14:58:06.939  2196  3502 D WindowManager: NFW_findFocusedWindowIfNeeded:Window{f651d6f u0 com.zapprex.nazmart/com.zapprex.nazmart.MainActivity} mCurrentFocus:Window{f651d6f u0 com.zapprex.nazmart/com.zapprex.nazmart.MainActivity}
07-02 14:58:06.941 13297 13297 W VRI[InputMethod]: updateBlastSurfaceIfNeeded, surfaceSize:Point(1080, 2305), lastSurfaceSize:Point(1080, 2305), format:-2, blastBufferQueue:android.graphics.BLASTBufferQueue@6b835a5
07-02 14:58:06.971  2196  3502 V WindowManager: Relayout Window{f4bd330 u0 InputMethod}: viewVisibility=8, oldvis=0, req=1080x2305 , apr = 0, vsysui=
07-02 14:58:06.971  2196  3502 D WindowManager: ImWindow setViewVisibility 8
07-02 14:58:06.972  2196  3502 I WindowManager: Window{f4bd330 u0 InputMethod} state from HAS_DRAWN to NO_SURFACE; reason: destroySurface
07-02 14:58:06.972  2196  2370 W SmartWindowScene: updateWindowState fail! invalid window type: -1
07-02 14:58:06.972  2196  2370 I UserAwareMgr: handleFgAppChanged, pkgName: com.google.android.inputmethod.latin, pid: 13297, isVisible: false, fgAppType: FG2
07-02 14:58:06.972  2196  2370 I UserAwareMgr: fg app status not changed, beforeVisible: true, currentVisible: true
07-02 14:58:06.977  2196  3502 D WindowManager: setFrameRateStart invalid typeId return!
07-02 14:58:06.981 21361 21361 W VRI[OplusOSEdgeFloatBar]: handleResized abandoned!
07-02 14:58:06.981  3417  3417 W VRI[StatusBar]: handleResized abandoned!
07-02 14:58:06.981  3417  3417 W VRI[NavigationBar_displayId_0]: handleResized abandoned!
07-02 14:58:06.981  2196  3502 D WindowManager: NFW_findFocusedWindowIfNeeded:Window{f651d6f u0 com.zapprex.nazmart/com.zapprex.nazmart.MainActivity} mCurrentFocus:Window{f651d6f u0 com.zapprex.nazmart/com.zapprex.nazmart.MainActivity}
07-02 14:58:06.981 17842 17842 W VRI[MainActivity]: handleResized abandoned!
07-02 14:58:06.992 21361 21361 W VRI[OplusOSEdgeFloatBar]: handleResized abandoned!
07-02 14:58:06.992  3417  3417 W VRI[StatusBar]: handleResized abandoned!
07-02 14:58:06.992  3417  3417 W VRI[NavigationBar_displayId_0]: handleResized abandoned!
07-02 14:58:06.993 17842 17842 W VRI[MainActivity]: handleResized abandoned!
07-02 14:58:07.134  2196  3418 D UsbHostManager: usbDeviceAdded(/dev/bus/usb/001/002) - start
07-02 14:58:07.134  2196  3418 D UsbHostManager: device class is deny listed
07-02 14:58:07.328  2196  2403 D PowerManagerService: userActivityNoUpdateLocked: groupId=0, eventTime=112013846, event=touch, flags=0x0, uid=1000
07-02 14:58:07.329  2196  2403 D PowerManagerService: userActivityNoUpdateLocked: groupId=0, eventTime=112013846, event=touch, flags=0x0, uid=1000
07-02 14:58:07.344  2196  2370 W QosScheduler: getScenario failed! scenarios is null, mask=4
07-02 14:58:07.344  2196  2370 W QosScheduler: executeSceneQosStrategy get scenario failed! scenario is null
07-02 14:58:07.353  2196  2573 V AlarmManager: sending alarm Alarm{32da3b1 type 1 origWhen 1782984487352 whenElapsed 300441188 android} uid 1000 whenElapsed 300441188 windowLength 0 maxWhenElapsed 300441188 repeatInterval 0 action null component null tag StorgaeBandInfoAlarmTag flags 0x9 procName system_server
07-02 14:58:07.403  2196  3502 D OplusProxyWakeLock: acquireProxyWakeLock failed, prevent uid: 10109 tag:GOOGL...   WorkSource{10309 com.snapchat.android} result: TAG_ILLEGAL
07-02 14:58:07.430  2196  2370 I UserAwareMgr: fg app status not changed, beforeVisible: true, currentVisible: true
07-02 14:58:07.439  2196  2357 D UsbDeviceManager: broadcasting Intent { act=android.hardware.usb.action.USB_STATE flg=0x31100000 (has extras) } extras: Bundle[{host_connected=true, connected=false, unlocked=false, adb=true, configured=false}]
07-02 14:58:07.442  2196  2553 E JobScheduler.Background: Couldn't determine stopped state for unknown package: com.oplus.onet
07-02 14:58:07.447  2196  2196 D MBrainLocalService: isVendorFreezeConditionPass is false
07-02 14:58:07.447  2196  2196 D UsbIntentReceiver: notifyChange failed
07-02 14:58:07.456 17842 17868 I QualityInfo: anim_jank|cost:4822622|action:8|scene:1002
07-02 14:58:07.456  2196  2384 D ActivityManager: sync unfroze 16886 android.process.media for 3
07-02 14:58:07.456  2196  2566 D ActivityManager: reportOneUidFrozenStateChanged uid 10062 frozen = false
07-02 14:58:07.457  2196  2384 D ActivityManager: Async freezing 16886 android.process.media
07-02 14:58:07.457  2196  2384 D ActivityManager: Cancel freezing 16886 android.process.media
07-02 14:58:07.457  2196  2384 D ActivityManager: Async freezing 16886 android.process.media
07-02 14:58:07.459  2196  2384 D ActivityManager: Cancel freezing 16886 android.process.media
07-02 14:58:07.461  2196  2370 I UserAwareMgr: fg app status not changed, beforeVisible: true, currentVisible: true
07-02 14:58:07.474  2196  2377 I ActivityManager: Start proc 21538:com.android.DeviceAsWebcam/1000 for broadcast {com.android.DeviceAsWebcam/com.android.deviceaswebcam.DeviceAsWebcamReceiverImpl}
07-02 14:58:07.474  2196  2358 I ActivityManager: ProcessObserver broadcast disabled
07-02 14:58:07.475  2196  2536 I MemoryOperationUtils: add 21538 to inactive
07-02 14:58:07.475  2196  3502 D ActivityManager: Async freezing 16886 android.process.media
07-02 14:58:07.512  2196  3502 D ActivityTaskManagerServiceExtImpl: preBindApplication record is null
07-02 14:58:07.530 21538 21538 V Configuration: Updating configuration, locales updated from [] to [en_GB]
07-02 14:58:07.536 21538 21538 E OplusCustomizePackageManager: mIOplusCustomizePackageManagerService is null
07-02 14:58:07.536 21538 21538 E OplusCustomizePackageManager: mIOplusCustomizePackageManagerService is null
07-02 14:58:07.536 21538 21538 E OplusCustomizePackageManager: isOplusCertificatePackage Errorjava.lang.NullPointerException: Attempt to invoke interface method 'boolean android.os.customize.IOplusCustomizePackageManagerService.isOplusCertificatePackage(java.lang.String)' on a null object reference
07-02 14:58:07.555  2196  3418 D UsbHostManager: usbDeviceAdded(/dev/bus/usb/001/003) - start
07-02 14:58:07.556  2196  3418 D UsbHostManager: USB device attached: vidpid 0483:5743 mfg/product/ver/serial Printer  /printer-80/1.00/012345678AB hasAudio/HID/Storage: false/false/false
07-02 14:58:07.558  2196  3418 D UsbHostManager: Added device UsbDevice[mName=/dev/bus/usb/001/003,mVendorId=1155,mProductId=22339,mClass=0,mSubclass=0,mProtocol=0,mManufacturerName=Printer  ,mProductName=printer-80,mVersion=1.00,mSerialNumberReader=com.android.server.usb.UsbSerialReader@bb40b8, mHasAudioPlayback=false, mHasAudioCapture=false, mHasMidi=false, mHasVideoCapture=false, mHasVideoPlayback=false, mConfigurations=[
07-02 14:58:07.558  2196  3418 D UsbHostManager: UsbConfiguration[mId=1,mName=null,mAttributes=192,mMaxPower=50,mInterfaces=[
07-02 14:58:07.558  2196  3418 D UsbHostManager: UsbInterface[mId=0,mAlternateSetting=0,mName=null,mClass=7,mSubclass=1,mProtocol=2,mEndpoints=[
07-02 14:58:07.558  2196  3418 D UsbHostManager: UsbEndpoint[mAddress=1,mAttributes=2,mMaxPacketSize=64,mInterval=0]
07-02 14:58:07.558  2196  3418 D UsbHostManager: UsbEndpoint[mAddress=129,mAttributes=2,mMaxPacketSize=64,mInterval=0]]]]
07-02 14:58:07.564  2196  2196 D OplusUsbDeviceFeature: USB interface status msubclass=7
07-02 14:58:07.564  2196  2196 D OplusUsbDeviceFeature: Attached: HID,Printer
07-02 14:58:07.567  2196  3418 D UsbProfileGroupSettingsManager: starting of usb overlay activities
07-02 14:58:07.567  2196  2384 D ActivityManager: Cancel freezing 16886 android.process.media
07-02 14:58:07.567  2196  2384 D ActivityManager: Async freezing 16886 android.process.media
07-02 14:58:07.567  2196  2384 D ActivityManager: Cancel freezing 16886 android.process.media
07-02 14:58:07.568  2196  2384 D ActivityManager: Async freezing 16886 android.process.media
07-02 14:58:07.569  2196  2384 D ActivityManager: Cancel freezing 16886 android.process.media
07-02 14:58:07.578  2196  4347 D ActivityManager: Async freezing 16886 android.process.media
07-02 14:58:07.581  2196 10657 I ActivityManager: Flag disabled. Ignoring finishAttachApplication from uid: 1000. pid: 21538
07-02 14:58:07.601  2196 10657 D ActivityManager: Async freezing 21538 com.android.DeviceAsWebcam
07-02 14:58:07.674  2196  3418 W ActivityTaskManager: callingPackage for (uid=1000, pid=2196) is ambiguous: [android, com.oplus.appplatform, com.android.providers.settings, com.android.server.telecom, com.oplus.athena, com.android.location.fused, com.mediatek.location.lppe.main]
07-02 14:58:07.675  2196  3418 D WindowManager: NFW_setClientVisible:ActivityRecord{231713709 u0 ru.a402d.rawbtprinter/.activity.UsbKnownActivity clientVisible:true
07-02 14:58:07.677  2196  3418 D FlexibleTaskController: isSupportFlexibleWindow target = ru.a402d.rawbtprinter/.activity.UsbKnownActivity callPkg = FlexibleTaskController support = true ,caller = 2196
07-02 14:58:07.677  2196  3418 D ActivityStarterExtImpl: do not intercept for realCallingAppIsSystemApp or CallingAppIsSystemApp
07-02 14:58:07.678  2196  3418 D FlexibleWindowManagerService: isIgnoreAppearedAcrossTask:false
07-02 14:58:07.679  2196  3418 D FlexibleWindowManagerService: isIgnoreAppearedAcrossTask:false
07-02 14:58:07.679  2196  4346 D NotificationService--OplusNotificationFixHelper: fixAppIcon: pkg=com.snapchat.android
07-02 14:58:07.679  2196  4346 D NotificationService--OplusNotificationFixHelper: fixAppIcon: appIcon = null, pkg = com.snapchat.android
07-02 14:58:07.679  2196  3418 D FlexibleTaskController: findSourceTaskForFreeForm: sourceRecord = null ,realCallingPid:2196 ,launchFromZoomMode:false ,prevTopTask:Task{9b8456e #4503 type=standard A=10402:com.zapprex.nazmart}
07-02 14:58:07.679  2196  3418 D FlexibleTaskController: findSourceTaskForFreeForm: the caller is not a flexible freeform window application and does not have a zoom windowMode startup parameter
07-02 14:58:07.679  2196  3418 D FlexibleTaskController: adjustOptionsForFlexibleTask not allow options follow process task's options, reason:8 ,reusedOptions:null
07-02 14:58:07.679  2196  3418 D FlexibleTaskController: isSupportFlexibleWindow target = ru.a402d.rawbtprinter/.activity.UsbKnownActivity callPkg = FlexibleTaskController support = true ,caller = 2196
07-02 14:58:07.679  2196  3418 D FlexibleWindowManagerService: no reused task found for ActivityRecord{231713709 u0 ru.a402d.rawbtprinter/.activity.UsbKnownActivity t-1}
07-02 14:58:07.680  2196  3418 D CompactServiceDelegate: updateDecorsManagerIfNeed return because not attachToProcess task:Task{649530 #4506 type=standard}
07-02 14:58:07.681  2196  3418 D CompactServiceDelegate: updateDecorsManagerIfNeed return because not attachToProcess task:Task{649530 #4506 type=standard}
07-02 14:58:07.682  2196  4346 I OplusStatusBarManagerServiceEnhance:  getTopIsFullscreen mTopIsFullscreen: false
07-02 14:58:07.682  2196  4346 W ActivityManager: Permission Denial: getTopApplicationInfo from pid=17983, uid=10309 requires oplus.permission.OPLUS_COMPONENT_SAFE
07-02 14:58:07.683  2196  3418 D TaskExtImpl: setScenario --> 0 for #4506
07-02 14:58:07.689  2196  3418 D SecondaryPageStartupPolicy: checkSecondaryPageStartupStatus not support sourcePackage=android
07-02 14:58:07.690  2196  3418 D OplusStartingWindowManager: we don't revise window flags for third app
07-02 14:58:07.690  2196  3418 D ActivityTaskManager: validateStartingWindowTheme:  Pkg=ru.a402d.rawbtprinter, Translucent=false, Floating=true, ShowWallpaper=false, Disable=false, LaunchSource=1, Prev=null, LaunchedFromPackage=android
07-02 14:58:07.690  2196  3418 D ActivityTaskManager: addStartingWindow for ActivityRecord{231713709 u0 ru.a402d.rawbtprinter/.activity.UsbKnownActivity t4506}, mainWin=null, state=INITIALIZING, isKeyguardLocked=false, isKeyguardGoingAway=false
07-02 14:58:07.690  2196  3418 D ActivityTaskManager: getStartingWindowType: , newTask=true, taskSwitch=true, processRunning=false, allowTaskSnapshot=true, activityCreated=false, activityAllDrawn=false, snapshot exist: false
07-02 14:58:07.690  2196  3418 D ActivityRecordExtImpl: handleStartingWindowForCompactWindow origin type:2, adjustType : 2
07-02 14:58:07.690  2196  3418 D ActivityTaskManager: skip addStartingWindow due to resolvedTheme: 0, theme: 2131952157
07-02 14:58:07.694  2196  3418 D TaskFragmentExtImpl: shouldSetReadyFalse and resumedActivity: ActivityRecord{231713709 u0 ru.a402d.rawbtprinter/.activity.UsbKnownActivity t4506} prev: ActivityRecord{204831088 u0 com.zapprex.nazmart/.MainActivity t4503} resumedLaunchFromLauncher: false prevLaunchFromApp: false transitionType: 1
07-02 14:58:07.695  2196  3418 D ActivityTaskManager: notifyTaskAdded, task: Task{649530 #4506 type=standard A=10397:ru.a402d.rawbtprinter nonResizable} trace:com.android.server.wm.RecentTasks.add:1392 com.android.server.wm.ActivityStarter.startActivityInner:3031 com.android.server.wm.ActivityStarter.startActivityUnchecked:2166 com.android.server.wm.ActivityStarter.executeRequest:1916 com.android.server.wm.ActivityStarter.execute:1004 
07-02 14:58:07.697  2196  3418 D osense.compress: notifyActivityLaunched pkgName = ru.a402d.rawbtprinter, userId = 0
07-02 14:58:07.697  2196  3418 I ActivityTaskManager: START u0 {act=android.hardware.usb.action.USB_DEVICE_ATTACHED flg=0x11000000 xflg=0x4 cmp=ru.a402d.rawbtprinter/.activity.UsbKnownActivity (has extras) mCallingUid=1000} with LAUNCH_MULTIPLE from uid 1000 (BAL_ALLOW_ALLOWLISTED_UID (Important callingUid)) result code=0
07-02 14:58:07.697  3417  3474 V WindowManagerShell: Transition requested (#1249): android.os.BinderProxy@bdc59e5 TransitionRequestInfo { type = OPEN, triggerTask = TaskInfo{userId=0 taskId=4506 effectiveUid=10397 displayId=0 isRunning=true baseIntent=Intent { act=android.hardware.usb.action.USB_DEVICE_ATTACHED flg=0x11800000 cmp=ru.a402d.rawbtprinter/.activity.UsbKnownActivity mCallingUid=1000 } baseActivity=ComponentInfo{ru.a402d.rawbtprinter/ru.a402d.rawbtprinter.activity.UsbKnownActivity} topActivity=ComponentInfo{ru.a402d.rawbtprinter/ru.a402d.rawbtprinter.activity.UsbKnownActivity} origActivity=null realActivity=ComponentInfo{ru.a402d.rawbtprinter/ru.a402d.rawbtprinter.activity.UsbKnownActivity}
07-02 14:58:07.697  3417  3474 V WindowManagerShell:  numActivities=1 lastActiveTime=300441531 supportsSplitScreenMultiWindow=false supportsMultiWindow=false supportsPocketStudioMultiWindow=true isInFlexibleEmbedded = false uid = 10397 pid = 0 resizeMode=0 isResizeable=false minWidth=-1 minHeight=-1 defaultMinSize=220 token=WCT{android.window.IWindowContainerToken$Stub$Proxy@c543cba} topActivityType=1 pictureInPictureParams=null shouldDockBigOverlays=false launchIntoPipHostTaskId=-1 lastParentTaskIdBeforePip=-1 displayCutoutSafeInsets=Rect(0, 107 - 0, 0)
07-02 14:58:07.697  3417  3474 V WindowManagerShell:  topActivityInfo=ActivityInfo{c3ab76b ru.a402d.rawbtprinter.activity.UsbKnownActivity} launchCookies=[] positionInParent=Point(0, 0) parentTaskId=-1 isFocused=false isVisible=false isVisibleRequested=false isTopActivityNoDisplay=false isSleeping=false locusId=null displayAreaFeatureId=1 isTopActivityTransparent=true isActivityStackTransparent=true lastNonFullscreenBounds=Rect(272, 653 - 808, 1733) capturedLink=null capturedLinkTimestamp=0 requestedVisibleTypes=-9 topActivityRequestOpenInBrowserEducationTimestamp=0
07-02 14:58:07.697  3417  3474 V WindowManagerShell:  appCompatTaskInfo=AppCompatTaskInfo { topActivityInSizeCompat=false topActivityInOplusCompatMode=false eligibleForLetterboxEducation= false isLetterboxEducationEnabled= false isLetterboxDoubleTapEnabled= false eligibleForUserAspectRatioButton= false topActivityBoundsLetterboxed= false isFromLetterboxDoubleTap= false topActivityLetterboxVerticalPosition= -1 topActivityLetterboxHorizontalPosition= -1 topActivityLetterboxWidth=-1 topActivityLetterboxHeight=-1 topActivityAppBounds=Rect(0, 0 - 1080, 2412) isUserFullscreenOverrideEnabled=false isSystemFullscreenOverrideEnabled=false hasMinAspectRatioOverride=false topActivityLetterboxBounds=null cameraCompatTaskInfo=CameraCompatTaskInfo { freeformCameraCompatMode=inactive}} topActivityMainWindowFrame=null topActivityLetterboxInsets=Rect(0, 0 - 0, 0)
07-02 14:58:07.697  3417  3474 V WindowManagerShell:  mOplusExtraBundle = Bundle[mParcelledData.dataSize=1472]}, pipChange = null, remoteTransition = null, displayChange = null, flags = 0, debugId = 1249 }
07-02 14:58:07.699  3417  3474 D ShellSplitScreen: logExit: no-op, mLoggerSessionId is null
07-02 14:58:07.700  3908 16458 I iopgp   : Iopgp: TRANSACTION_IOPGP_PRELOAD Sequence_id = 70 pkg_name = ru.a402d.rawbtprinter uid = 10397 size = 1 isProfile = 1
07-02 14:58:07.703  2196  3826 D NativeFreezeManager: freezeForAppSwitchScene mAppLaunchFzDxEnable enter, mFgAppPkgname ru.a402d.rawbtprinter
07-02 14:58:07.703  2196  3174 D JobSchedulerServiceExtImpl: updateOsenseRestrictMode for 1 true false
07-02 14:58:07.704  2196  4346 D ActivityTaskManager: setAppVisibility(Token{420e2cf ActivityRecord{231713709 u0 ru.a402d.rawbtprinter/.activity.UsbKnownActivity t4506}}, visible=true):  visible=false mVisibleRequested=false
07-02 14:58:07.705  2196  4346 D ActivityTaskManager: setVisibility(Token{420e2cf ActivityRecord{231713709 u0 ru.a402d.rawbtprinter/.activity.UsbKnownActivity t4506}}, visible=true) defer commitVisibility for transition collecting
07-02 14:58:07.706  2196  2360 D BatteryStatsImplExtImpl: pausedBatteryLevel:100 activityFocusedTimeInMin:0
07-02 14:58:07.710  2196  3139 D BackgroundInstallControlService: Package event received: 0
07-02 14:58:07.719  2196  3418 D UsbHostManager: beginUsbDeviceAdded(/dev/bus/usb/001/003) end
07-02 14:58:07.719  2196  2357 I UsbDeviceManager: HOST_STATE connected:true
07-02 14:58:07.719  2196  2196 W LoadedApk: System took : 155ms in onReceive of class com.android.server.usb.UsbDeviceManager$3 for action : android.hardware.usb.action.USB_DEVICE_ATTACHED
07-02 14:58:07.719  2196  2357 I UsbDeviceManager: /dev/bus/usb/001/003 = UsbDevice[mName=/dev/bus/usb/001/003,mVendorId=1155,mProductId=22339,mClass=0,mSubclass=0,mProtocol=0,mManufacturerName=Printer  ,mProductName=printer-80,mVersion=1.00,mSerialNumberReader=com.android.server.usb.UsbSerialReader@bb40b8, mHasAudioPlayback=false, mHasAudioCapture=false, mHasMidi=false, mHasVideoCapture=false, mHasVideoPlayback=false, mConfigurations=[
07-02 14:58:07.719  2196  2357 I UsbDeviceManager: UsbConfiguration[mId=1,mName=null,mAttributes=192,mMaxPower=50,mInterfaces=[
07-02 14:58:07.719  2196  2357 I UsbDeviceManager: UsbInterface[mId=0,mAlternateSetting=0,mName=null,mClass=7,mSubclass=1,mProtocol=2,mEndpoints=[
07-02 14:58:07.719  2196  2357 I UsbDeviceManager: UsbEndpoint[mAddress=1,mAttributes=2,mMaxPacketSize=64,mInterval=0]
07-02 14:58:07.719  2196  2357 I UsbDeviceManager: UsbEndpoint[mAddress=129,mAttributes=2,mMaxPacketSize=64,mInterval=0]]]]
07-02 14:58:07.719  2196  2196 W Looper  : Slow dispatch took 155ms main app=system_server main=true group=SKIP h=android.app.ActivityThread$H c=android.app.LoadedApk$ReceiverDispatcher$Args$$ExternalSyntheticLambda0@a5273ea m=0
07-02 14:58:07.725  2196  2370 W QosScheduler: getScenario failed! scenarios is null, mask=2
07-02 14:58:07.725  2196  2370 W QosScheduler: executeSceneQosStrategy get scenario failed! scenario is null
07-02 14:58:07.725  2196  2377 I ActivityManager: Start proc 21565:ru.a402d.rawbtprinter/u0a397 for next-top-activity {ru.a402d.rawbtprinter/ru.a402d.rawbtprinter.activity.UsbKnownActivity}
07-02 14:58:07.725  2196  2358 I ActivityManager: ProcessObserver broadcast disabled
07-02 14:58:07.726  2196  2536 I MemoryOperationUtils: add 21565 to ru.a402d.rawbtprinter
07-02 14:58:07.734  2196  2196 D NotificationService--OplusNotificationManagerServiceExtImpl: isForwardToAssistants: true, case : Is local notification
07-02 14:58:07.734  2196  2196 D NotificationService: This application enqueue notifications is need postDelayed mcsAssistantDelayTime: 200
07-02 14:58:07.734  2196  2196 D MBrainLocalService: isVendorFreezeConditionPass is false
07-02 14:58:07.734  2196  2196 E MBrainLocalService: notifyAppSwitch failed
07-02 14:58:07.752  2196  3502 D FlexibleTaskController: isFullToFlexibleAnimating: false
07-02 14:58:07.752  2196  3502 D WindowManager: rotation(ROTATION_0) no changed  displayId = 0, lastOrientation = -1
07-02 14:58:07.753  2196  3502 D ActivityTaskManager: setAppVisibility(Token{420e2cf ActivityRecord{231713709 u0 ru.a402d.rawbtprinter/.activity.UsbKnownActivity t4506}}, visible=true):  visible=false mVisibleRequested=true
07-02 14:58:07.753  2196  3502 D ActivityTaskManager: setVisibility(Token{420e2cf ActivityRecord{231713709 u0 ru.a402d.rawbtprinter/.activity.UsbKnownActivity t4506}}, visible=true) defer commitVisibility for transition collecting
07-02 14:58:07.753  2196  3502 E OplusDexOptimizeManager: pkgSetting or primaryCpuAbi is null for package: ru.a402d.rawbtprinter
07-02 14:58:07.754  2196  2196 W NotificationHistory: Attempted to add notif for locked/gone/disabled user 0
07-02 14:58:07.756  2196  3502 D ActivityTaskManager: onWindowFocusChanged Task{649530 #4506 type=standard A=10397:ru.a402d.rawbtprinter nonResizable} would transfer to compact
07-02 14:58:07.756  2196  2370 I UserAwareMgr: handleTopAppChanged: ru.a402d.rawbtprinter, pid: 21565, uid: 10397
07-02 14:58:07.756  2196  3502 D ActivityTaskManager: NFW_setLastResumedActivityUncheckLocked:true r:ActivityRecord{231713709 u0 ru.a402d.rawbtprinter/.activity.UsbKnownActivity t4506} currentFocus:Window{f651d6f u0 com.zapprex.nazmart/com.zapprex.nazmart.MainActivity}
07-02 14:58:07.756  2196  3502 D WindowManager: NFW_findFocusedWindowIfNeeded:null mCurrentFocus:Window{f651d6f u0 com.zapprex.nazmart/com.zapprex.nazmart.MainActivity}
07-02 14:58:07.757  2196  2370 W QosSceneRecognizer[NotificationScene]: get pid failed while enterNotificationScene, processInfos is null! uid: -1
07-02 14:58:07.757  2196  3502 V WindowManager: Changing focus from Window{f651d6f u0 com.zapprex.nazmart/com.zapprex.nazmart.MainActivity} to null,diplayid=0
07-02 14:58:07.758  2196  3502 D FlexibleTaskController: onTaskFocusChanged prevTask:Task{9b8456e #4503 type=standard A=10402:com.zapprex.nazmart} ,currentTask:Task{649530 #4506 type=standard A=10397:ru.a402d.rawbtprinter nonResizable}, reason: realStartActivityLocked - onActivityStateChanged
07-02 14:58:07.758  2196  3502 D OplusFlexibleDCSManager: onNextPkgChanged pkg = ru.a402d.rawbtprinter
07-02 14:58:07.758  2196  3502 I OplusAppSwitchManagerService: appswitch hasProcess ActivityRecord{231713709 u0 ru.a402d.rawbtprinter/.activity.UsbKnownActivity t4506}
07-02 14:58:07.758  2196  3502 I OplusJoystickManager: handleApplicationSwitch deprecated!
07-02 14:58:07.758  2196  3502 I GameManagerServiceExt-GameManagerServiceExt: on FG change: com.zapprex.nazmart|ru.a402d.rawbtprinter
07-02 14:58:07.759  2196  3502 I OplusAppSwitchManagerService: appswitch hasProcess ActivityRecord{231713709 u0 ru.a402d.rawbtprinter/.activity.UsbKnownActivity t4506}
07-02 14:58:07.764  2196  3939 D OplusEapManager: mTargetExitName :com.zapprex.nazmart
07-02 14:58:07.764  2196  3939 D OplusAppSwitchRuleInfo: generateAppEnterInfo - launch_source_type =  , launch_source_traceid = 
07-02 14:58:07.765  2196  2196 D MBrainLocalService: isVendorFreezeConditionPass is false
07-02 14:58:07.765  2196  2196 E MBrainLocalService: notifyAppSwitch failed
07-02 14:58:07.768  2196  2409 D VRR [OPlusRefreshRateService]: handleFrontAppChange pkgName: null
07-02 14:58:07.768 21565 21565 V Configuration: Updating configuration, locales updated from [] to [en_GB]
07-02 14:58:07.770  2196  2388 E OplusThermalStats: Error getting package info: ru.a402d.rawbtprinter
07-02 14:58:07.772  2196  2361 I TaskOrganizerController: onTaskInfoChanged taskid 4503 config { mBounds=Rect(0, 0 - 1080, 2412) mAppBounds=Rect(0, 0 - 1080, 2412) mMaxBounds=Rect(0, 0 - 1080, 2412) mDisplayRotation=ROTATION_0 mWindowingMode=fullscreen mActivityType=standard mAlwaysOnTop=undefined mRotation=ROTATION_0}
07-02 14:58:07.772  2196  2361 D OplusVisibleTasks:  notifyTaskFocusChange no need.
07-02 14:58:07.772  2196  2361 D OplusFlexibleDragToSplitAnimController: visibleFlexibleTaskInfos delete:4503
07-02 14:58:07.772  2196  2361 E FlexibleWindowManagerService: notifyTaskObserverToAttachController not need to notify!
07-02 14:58:07.772  2196  2361 I FlexibleWindowManagerService: onFlexibleWindowTaskInfoChanged, return for cur task not embedded
07-02 14:58:07.776  2196  3939 D OplusAppSwitchRuleInfo: generateAppEnterInfo - launch_source_type =  , launch_source_traceid = 
07-02 14:58:07.776  2196  3939 D OplusAppSwitchRuleInfo: generateAppEnterInfo - launch_source_type =  , launch_source_traceid = 
07-02 14:58:07.777  2196  3939 D OplusEapManager: mTargetEnterName :ru.a402d.rawbtprinter
07-02 14:58:07.778  2196  3939 D OplusAppSwitchRuleInfo: generateAppEnterInfo - launch_source_type =  , launch_source_traceid = 
07-02 14:58:07.778  2196  2409 D VRR [OPlusRefreshRateService]: handleFrontAppChange pkgName: ru.a402d.rawbtprinter
07-02 14:58:07.778  2196  3939 D OplusAppSwitchRuleInfo: generateAppEnterInfo - launch_source_type =  , launch_source_traceid = 
07-02 14:58:07.778  2196  3939 D OplusAppSwitchRuleInfo: generateAppEnterInfo - launch_source_type =  , launch_source_traceid = 
07-02 14:58:07.778  2196  3939 D OplusAppSwitchRuleInfo: generateAppEnterInfo - launch_source_type =  , launch_source_traceid = 
07-02 14:58:07.778  2196  3939 D OplusAppSwitchRuleInfo: generateAppEnterInfo - launch_source_type =  , launch_source_traceid = 
07-02 14:58:07.778  2196  3939 D OplusAppSwitchRuleInfo: generateActivityEnterInfo - launch_source_type =  , launch_source_traceid = 
07-02 14:58:07.778  2196  3939 D OplusAppSwitchRuleInfo: generateActivityEnterInfo - launch_source_type =  , launch_source_traceid = 
07-02 14:58:07.785  2196  2360 D OplusBatteryManager: getPsyBatteryRm: 3899
07-02 14:58:07.785  2196  2360 D BatteryStatsImplExtImpl: resumedUid:10397 resumedBatteryLevel:100  resumedPackage:ru.a402d.rawbtprinter  resumedBatteryRealtimeCapacity:3899
07-02 14:58:07.786  2196  2360 D FlexibleTaskController: check task which not have enough child, isInSingleWhiteList:false isCloneTask:false
07-02 14:58:07.799  2196  3139 D BackgroundInstallControlService: Package event received: 0
07-02 14:58:07.800  2196  2407 D OplusAppSwitchListener: App Activity Change
07-02 14:58:07.800  2196  2407 D OplusAppSwitchListener: Detect com.zapprex.nazmart switch to background
07-02 14:58:07.800  2196  2407 D OplusFeatureReduceBrightness: onAppExit , info = com.zapprex.nazmart
07-02 14:58:07.800  2196  2407 D OplusAppSwitchListener: Detect ru.a402d.rawbtprinter switch to foreground
07-02 14:58:07.800  2196  3193 D ORBrightnessMarvelsDataCollector: Runnable-MarvelsAppEnterInfo[2026-07-02 14:58:07,ru.a402d.rawbtprinter,-1.0]
07-02 14:58:07.803 21565 21565 D ResourcesManagerExtImpl: applyConfigurationToAppResourcesLocked app.getDisplayId() return callback.displayId:-1
07-02 14:58:07.803  2196  3502 D FlexibleTaskController: check task which not have enough child, isInSingleWhiteList:false isCloneTask:false
07-02 14:58:07.807  2196  3502 D ActivityManager: sync unfroze 19946 com.android.vending for 6
07-02 14:58:07.811  2196  2566 D ActivityManager: reportOneUidFrozenStateChanged uid 10107 frozen = false
07-02 14:58:07.825  2196 10657 W ProcessStats: Tracking association SourceState{7879820 ru.a402d.rawbtprinter/10397 BTop #246586} whose proc state 2 is better than process ProcessState{8a9270c com.android.vending/10107 pkg=com.android.vending} proc state 14 (25 skipped)
07-02 14:58:07.835  2196  3502 I ActivityManager: Flag disabled. Ignoring finishAttachApplication from uid: 10397. pid: 21565
07-02 14:58:07.840 21565 21565 D ResourcesManagerExtImpl: applyConfigurationToAppResourcesLocked app.getDisplayId() return callback.displayId:0
07-02 14:58:07.845 21565 21565 D OplusPredictiveBackController: should not HookOnBackInvokedCallbackEnabled for application ru.a402d.rawbtprinter.activity.UsbKnownActivity@fc802c5 sdk: 36
07-02 14:58:07.874 21565 21565 D ActivityThread: ComponentInfo{ru.a402d.rawbtprinter/ru.a402d.rawbtprinter.activity.UsbKnownActivity} checkFinished=false 2
07-02 14:58:07.874 21565 21565 D ResourcesManagerExtImpl: applyConfigurationToAppResourcesLocked app.getDisplayId() return callback.displayId:0
07-02 14:58:07.878 21565 21565 D OplusInputMethodUtil: init sDebug to false, init sDebugIme to false, init sAlwaysOn to false
07-02 14:58:07.878 21565 21565 D OplusInputMethodUtil: updateDebugToClass InputMethodManager.DEBUG = false
07-02 14:58:07.878 21565 21565 D OplusInputMethodUtil: updateDebugToClass ImeFocusController.DEBUG = false
07-02 14:58:07.878 21565 21565 D OplusInputMethodUtil: updateDebugToClass OnBackInvokedDispatcher.DEBUG = false
07-02 14:58:07.879 21565 21565 D OplusInputMethodUtil: updateDebugToClass InsetsController.DEBUG = false
07-02 14:58:07.879 21565 21565 D OplusInputMethodUtil: updateDebugToClass BaseInputConnection.DEBUG = false
07-02 14:58:07.888  2196  2370 W UserAwareMgr: process owner is not matched: 10, threadName: HwUiTask, pid: 21565,tid=21592,owner=fg1
07-02 14:58:07.888  2196  2370 W UserAwareMgr: process owner is not matched: 10, threadName: HwUiTask, pid: 21565,tid=21593,owner=fg1
07-02 14:58:07.893  2196  3569 I WindowManager: addWindow: New client android.os.BinderProxy@43606a1 : window=Window{28c10c6 u0 ru.a402d.rawbtprinter/ru.a402d.rawbtprinter.activity.UsbKnownActivity}
07-02 14:58:07.896 21565 21565 D ResourcesManagerExtImpl: applyConfigurationToAppResourcesLocked app.getDisplayId() return callback.displayId:0
07-02 14:58:07.898  2196 10657 D CoreBackPreview: Window{28c10c6 u0 ru.a402d.rawbtprinter/ru.a402d.rawbtprinter.activity.UsbKnownActivity}: Setting back callback OnBackInvokedCallbackInfo{mCallback=android.window.IOnBackInvokedCallback$Stub$Proxy@10b6bdd, mPriority=0, mIsAnimationCallback=false, mOverrideBehavior=0}
07-02 14:58:07.898  2196  3569 V WindowManager: Relayout Window{28c10c6 u0 ru.a402d.rawbtprinter/ru.a402d.rawbtprinter.activity.UsbKnownActivity}: viewVisibility=0, oldvis=4, req=528x528 , apr = 0, vsysui=, x=0, y=0
07-02 14:58:07.899  2196  3569 I WindowManager: Window{28c10c6 u0 ru.a402d.rawbtprinter/ru.a402d.rawbtprinter.activity.UsbKnownActivity} state from NO_SURFACE to DRAW_PENDING; reason: resetDrawState
07-02 14:58:07.902  2196  3569 D WindowManager: NFW_findFocusedWindowIfNeeded:Window{28c10c6 u0 ru.a402d.rawbtprinter/ru.a402d.rawbtprinter.activity.UsbKnownActivity} mCurrentFocus:null
07-02 14:58:07.903  2196  3569 V WindowManager: Changing focus from null to Window{28c10c6 u0 ru.a402d.rawbtprinter/ru.a402d.rawbtprinter.activity.UsbKnownActivity},diplayid=0
07-02 14:58:07.906  2196  3569 D WindowManager: setFrameRateStart invalid typeId return!
07-02 14:58:07.907  2196  3569 D WindowManager: setFrameRateStart invalid typeId return!
07-02 14:58:07.929  2196  3569 D WindowManager: onSyncFinishedDrawing: Window{28c10c6 u0 ru.a402d.rawbtprinter/ru.a402d.rawbtprinter.activity.UsbKnownActivity}
07-02 14:58:07.930  2196  3569 I WindowManager: finishDrawing skipLayout:false,syncSeqId=0,mPrepareSyncSeqId=0 Window{28c10c6 u0 ru.a402d.rawbtprinter/ru.a402d.rawbtprinter.activity.UsbKnownActivity} com.android.server.wm.WindowManagerService.finishDrawingWindow:3217 com.android.server.wm.Session.finishDrawing:399 android.view.IWindowSession$Stub.onTransact:793 
07-02 14:58:07.930  2196  3569 I WindowManager: Window{28c10c6 u0 ru.a402d.rawbtprinter/ru.a402d.rawbtprinter.activity.UsbKnownActivity} state from DRAW_PENDING to COMMIT_DRAW_PENDING; reason: finishDrawingLocked
07-02 14:58:07.931  2196  2361 I WindowManager: Window{28c10c6 u0 ru.a402d.rawbtprinter/ru.a402d.rawbtprinter.activity.UsbKnownActivity} state from COMMIT_DRAW_PENDING to READY_TO_SHOW; reason: commitFinishDrawingLocked
07-02 14:58:07.931  2196  2361 D CoreBackPreview:  return markWindowHasDrawn mComposed: false  mWaitTransition: false
07-02 14:58:07.931  2196  2361 D ActivityTaskManager: Clearing startingData for activity=ActivityRecord{231713709 u0 ru.a402d.rawbtprinter/.activity.UsbKnownActivity t4506} mStartingData=null mStartingSurface=null
07-02 14:58:07.932  2196  2361 D ActivityTaskManager: commitVisibility: ActivityRecord{231713709 u0 ru.a402d.rawbtprinter/.activity.UsbKnownActivity t4506}: visible=true visibleRequested=true, isInTransition=true 
07-02 14:58:07.932  2196  2361 D CoreBackPreview:  return markWindowHasDrawn mComposed: false  mWaitTransition: false
07-02 14:58:07.932  2196  2361 D ActivityTaskManager: Clearing startingData for activity=ActivityRecord{231713709 u0 ru.a402d.rawbtprinter/.activity.UsbKnownActivity t4506} mStartingData=null mStartingSurface=null
07-02 14:58:07.933  2196  2361 I WindowManager: Window{28c10c6 u0 ru.a402d.rawbtprinter/ru.a402d.rawbtprinter.activity.UsbKnownActivity} state from READY_TO_SHOW to HAS_DRAWN; reason: performShowLocked
07-02 14:58:07.933  2196  2361 D CoreBackPreview:  return markWindowHasDrawn mComposed: false  mWaitTransition: false
07-02 14:58:07.933  2196  2361 E OplusAppQuickStart_AppQuickStartController: not start from launcher transition:1249
07-02 14:58:07.933  2196  2361 D Transition: collectOrderChanges onTopTasksEnd: [Task{649530 #4506 type=standard A=10397:ru.a402d.rawbtprinter nonResizable}], reportedOnTop:null, mOnTopTasksStart: [Task{649530 #4506 type=standard A=10397:ru.a402d.rawbtprinter nonResizable}], TDA child: [Task{b6fc728 #4448 type=standard A=10244:com.coloros.assistantscreen nonResizable}, Task{11ea9e4 #2 type=undefined}, Task{6a29058 #1 type=home}, Task{9b8456e #4503 type=standard A=10402:com.zapprex.nazmart}, Task{649530 #4506 type=standard A=10397:ru.a402d.rawbtprinter nonResizable}]
07-02 14:58:07.933  2196  2361 D OplusFlexibleActivityTransitionManager: fixTransitType type result:1, targets: [ChangeInfo{ee03776 container=Task{649530 #4506 type=standard A=10397:ru.a402d.rawbtprinter nonResizable} flags=0x10}]
07-02 14:58:07.935  2196  2361 D OplusTransitionAnimationManager: activityRecordCount0fullScreenArBeHindStartingWindow null
07-02 14:58:07.936  2196  2361 D QuickBackInputPolicy: resetInputInterceptState for remoteTransition: false
07-02 14:58:07.936  2196  2361 D OplusTransitionController: onTransactionReady, transition: 1249, info: {id=1249 t=OPEN f=0x0 trk=0 r=[0@Point(0, 0)] c=[{WCT{RemoteToken{a7f4af Task{649530 #4506 type=standard A=10397:ru.a402d.rawbtprinter nonResizable}}} m=OPEN f=TRANSLUCENT leash=Surface(name=Task=4506)/@0x3dbd1e4 sb=Rect(0, 0 - 1080, 2412) eb=Rect(0, 0 - 1080, 2412) epz=Point(1080, 2412) d=0 taskParent=-1}] 
07-02 14:58:07.936  2196  2361 D OplusTransitionController: extendInfo=[
07-02 14:58:07.936  2196  2361 D OplusTransitionController:  OplusTransitionExtendedInfo{mTmpFinishT=null, mInOplusCompatMode=false, mIsProcessRunning=false, mHasMismatchBoundsTarget=false, mRecentsController=null, mRemoteTransition=null, mIsTranslucentActivityToHome=false, mAvoidInterceptKeyEventToHome=false, mIsFromHome=false, mParentLeash=null, mBackAnimClosingLeash=null, mIsOplusAnimRes=false, mKeepBgForContinuous=false, mIsBalAllow=false, mTaskNotInRecent=false, mIsPredictiveBackAnim=false, mIsMergedWithPredictive=false, mIsLaunchFromSpruce=false, mIsLaunchFromDrive=false, mGlobalSearchPageSwitch=false, mNeedNoAlphaGlobalSearchScene=false, mAssistScreenShowing=false, mSwipeUpBrowserScreenShowing=false, mUserIdTransition=0
07-02 14:58:07.936  2196  2361 D OplusTransitionController: , mInRemoteScene=false, mInPreReady=false, mPreStart=false, mToken=null, mAbortByRemoteFromHome=false, mShellApplyToken=null, mRequestTransitionTaskId=4506, mAbortTransitionOnShell=0, mStartFromShortcut=false, mRemovedTaskId=-1, mTransitionInterruptType=0, mMergeSecondTaskId=-1, mTaskIdStartFromRecents=0, mTransitionId=1249, mCanUseSpringSlideAnim=false, mTransitionLaunchFrom=0, mFoldChangeType=-1, mAnimStartingPosition=[0, 0, 0, 0], mIsOpeningStkDialogActivity=false, mSecondaryHomeToFrontWhenUnFolding=false, mIsNeedApplyStartTForEmbedded=false
07-02 14:58:07.936  2196  2361 D OplusTransitionController: , mNeedCanvasExitAnim=false, mMergeSecondTaskAnimation=false, mIsLaunchUnityStart=false, mIsLaunchFromAssistantByDefault=false, mSkipRemoteTransitionfalse, mIsStartFromKeyguard=false flags=0x0, mWCT=null, mIsOpenMergeToInValidPredictive=false, mPromoteTaskWhenKeyguard-1, mRootLayerZOrderArray={}}]}, targets : [ChangeInfo{ee03776 container=Task{649530 #4506 type=standard A=10397:ru.a402d.rawbtprinter nonResizable} flags=0x10}], participants: {Task{649530 #4506 type=standard A=10397:ru.a402d.rawbtprinter nonResizable}, ActivityRecord{231713709 u0 ru.a402d.rawbtprinter/.activity.UsbKnownActivity t4506}}
07-02 14:58:07.943  2196  2361 D FlexibleWindowManagerService: onFlexibleWindowTaskAppeared: task = 4506, visible = true
07-02 14:58:07.944  2196  2361 D OplusFlexibleWindowMinimizedManagerHelper: onTaskAppered taskInfo:4506
07-02 14:58:07.944  2196  2361 D OplusFlexibleDragToSplitAnimController: visibleFlexibleTaskInfos delete:4506
07-02 14:58:07.944  2196  2361 E FlexibleWindowManagerService: notifyTaskObserverToAttachController not need to notify!
07-02 14:58:07.944  2196  2361 D FlexibleWindowManagerService: should not dispatch appeared task Task{649530 #4506 type=standard A=10397:ru.a402d.rawbtprinter nonResizable}
07-02 14:58:07.946  2196 10657 D ActivityTaskManager: setAppVisibility(Token{420e2cf ActivityRecord{231713709 u0 ru.a402d.rawbtprinter/.activity.UsbKnownActivity t4506 f}}}, visible=false):  visible=true mVisibleRequested=true
07-02 14:58:07.946  2196 10657 D ActivityTaskManager: setVisibility(Token{420e2cf ActivityRecord{231713709 u0 ru.a402d.rawbtprinter/.activity.UsbKnownActivity t4506 f}}}, visible=false) defer commitVisibility for transition collecting
07-02 14:58:07.948  2196  2196 D MBrainLocalService: isVendorFreezeConditionPass is false
07-02 14:58:07.948  2196  2196 D MBrainLocalService: notifyAppLifeCycle failed
07-02 14:58:07.949  3417  9739 V WindowManagerShell: onTransitionReady(transaction=9431748289151)
07-02 14:58:07.949  3417  3474 V WindowManagerShell: onTransitionReady (#1249) android.os.BinderProxy@bdc59e5: {id=1249 t=OPEN f=0x0 trk=0 r=[0@Point(0, 0)] c=[
07-02 14:58:07.949  3417  3474 V WindowManagerShell:         {m=OPEN f=TRANSLUCENT leash=Surface(name=Task=4506)/@0xe7a3cf5 sb=Rect(0, 0 - 1080, 2412) eb=Rect(0, 0 - 1080, 2412) epz=Point(1080, 2412) d=0 taskParent=-1}
07-02 14:58:07.949  3417  3474 V WindowManagerShell:     ] 
07-02 14:58:07.949  3417  3474 V WindowManagerShell: extendInfo=[
07-02 14:58:07.949  3417  3474 V WindowManagerShell:  OplusTransitionExtendedInfo{mTmpFinishT=null, mInOplusCompatMode=false, mIsProcessRunning=false, mHasMismatchBoundsTarget=false, mRecentsController=null, mRemoteTransition=null, mIsTranslucentActivityToHome=false, mAvoidInterceptKeyEventToHome=false, mIsFromHome=false, mParentLeash=null, mBackAnimClosingLeash=null, mIsOplusAnimRes=false, mKeepBgForContinuous=false, mIsBalAllow=false, mTaskNotInRecent=false, mIsPredictiveBackAnim=false, mIsMergedWithPredictive=false, mIsLaunchFromSpruce=false, mIsLaunchFromDrive=false, mGlobalSearchPageSwitch=false, mNeedNoAlphaGlobalSearchScene=false, mAssistScreenShowing=false, mSwipeUpBrowserScreenShowing=false, mUserIdTransition=0
