07-02 14:58:15.957  2196  2244 D ShortcutService: Getting shortcuts for launcher= com.android.launcheruserId=0 pkg=null
07-02 14:58:15.996  2196  2403 D PowerManagerService: userActivityNoUpdateLocked: groupId=0, eventTime=112022515, event=touch, flags=0x0, uid=1000
07-02 14:58:15.997  2196  2403 D PowerManagerService: userActivityNoUpdateLocked: groupId=0, eventTime=112022515, event=touch, flags=0x0, uid=1000
07-02 14:58:15.999  2196  2370 I UserAwareMgr: fg app status not changed, beforeVisible: true, currentVisible: true
07-02 14:58:16.002  2196  2243 W PackageConfigPersister: App-specific configuration not found for packageName: com.android.launcher and userId: 0
07-02 14:58:16.047  2196  2370 W UserAwareMgr: event can not be released, id: 1014, count: 2, releasePid: 2196
07-02 14:58:16.368  2196  2243 D ShortcutService: Getting shortcuts for launcher= com.android.launcheruserId=0 pkg=null
07-02 14:58:16.505  2196  2370 I UserAwareMgr: fg app status not changed, beforeVisible: true, currentVisible: true
07-02 14:58:16.694  2196  2403 D PowerManagerService: userActivityNoUpdateLocked: groupId=0, eventTime=112023211, event=touch, flags=0x0, uid=1000
07-02 14:58:16.695  2196  2403 D PowerManagerService: userActivityNoUpdateLocked: groupId=0, eventTime=112023211, event=touch, flags=0x0, uid=1000
07-02 14:58:16.785  3646  3646 D OplusPredictiveBackController: should not HookOnBackInvokedCallbackEnabled for activitycom.android.launcher.Launcher@ff14d29 hasOnBackInvokedCallBackEnabled
07-02 14:58:16.790  2196  2243 D QuickBackInputPolicy: hasMultiChildrenInTask: false
07-02 14:58:16.790  2196  2243 D WindowManager: NFW_findFocusedWindowIfNeeded:Window{e8ce38f u0 com.android.launcher/com.android.launcher.Launcher} mCurrentFocus:Window{ff93042 u0 com.android.launcher/com.android.launcher.Launcher}
07-02 14:58:16.791  2196  3174 E UAH-Framework: invalid window type -1
07-02 14:58:16.791  2196  2243 V WindowManager: Changing focus from Window{ff93042 u0 com.android.launcher/com.android.launcher.Launcher} to Window{e8ce38f u0 com.android.launcher/com.android.launcher.Launcher},diplayid=0
07-02 14:58:16.792  2196  2243 D WindowManager: setFrameRateStart invalid typeId return!
07-02 14:58:16.793  2196  2243 D WindowManager: setFrameRateStart invalid typeId return!
07-02 14:58:16.794  2196  2243 I WindowManager: addWindow: New client android.os.BinderProxy@348b2ee : window=Window{e8ce38f u0 com.android.launcher/com.android.launcher.Launcher}
07-02 14:58:16.800  3646  3646 D OplusPredictiveBackController: should not HookOnBackInvokedCallbackEnabled for activitycom.android.launcher.Launcher@ff14d29 hasOnBackInvokedCallBackEnabled
07-02 14:58:16.801  3646  3646 D OplusPredictiveBackController: should not HookOnBackInvokedCallbackEnabled for activitycom.android.launcher.Launcher@ff14d29 hasOnBackInvokedCallBackEnabled
07-02 14:58:16.802  2196  2243 D CoreBackPreview: Window{e8ce38f u0 com.android.launcher/com.android.launcher.Launcher}: Setting back callback OnBackInvokedCallbackInfo{mCallback=android.window.IOnBackInvokedCallback$Stub$Proxy@6620ba1, mPriority=0, mIsAnimationCallback=false, mOverrideBehavior=0}
07-02 14:58:16.807  2196  3242 V WindowManager: Relayout Window{e8ce38f u0 com.android.launcher/com.android.launcher.Launcher}: viewVisibility=0, oldvis=0, req=1080x580 , apr = 0, vsysui=, x=0, y=0
07-02 14:58:16.807  2196  3242 I WindowManager: Window{e8ce38f u0 com.android.launcher/com.android.launcher.Launcher} state from NO_SURFACE to DRAW_PENDING; reason: resetDrawState
07-02 14:58:16.807  2196  2370 W SmartWindowScene: updateWindowState fail! invalid window type: -1
07-02 14:58:16.808  2196  2370 W SmartWindowScene: updateWindowState fail! invalid window type: -1
07-02 14:58:16.811  2196  3242 D QuickBackInputPolicy: hasMultiChildrenInTask: false
07-02 14:58:16.811  2196  3242 D WindowManager: NFW_findFocusedWindowIfNeeded:Window{e8ce38f u0 com.android.launcher/com.android.launcher.Launcher} mCurrentFocus:Window{e8ce38f u0 com.android.launcher/com.android.launcher.Launcher}
07-02 14:58:16.828  2196  3242 I WindowManager: Window{e8ce38f u0 com.android.launcher/com.android.launcher.Launcher} state from DRAW_PENDING to COMMIT_DRAW_PENDING; reason: finishDrawingLocked
07-02 14:58:16.830  2196  2361 I WindowManager: Window{e8ce38f u0 com.android.launcher/com.android.launcher.Launcher} state from COMMIT_DRAW_PENDING to READY_TO_SHOW; reason: commitFinishDrawingLocked
07-02 14:58:16.830  2196  2361 D CoreBackPreview:  return markWindowHasDrawn mComposed: false  mWaitTransition: false
07-02 14:58:16.831  2196  2361 D ActivityTaskManager: Clearing startingData for activity=ActivityRecord{91986376 u0 com.android.launcher/.Launcher t5} mStartingData=null mStartingSurface=null
07-02 14:58:16.834  2196  2361 D WindowManager: setFrameRateStart invalid typeId return!
07-02 14:58:16.835  2196  2361 I WindowManager: Window{e8ce38f u0 com.android.launcher/com.android.launcher.Launcher} state from READY_TO_SHOW to HAS_DRAWN; reason: performShowLocked
07-02 14:58:16.838  2196  2362 D SurfaceAnimationRunner: onAnimationStart:Surface(name=Surface(name=e8ce38f com.android.launcher/com.android.launcher.Launcher)/@0x94f0e77 - animation-leash of window_animation)/@0x41b9ae4
07-02 14:58:16.840  2196  2361 D CoreBackPreview:  return markWindowHasDrawn mComposed: false  mWaitTransition: false
07-02 14:58:16.846  2196  2362 D SurfaceAnimationRunner: onAnimationStart:Surface(name=Dim Layer for - Task=5)/@0x7698150
07-02 14:58:17.089  2196  2362 D SurfaceAnimationRunner: onAnimationEnd:Surface(name=Surface(name=e8ce38f com.android.launcher/com.android.launcher.Launcher)/@0x94f0e77 - animation-leash of window_animation)/@0x41b9ae4
07-02 14:58:17.097  2196  2536 D osense.compress: com.google.android.gm do shrink, target ratio = 50, final ratio = 90, cur ratio = 10
07-02 14:58:17.097  2196  2362 D SurfaceAnimationRunner: onAnimationEnd:Surface(name=Dim Layer for - Task=5)/@0x7698150
07-02 14:58:17.361  2196  2573 V AlarmManager: sending alarm Alarm{370135a type 1 origWhen 1782984497361 whenElapsed 300451196 android} uid 1000 whenElapsed 300451196 windowLength 0 maxWhenElapsed 300451196 repeatInterval 0 action null component null tag StorgaeBandInfoAlarmTag flags 0x9 procName system_server
07-02 14:58:17.361  2196  2403 D PowerManagerService: userActivityNoUpdateLocked: groupId=0, eventTime=112023877, event=touch, flags=0x0, uid=1000
07-02 14:58:17.362  2196  2403 D PowerManagerService: userActivityNoUpdateLocked: groupId=0, eventTime=112023877, event=touch, flags=0x0, uid=1000
07-02 14:58:17.418  2196  4883 D CoreBackPreview: Window{e8ce38f u0 com.android.launcher/com.android.launcher.Launcher}: Setting back callback null
07-02 14:58:17.422  2196  2243 D WindowManager: setFrameRateStart invalid typeId return!
07-02 14:58:17.423  2196  2243 D QuickBackInputPolicy: hasMultiChildrenInTask: false
07-02 14:58:17.423  2196  2243 D WindowManager: NFW_findFocusedWindowIfNeeded:Window{ff93042 u0 com.android.launcher/com.android.launcher.Launcher} mCurrentFocus:Window{e8ce38f u0 com.android.launcher/com.android.launcher.Launcher EXITING}
07-02 14:58:17.423  2196  2243 V WindowManager: Changing focus from Window{e8ce38f u0 com.android.launcher/com.android.launcher.Launcher EXITING} to Window{ff93042 u0 com.android.launcher/com.android.launcher.Launcher},diplayid=0
07-02 14:58:17.423  2196  2362 D SurfaceAnimationRunner: onAnimationStart:Surface(name=Surface(name=e8ce38f com.android.launcher/com.android.launcher.Launcher)/@0x94f0e77 - animation-leash of window_animation)/@0xa1db3b2
07-02 14:58:17.425  2196  2243 D WindowManager: setFrameRateStart invalid typeId return!
07-02 14:58:17.427  2196  2243 D WindowManager: setFrameRateStart invalid typeId return!
07-02 14:58:17.432  2196  2362 D SurfaceAnimationRunner: onAnimationStart:Surface(name=Dim Layer for - Task=5)/@0x7698150
07-02 14:58:17.432  2196  2360 V WindowManager: Unknown focus tokens, dropping reportFocusChanged
07-02 14:58:17.451  2196  2370 I UserAwareMgr: fg app status not changed, beforeVisible: true, currentVisible: true
07-02 14:58:17.454  2196  2243 W PackageConfigPersister: App-specific configuration not found for packageName: com.android.launcher and userId: 0
07-02 14:58:17.498  2196  2370 W UserAwareMgr: event can not be released, id: 1014, count: 2, releasePid: 2196
07-02 14:58:17.604  2196  2566 D ActivityManager: freezing 16886 android.process.media
07-02 14:58:17.604  2196  2566 D ActivityManager: Freeze process 16886, not check file locks
07-02 14:58:17.605  2196  2566 D ActivityManager: freezing 21538 com.android.DeviceAsWebcam
07-02 14:58:17.605  2196  2566 D ActivityManager: reportOneUidFrozenStateChanged uid 10062 frozen = true
07-02 14:58:17.675  2196  2362 D SurfaceAnimationRunner: onAnimationEnd:Surface(name=Surface(name=e8ce38f com.android.launcher/com.android.launcher.Launcher)/@0x94f0e77 - animation-leash of window_animation)/@0xa1db3b2
07-02 14:58:17.676  2196  2361 I WindowManager: Window{e8ce38f u0 com.android.launcher/com.android.launcher.Launcher EXITING} state from HAS_DRAWN to NO_SURFACE; reason: destroySurface
07-02 14:58:17.676  2196  2370 W SmartWindowScene: updateWindowState fail! invalid window type: -1
07-02 14:58:17.683  2196  2362 D SurfaceAnimationRunner: onAnimationEnd:Surface(name=Dim Layer for - Task=5)/@0x7698150
07-02 14:58:17.956  2196  2370 I UserAwareMgr: fg app status not changed, beforeVisible: true, currentVisible: true
07-02 14:58:18.122  2196  2243 D PackageManager_InfoGetNullLogPrint: Target: callingUid=10195 userid=0 flag=0xc0000 reason is PackageInfo not found in mPackages
07-02 14:58:18.135  2196  2243 W PackageManager: package com.android.launcher uid 10195 pid 3646 call SetEnabledSetting(ru.a402d.rawbtprinter component = unknown, 2, 0)
07-02 14:58:18.140  2196  2243 I AppsFilter: interaction: PackageSetting{2956db com.android.microdroid.empty_payload/10281} -> PackageSetting{4e3892f ru.a402d.rawbtprinter/10397} BLOCKED
07-02 14:58:18.141  2196  2243 I AppsFilter: interaction: PackageSetting{5ecd8a2 com.zapprex.nazmart/10402} -> PackageSetting{4e3892f ru.a402d.rawbtprinter/10397} BLOCKED
07-02 14:58:18.141  2196  2243 I AppsFilter: interaction: PackageSetting{fa67451 com.oplus.locationproxy/10166} -> PackageSetting{4e3892f ru.a402d.rawbtprinter/10397} BLOCKED
07-02 14:58:18.141  2196  2243 I AppsFilter: interaction: PackageSetting{8f664b6 com.android.certinstaller/10201} -> PackageSetting{4e3892f ru.a402d.rawbtprinter/10397} BLOCKED
07-02 14:58:18.141  2196  2243 I AppsFilter: interaction: PackageSetting{e5c85b7 com.oplus.location/10215} -> PackageSetting{4e3892f ru.a402d.rawbtprinter/10397} BLOCKED
07-02 14:58:18.142  2196  2536 D osense.compress: com.android.chrome do shrink, target ratio = 66, final ratio = 90, cur ratio = 43
07-02 14:58:18.152  2196  2418 I ActivityManager: Killing 21565:ru.a402d.rawbtprinter/u0a397 (adj 905): change ru.a402d.rawbtprinter
07-02 14:58:18.152  2196  2370 I UserAwareMgr: process killed: {pkgName='ru.a402d.rawbtprinter', serviceName='', procName=ru.a402d.rawbtprinter, pid=21565, uid=10397, appId=0, owner='null', flags='bg', renderTid=0, hwuiTids=[21592, 21593], glTids=null, threadInfos=null, mVideoActivityList=[], mStates=0}
07-02 14:58:18.152  2196  2370 I UserAwareMgr: handleProcessKilled, pkgName: ru.a402d.rawbtprinter, pid: 21565
07-02 14:58:18.157  2196  2418 D ActivityManager: Cancel freezing 19946 com.android.vending
07-02 14:58:18.164  2196  2418 W ProcessStats: Tracking association SourceState{99d575c system/1000 ImpFg #246679} whose proc state 5 is better than process ProcessState{f732b80 com.oplus.crashbox/1000 pkg=com.oplus.crashbox} proc state 8 (13 skipped)
07-02 14:58:18.170  2196  2418 D PackageManager: reset oplus-freeze state for ru.a402d.rawbtprinter after uninstalled for user 0
07-02 14:58:18.170  2196  2418 D PackageManager: reset pendingDataMig state for ru.a402d.rawbtprinter after uninstalled for user 0
07-02 14:58:18.170  2196  2418 D PackageManager: reset oplushide state for ru.a402d.rawbtprinter after uninstalled for user 0
07-02 14:58:18.170  2196  2418 D PackageManager: reset move freeze state for ru.a402d.rawbtprinter after uninstalled for user 0
07-02 14:58:18.170  2196  2418 W OplusDataMoveFreezeManager: Can't unfreeze package which has not been frozen
07-02 14:58:18.170  2196  2418 D PackageManager: reset last DistractionFlagsChanger for ru.a402d.rawbtprinter after uninstalled for user 0
07-02 14:58:18.173  2196  2418 I AppsFilter: interaction: PackageSetting{cfacd8f com.android.microdroid.empty_payload/10281} -> PackageSetting{af090dc ru.a402d.rawbtprinter/10397} BLOCKED
07-02 14:58:18.174  2196  2418 I AppsFilter: interaction: PackageSetting{f5f1c5b com.zapprex.nazmart/10402} -> PackageSetting{af090dc ru.a402d.rawbtprinter/10397} BLOCKED
07-02 14:58:18.174  2196  2418 I AppsFilter: interaction: PackageSetting{5f05929 com.oplus.locationproxy/10166} -> PackageSetting{af090dc ru.a402d.rawbtprinter/10397} BLOCKED
07-02 14:58:18.174  2196  2418 I AppsFilter: interaction: PackageSetting{37c3ffe com.android.certinstaller/10201} -> PackageSetting{af090dc ru.a402d.rawbtprinter/10397} BLOCKED
07-02 14:58:18.174  2196  2418 I AppsFilter: interaction: PackageSetting{d199e16 com.oplus.location/10215} -> PackageSetting{af090dc ru.a402d.rawbtprinter/10397} BLOCKED
07-02 14:58:18.176  2196  3136 D ShortcutService: received package broadcast intent: Intent { act=android.intent.action.PACKAGE_CHANGED dat=package: flg=0x5000010 (has extras) }
07-02 14:58:18.176  2196  3136 D ShortcutService: changing package: ru.a402d.rawbtprinter userId=0
07-02 14:58:18.179  2196  3136 D ShortcutService: handlePackageRemoved: ru.a402d.rawbtprinter userId=0
07-02 14:58:18.183  2196  2196 E JobScheduler.Component: Job exists for non-existent package: ru.a402d.rawbtprinter
07-02 14:58:18.184  2196  2244 I ActivityManager: Death received, pid = 0, processName = ru.a402d.rawbtprinter for thread android.os.BinderProxy@81405b7
07-02 14:58:18.190  2196  2403 D PowerManagerService: userActivityNoUpdateLocked: groupId=0, eventTime=112024707, event=touch, flags=0x0, uid=1000
07-02 14:58:18.192  2196  2403 D PowerManagerService: userActivityNoUpdateLocked: groupId=0, eventTime=112024707, event=touch, flags=0x0, uid=1000
07-02 14:58:18.195  2196  3242 I OplusPreStartController: preStartActivity Intent { act=android.intent.action.MAIN cat=[android.intent.category.LAUNCHER] flg=0x10200000 cmp=com.zapprex.nazmart/.MainActivity bnds=[540,1513][786,1849] (has extras) }
07-02 14:58:18.196  2196  2418 D OplusAppDataMigrateManager: user not pending migrate: 0
07-02 14:58:18.197  2196  3242 D ActivityTaskManager: isSnapshotCompatible: w=1080, h=2412, taskSize=Point(1080, 2412)
07-02 14:58:18.197  2196  3242 D ActivityTaskManager: getStartingWindowType: , newTask=false, taskSwitch=true, processRunning=true, allowTaskSnapshot=true, activityCreated=true, activityAllDrawn=false, snapshot exist: true, TopActivityComponent: ComponentInfo{com.zapprex.nazmart/com.zapprex.nazmart.MainActivity}
07-02 14:58:18.197  2196  3242 D ActivityTaskManager: isSnapshotCompatible: w=1080, h=2412, taskSize=Point(1080, 2412)
07-02 14:58:18.198  2196  3242 I OplusPreStartController: preStartActivity find task: Task{76e54d0 #4507 type=standard A=10402:com.zapprex.nazmart}, topActivity: ActivityRecord{131370370 u0 com.zapprex.nazmart/.MainActivity t4507}, activityCreated: true, allowTaskSnapshot: true, isSnapshotCompatible: true, startingWindowType: 1
07-02 14:58:18.199  2196  3242 I OplusPreStartController: writeSnapshotForPreLaunch , surfaceRotation:0, contentRotation:0, surfaceRect:Rect(0, 0 - 1080, 2412), buffer rect: 756x1688, destRect:Rect(0, 0 - 1080, 2412), scaleX: 1.4285715, scaleY: 1.4289099, transform: Matrix{[1.4285715, 0.0, 0.0][0.0, 1.4289099, 0.0][0.0, 0.0, 1.0]}
07-02 14:58:18.207  2196  2196 E NotificationPrefHelper: could not restore ru.a402d.rawbtprinter
07-02 14:58:18.207  2196  2196 E NotificationPrefHelper: android.content.pm.PackageManager$NameNotFoundException: ru.a402d.rawbtprinter
07-02 14:58:18.207  2196  2196 E NotificationPrefHelper: 	at android.app.ApplicationPackageManager.getPackageUidAsUser(ApplicationPackageManager.java:458)
07-02 14:58:18.207  2196  2196 E NotificationPrefHelper: 	at android.app.ApplicationPackageManager.getPackageUidAsUser(ApplicationPackageManager.java:442)
07-02 14:58:18.207  2196  2196 E NotificationPrefHelper: 	at android.app.ApplicationPackageManager.getPackageUidAsUser(ApplicationPackageManager.java:436)
07-02 14:58:18.207  2196  2196 E NotificationPrefHelper: 	at com.android.server.notification.PreferencesHelper.onPackagesChanged(PreferencesHelper.java:3125)
07-02 14:58:18.207  2196  2196 E NotificationPrefHelper: 	at com.android.server.notification.NotificationManagerService.handleOnPackageChanged(NotificationManagerService.java:11659)
07-02 14:58:18.207  2196  2196 E NotificationPrefHelper: 	at com.android.server.notification.NotificationManagerService$WorkerHandler.handleMessage(NotificationManagerService.java:11708)
07-02 14:58:18.207  2196  2196 E NotificationPrefHelper: 	at android.os.Handler.dispatchMessage(Handler.java:115)
07-02 14:58:18.207  2196  2196 E NotificationPrefHelper: 	at android.os.Looper.loopOnce(Looper.java:302)
07-02 14:58:18.207  2196  2196 E NotificationPrefHelper: 	at android.os.Looper.loop(Looper.java:412)
07-02 14:58:18.207  2196  2196 E NotificationPrefHelper: 	at com.android.server.SystemServer.run(SystemServer.java:1148)
07-02 14:58:18.207  2196  2196 E NotificationPrefHelper: 	at com.android.server.SystemServer.main(SystemServer.java:713)
07-02 14:58:18.207  2196  2196 E NotificationPrefHelper: 	at java.lang.reflect.Method.invoke(Native Method)
07-02 14:58:18.207  2196  2196 E NotificationPrefHelper: 	at com.android.internal.os.RuntimeInit$MethodAndArgsCaller.run(RuntimeInit.java:613)
07-02 14:58:18.207  2196  2196 E NotificationPrefHelper: 	at com.android.internal.os.ZygoteInit.main(ZygoteInit.java:1052)
07-02 14:58:18.218  2196  3440 D RefreshRate: isLimitBySettingMode: [2] currentSettingMode: 0
07-02 14:58:18.218  2196  3440 D RefreshRate: register remote connection: RemoteConnection{mPriority=PRIORITY_LAUNCHER_REQUEST, mRequestSource=com.android.launcher10195, mBinder=android.os.BinderProxy@9e9f3e9}
07-02 14:58:18.218  2196  3440 D RefreshRate: requestRefreshRate: status=1,rate=120.0,ret=2: votes=PRIORITY_LAUNCHER_REQUEST -> Vote{mRefreshRate=120.0, mMinRefreshRate=120.0, mRequestSource=com.android.launcher10195};PRIORITY_WINDOW_REQUEST -> Vote{mRefreshRate=120.0, mMinRefreshRate=120.0, mRequestSource=null};
07-02 14:58:18.223  2196  3440 E OplusAppQuickStart_AppQuickStartController: notifyStartActivity intent:Intent { act=android.intent.action.MAIN cat=[android.intent.category.LAUNCHER] flg=0x10200000 xflg=0x4 cmp=com.zapprex.nazmart/.MainActivity bnds=[540,1513][786,1849] (has extras) }
07-02 14:58:18.227  2196  3440 D WindowManager: NFW_setClientVisible:ActivityRecord{22132636 u0 com.zapprex.nazmart/.MainActivity clientVisible:true
07-02 14:58:18.228  2196  3440 D FlexibleTaskController: isSupportFlexibleWindow target = com.zapprex.nazmart/.MainActivity callPkg = FlexibleTaskController support = true ,caller = 2196
07-02 14:58:18.228  2196  3440 D ActivityStarterExtImpl: do not intercept for realCallingAppIsHomeApp or CallingAppIsHomeApp
07-02 14:58:18.229  2196  2370 W QosScheduler: getScenario failed! scenarios is null, mask=2
07-02 14:58:18.229  2196  2370 W QosScheduler: executeSceneQosStrategy get scenario failed! scenario is null
07-02 14:58:18.230  2196  2370 I UserAwareMgr: handleHotLaunchBoost, pid: 21664 uid: 10402 expectedWorkDurationMs: 100
07-02 14:58:18.231  2196  3440 D FlexibleWindowManagerService: isIgnoreAppearedAcrossTask:false
07-02 14:58:18.233  2196  3440 D ActivityStarterExtImpl: setForceUpdateWindow, targetTask = Task{76e54d0 #4507 type=standard A=10402:com.zapprex.nazmart} r = ActivityRecord{22132636 u0 com.zapprex.nazmart/.MainActivity t-1} notFinish =false
07-02 14:58:18.233  2196  3440 D FlexibleWindowManagerService: isIgnoreAppearedAcrossTask:false
07-02 14:58:18.234  2196  3440 D FlexibleTaskController: findSourceTaskForFreeForm: sourceRecord = ActivityRecord{91986376 u0 com.android.launcher/.Launcher t5} ,realCallingPid:3646 ,launchFromZoomMode:false ,prevTopTask:Task{d02445b #5 type=home I=com.android.launcher/.Launcher}
07-02 14:58:18.234  2196  3440 D FlexibleTaskController: adjustOptionsForFlexibleTask not allow options follow process task's options, reason:9 ,reusedOptions:null
07-02 14:58:18.234  2196  3440 I TaskFragmentExtImpl: reset pause in recents anim for mTaskFragment: Task{76e54d0 #4507 type=standard A=10402:com.zapprex.nazmart}
07-02 14:58:18.234  2196  3440 D FlexibleTaskController: isSupportFlexibleWindow target = com.zapprex.nazmart/.MainActivity callPkg = FlexibleTaskController support = true ,caller = 2196
07-02 14:58:18.234  2196  3440 D FlexibleTaskController: shouldKeepFlexibleTask flexibleTask not active.
07-02 14:58:18.234  2196  3440 D BackgroundActivityStartControllerExtImpl: The realCallingUid is home, start activity from background is allowed.
07-02 14:58:18.234  2196  3440 D ActivityStarterExtImpl: isLaunchingRootActivity = true
07-02 14:58:18.234  2196  3440 D ActivityStarterExtImpl: Don't move task Task{76e54d0 #4507 type=standard A=10402:com.zapprex.nazmart} , because launching activity to the same display 0
07-02 14:58:18.236  2196  3440 D ActivityTaskManager: validateStartingWindowTheme:  Pkg=com.zapprex.nazmart, Translucent=false, Floating=false, ShowWallpaper=false, Disable=false, LaunchSource=2, Prev=null, LaunchedFromPackage=com.android.launcher
07-02 14:58:18.236  2196  3440 D ActivityTaskManager: addStartingWindow for ActivityRecord{131370370 u0 com.zapprex.nazmart/.MainActivity t4507}, mainWin=Window{47f4b0 u0 com.zapprex.nazmart/com.zapprex.nazmart.MainActivity}, mVisible=false, mVisibleRequested=false, drawn=false, mDestroying=false, state=STOPPED, isKeyguardLocked=false, isKeyguardGoingAway=false
07-02 14:58:18.237  2196  3440 D ActivityTaskManager: getStartingWindowType: , newTask=false, taskSwitch=true, processRunning=true, allowTaskSnapshot=true, activityCreated=true, activityAllDrawn=false, snapshot exist: true, TopActivityComponent: ComponentInfo{com.zapprex.nazmart/com.zapprex.nazmart.MainActivity}
07-02 14:58:18.237  2196  3440 D ActivityTaskManager: isSnapshotCompatible: w=1080, h=2412, taskSize=Point(1080, 2412)
07-02 14:58:18.237  2196  3440 D ActivityRecordExtImpl: handleStartingWindowForCompactWindow origin type:1, adjustType : 1
07-02 14:58:18.240  2196  3440 D QuickBackInputPolicy: hasMultiChildrenInTask: false
07-02 14:58:18.240  2196  3440 D ActivityTaskManager: setAppVisibility(Token{b1acc9 ActivityRecord{131370370 u0 com.zapprex.nazmart/.MainActivity t4507}}, visible=true):  visible=false mVisibleRequested=false
07-02 14:58:18.240  2196  3440 I BLASTSyncEngine: set mReady true as ActivityRecord{131370370 u0 com.zapprex.nazmart/.MainActivity t4507} isShowStartingSurface
07-02 14:58:18.240  2196  3440 D WindowManager: NFW_setClientVisible:ActivityRecord{131370370 u0 com.zapprex.nazmart/.MainActivity t4507} clientVisible:true
07-02 14:58:18.241  2196  3440 D ActivityTaskManager: setVisibility(Token{b1acc9 ActivityRecord{131370370 u0 com.zapprex.nazmart/.MainActivity t4507}}, visible=true) defer commitVisibility for transition collecting
07-02 14:58:18.241  2196  3440 D OplusFlexibleActivityTransitionManager: fixTransitType type result:1, targets: null
07-02 14:58:18.242  2196  2384 D ActivityManager: pid 20049 com.android.vending:background received async transactions while frozen
07-02 14:58:18.243  2196  3440 D OplusTransitionAnimationManager: activityRecordCount0fullScreenArBeHindStartingWindow null
07-02 14:58:18.244  2196  2384 D ActivityManager: sync unfroze 20049 com.android.vending:background for 3
07-02 14:58:18.244  2196  2384 D ActivityManager: Async freezing 20049 com.android.vending:background
07-02 14:58:18.244  2196  2384 D ActivityManager: Cancel freezing 20049 com.android.vending:background
07-02 14:58:18.244  2196  2384 D ActivityManager: Async freezing 20049 com.android.vending:background
07-02 14:58:18.249  2196  2196 D MBrainLocalService: isVendorFreezeConditionPass is false
07-02 14:58:18.249  2196  2196 E MBrainLocalService: notifyAppSwitch failed
07-02 14:58:18.249  2196  3440 D ActivityTaskManager: setAppVisibility(Token{e7eddd1 ActivityRecord{91986376 u0 com.android.launcher/.Launcher t5}}, visible=false):  visible=true mVisibleRequested=true
07-02 14:58:18.250  2196  3440 D ActivityTaskManager: setVisibility(Token{e7eddd1 ActivityRecord{91986376 u0 com.android.launcher/.Launcher t5}}, visible=false) defer commitVisibility for transition collecting
07-02 14:58:18.250  2196  3174 D JobSchedulerServiceExtImpl: updateOsenseRestrictMode for 1 true false
07-02 14:58:18.251  2196  2384 D ActivityManager: Cancel freezing 20049 com.android.vending:background
07-02 14:58:18.252  2196  2370 I UserAwareMgr: handleTopAppChanged: com.zapprex.nazmart, pid: 21664, uid: 10402
07-02 14:58:18.252  2196  3440 D ActivityTaskManager: onWindowFocusChanged Task{76e54d0 #4507 type=standard A=10402:com.zapprex.nazmart} would transfer to compact
07-02 14:58:18.252  2196  3440 D ActivityTaskManager: NFW_setLastResumedActivityUncheckLocked:true r:ActivityRecord{131370370 u0 com.zapprex.nazmart/.MainActivity t4507} currentFocus:Window{ff93042 u0 com.android.launcher/com.android.launcher.Launcher}
07-02 14:58:18.252  2196  3440 D WindowManager: NFW_findFocusedWindowIfNeeded:null mCurrentFocus:Window{ff93042 u0 com.android.launcher/com.android.launcher.Launcher}
07-02 14:58:18.252  2196  3440 V WindowManager: Changing focus from Window{ff93042 u0 com.android.launcher/com.android.launcher.Launcher} to null,diplayid=0
07-02 14:58:18.253  2196  3440 D FlexibleTaskController: onTaskFocusChanged prevTask:Task{d02445b #5 type=home I=com.android.launcher/.Launcher} ,currentTask:Task{76e54d0 #4507 type=standard A=10402:com.zapprex.nazmart}, reason: resumeTopActivity - onActivityStateChanged
07-02 14:58:18.253  2196  3440 D OplusFlexibleDCSManager: onNextPkgChanged pkg = com.zapprex.nazmart
07-02 14:58:18.253  2196  2376 I ActivityManager: Force stopping ru.a402d.rawbtprinter appid=10397 user=0: deletePackageX
07-02 14:58:18.258  2196  3440 D FlexibleTaskController: isFullToFlexibleAnimating: false
07-02 14:58:18.258  2196  3440 D WindowManager: rotation(ROTATION_0) no changed  displayId = 0, lastOrientation = -1
07-02 14:58:18.260  2196  2370 W UserAwareMgr: can not find match thread: UiThreadHelper for process system_server Pid: 2196
07-02 14:58:18.262  2196  3440 I TaskOrganizerController: onTaskInfoChanged taskid 1 config { mBounds=Rect(0, 0 - 1080, 2412) mAppBounds=Rect(0, 0 - 1080, 2412) mMaxBounds=Rect(0, 0 - 1080, 2412) mDisplayRotation=ROTATION_0 mWindowingMode=fullscreen mActivityType=home mAlwaysOnTop=undefined mRotation=ROTATION_0}
07-02 14:58:18.262  3417  3474 V WindowManagerShell: Transition requested (#1254): android.os.BinderProxy@9f917aa TransitionRequestInfo { type = OPEN, triggerTask = TaskInfo{userId=0 taskId=4507 effectiveUid=10402 displayId=0 isRunning=true baseIntent=Intent { act=android.intent.action.MAIN cat=[android.intent.category.LAUNCHER] flg=0x10200000 cmp=com.zapprex.nazmart/.MainActivity mCallingUid=10195 } baseActivity=ComponentInfo{com.zapprex.nazmart/com.zapprex.nazmart.MainActivity} topActivity=ComponentInfo{com.zapprex.nazmart/com.zapprex.nazmart.MainActivity} origActivity=null realActivity=ComponentInfo{com.zapprex.nazmart/com.zapprex.nazmart.MainActivity}
07-02 14:58:18.262  3417  3474 V WindowManagerShell:  numActivities=1 lastActiveTime=300452086 supportsSplitScreenMultiWindow=true supportsMultiWindow=true supportsPocketStudioMultiWindow=true isInFlexibleEmbedded = false uid = 10402 pid = 21664 resizeMode=1 isResizeable=true minWidth=-1 minHeight=-1 defaultMinSize=220 token=WCT{android.window.IWindowContainerToken$Stub$Proxy@bc10f9b} topActivityType=1 pictureInPictureParams=null shouldDockBigOverlays=false launchIntoPipHostTaskId=-1 lastParentTaskIdBeforePip=-1 displayCutoutSafeInsets=Rect(0, 0 - 0, 0)
07-02 14:58:18.262  3417  3474 V WindowManagerShell:  topActivityInfo=ActivityInfo{d70f38 com.zapprex.nazmart.MainActivity} launchCookies=[android.os.BinderProxy@f84bb11] positionInParent=Point(0, 0) parentTaskId=-1 isFocused=true isVisible=false isVisibleRequested=true isTopActivityNoDisplay=false isSleeping=false locusId=null displayAreaFeatureId=1 isTopActivityTransparent=false isActivityStackTransparent=false lastNonFullscreenBounds=Rect(272, 653 - 808, 1733) capturedLink=null capturedLinkTimestamp=0 requestedVisibleTypes=-9 topActivityRequestOpenInBrowserEducationTimestamp=0
07-02 14:58:18.262  3417  3474 V WindowManagerShell:  appCompatTaskInfo=AppCompatTaskInfo { topActivityInSizeCompat=false topActivityInOplusCompatMode=false eligibleForLetterboxEducation= false isLetterboxEducationEnabled= false isLetterboxDoubleTapEnabled= false eligibleForUserAspectRatioButton= false topActivityBoundsLetterboxed= false isFromLetterboxDoubleTap= false topActivityLetterboxVerticalPosition= -1 topActivityLetterboxHorizontalPosition= -1 topActivityLetterboxWidth=-1 topActivityLetterboxHeight=-1 topActivityAppBounds=Rect(0, 0 - 1080, 2412) isUserFullscreenOverrideEnabled=false isSystemFullscreenOverrideEnabled=false hasMinAspectRatioOverride=false topActivityLetterboxBounds=null cameraCompatTaskInfo=CameraCompatTaskInfo { freeformCameraCompatMode=inactive}} topActivityMainWindowFrame=null topActivityLetterboxInsets=Rect(0, 0 - 0, 0)
07-02 14:58:18.262  3417  3474 V WindowManagerShell:  mOplusExtraBundle = Bundle[mParcelledData.dataSize=1540]}, pipChange = null, remoteTransition = RemoteTransition { remoteTransition = android.window.IRemoteTransition$Stub$Proxy@ca90476, appThread = android.app.IApplicationThread$Stub$Proxy@c970a77, debugName = QuickstepLaunch }, displayChange = null, flags = 0, debugId = 1254 }
07-02 14:58:18.262  3417  3474 D ShellSplitScreen: logExit: no-op, mLoggerSessionId is null
07-02 14:58:18.264  3417  3474 V WindowManagerShell: RemoteTransition directly requested for (#1254) android.os.BinderProxy@9f917aa: RemoteTransition { remoteTransition = android.window.IRemoteTransition$Stub$Proxy@ca90476, appThread = android.app.IApplicationThread$Stub$Proxy@c970a77, debugName = QuickstepLaunch }
07-02 14:58:18.265  2196  3440 D OplusVisibleTasks:  notifyTaskFocusChange no need.
07-02 14:58:18.265  2196  3440 D OplusFlexibleDragToSplitAnimController: visibleFlexibleTaskInfos delete:1
07-02 14:58:18.265  2196  3440 E FlexibleWindowManagerService: notifyTaskObserverToAttachController not need to notify!
07-02 14:58:18.265  2196  3440 I FlexibleWindowManagerService: onFlexibleWindowTaskInfoChanged, return for cur task not embedded
07-02 14:58:18.265  2196  3440 I TaskOrganizerController: onTaskInfoChanged taskid 4507 config { mBounds=Rect(0, 0 - 1080, 2412) mAppBounds=Rect(0, 0 - 1080, 2412) mMaxBounds=Rect(0, 0 - 1080, 2412) mDisplayRotation=ROTATION_0 mWindowingMode=fullscreen mActivityType=standard mAlwaysOnTop=undefined mRotation=ROTATION_0}
07-02 14:58:18.265  3417  3474 V WindowManagerShell: Transition (#1254): request handled by DefaultMixedHandler
07-02 14:58:18.266  2196  3440 D OplusFlexibleDragToSplitAnimController: visibleFlexibleTaskInfos delete:4507
07-02 14:58:18.266  2196  3440 E FlexibleWindowManagerService: notifyTaskObserverToAttachController not need to notify!
07-02 14:58:18.266  2196  3440 I FlexibleWindowManagerService: onFlexibleWindowTaskInfoChanged, return for cur task not embedded
07-02 14:58:18.266  2196  3440 D OplusTransitionController: tryFinishAheadIfNeed transition 1254 , SyncGroup: com.android.server.wm.BLASTSyncEngine$SyncGroup@59c5f7
07-02 14:58:18.266  2196  3441 W WindowOrganizerController: skip start transition id: 1254
07-02 14:58:18.266  2196  3440 D ActivityTaskManager: commitVisibility: ActivityRecord{131370370 u0 com.zapprex.nazmart/.MainActivity t4507}: visible=true visibleRequested=true, isInTransition=true 
07-02 14:58:18.266  2196  3440 D Transition: collectOrderChanges onTopTasksEnd: [Task{76e54d0 #4507 type=standard A=10402:com.zapprex.nazmart}], reportedOnTop:null, mOnTopTasksStart: [Task{6a29058 #1 type=home}, Task{d02445b #5 type=home I=com.android.launcher/.Launcher}], TDA child: [Task{b6fc728 #4448 type=standard A=10244:com.coloros.assistantscreen nonResizable}, Task{11ea9e4 #2 type=undefined}, Task{6a29058 #1 type=home}, Task{76e54d0 #4507 type=standard A=10402:com.zapprex.nazmart}]
07-02 14:58:18.266  2196  3440 D Transition: collectOrderChanges **mParticipants add task: Task{76e54d0 #4507 type=standard A=10402:com.zapprex.nazmart}
07-02 14:58:18.266  2196  3440 D OplusFlexibleActivityTransitionManager: fixTransitType type result:1, targets: [ChangeInfo{9138215 container=Task{76e54d0 #4507 type=standard A=10402:com.zapprex.nazmart} flags=0x30}, ChangeInfo{fd20694 container=Task{6a29058 #1 type=home} flags=0x10}]
07-02 14:58:18.267  2196  3440 D OplusTransitionAnimationManager: activityRecordCount0fullScreenArBeHindStartingWindow null
07-02 14:58:18.267  2196  3440 D OplusTransitionAnimationManager: activityRecordCount0fullScreenArBeHindStartingWindow null
07-02 14:58:18.268  2196  3440 D QuickBackInputPolicy: resetInputInterceptState for remoteTransition: true
07-02 14:58:18.268  2196  3440 D OplusTransitionController: onTransactionReady, transition: 1254, info: {id=1254 t=OPEN f=0x0 trk=0 r=[0@Point(0, 0)] c=[{WCT{RemoteToken{b220094 Task{76e54d0 #4507 type=standard A=10402:com.zapprex.nazmart}}} m=TO_FRONT f=MOVE_TO_TOP leash=Surface(name=Task=4507)/@0x19f4c85 sb=Rect(0, 0 - 1080, 2412) eb=Rect(0, 0 - 1080, 2412) epz=Point(1080, 2412) d=0 taskParent=-1},{WCT{RemoteToken{976646b Task{6a29058 #1 type=home}}} m=TO_BACK f=SHOW_WALLPAPER leash=Surface(name=Task=1)/@0x1ae7dba sb=Rect(0, 0 - 1080, 2412) eb=Rect(0, 0 - 1080, 2412) epz=Point(1080, 2412) d=0 taskParent=-1}] 
07-02 14:58:18.268  2196  3440 D OplusTransitionController: extendInfo=[
07-02 14:58:18.268  2196  3440 D OplusTransitionController:  OplusTransitionExtendedInfo{mTmpFinishT=null, mInOplusCompatMode=false, mIsProcessRunning=true, mHasMismatchBoundsTarget=false, mRecentsController=null, mRemoteTransition=null, mIsTranslucentActivityToHome=false, mAvoidInterceptKeyEventToHome=false, mIsFromHome=true, mParentLeash=null, mBackAnimClosingLeash=null, mIsOplusAnimRes=false, mKeepBgForContinuous=false, mIsBalAllow=false, mTaskNotInRecent=false, mIsPredictiveBackAnim=false, mIsMergedWithPredictive=false, mIsLaunchFromSpruce=false, mIsLaunchFromDrive=false, mGlobalSearchPageSwitch=false, mNeedNoAlphaGlobalSearchScene=false, mAssistScreenShowing=false, mSwipeUpBrowserScreenShowing=false, mUserIdTransition=0
07-02 14:58:18.268  2196  3440 D OplusTransitionController: , mInRemoteScene=false, mInPreReady=true, mPreStart=false, mToken=Token{9978cb8 TransitionRecord{e59691e id=1254 track=0 type=OPEN flags=0x0 state=2 c=[
07-02 14:58:18.268  2196  3440 D OplusTransitionController:    ChangeInfo{54d15ff container=ActivityRecord{22132636 u0 com.zapprex.nazmart/.MainActivity t-1} flags=0x0}
07-02 14:58:18.268  2196  3440 D OplusTransitionController:    ChangeInfo{a9dd132 container=WallpaperWindowToken{35060d2 showWhenLocked=true} flags=0x0}
07-02 14:58:18.268  2196  3440 D OplusTransitionController:    ChangeInfo{c03fcc container=Display{#0 state=ON size=1080x2412 ROTATION_0} flags=0x0}
07-02 14:58:18.268  2196  3440 D OplusTransitionController:    ChangeInfo{99b7e83 container=ActivityRecord{91986376 u0 com.android.launcher/.Launcher t5} flags=0x0}
07-02 14:58:18.268  2196  3440 D OplusTransitionController:    ChangeInfo{fd20694 container=Task{6a29058 #1 type=home} flags=0x10}
07-02 14:58:18.268  2196  3440 D OplusTransitionController:    ChangeInfo{9138215 container=Task{76e54d0 #4507 type=standard A=10402:com.zapprex.nazmart} flags=0x30}
07-02 14:58:18.268  2196  3440 D OplusTransitionController:    ChangeInfo{2ef92a container=ActivityRecord{131370370 u0 com.zapprex.nazmart/.MainActivity t4507} flags=0x0}
07-02 14:58:18.268  2196  3440 D OplusTransitionController:    ChangeInfo{412f800 container=Task{d02445b #5 type=home I=com.android.launcher/.Launcher} flags=0x10}
07-02 14:58:18.268  2196  3440 D OplusTransitionController:    ChangeInfo{3a3c839 container=WallpaperWindowToken{f20bbf5 showWhenLocked=false} flags=0x0}
07-02 14:58:18.268  2196  3440 D OplusTransitionController:    ChangeInfo{467131b container=DefaultTaskDisplayArea@256541013 flags=0x0}
07-02 14:58:18.268  2196  3440 D OplusTransitionController: ]
07-02 14:58:18.268  2196  3440 D OplusTransitionController: }}, mAbortByRemoteFromHome=false, mShellApplyToken=null, mRequestTransitionTaskId=4507, mAbortTransitionOnShell=0, mStartFromShortcut=false, mRemovedTaskId=-1, mTransitionInterruptType=0, mMergeSecondTaskId=-1, mTaskIdStartFromRecents=0, mTransitionId=1254, mCanUseSpringSlideAnim=false, mTransitionLaunchFrom=0, mFoldChangeType=-1, mAnimStartingPosition=[0, 0, 0, 0], mIsOpeningStkDialogActivity=false, mSecondaryHomeToFrontWhenUnFolding=false, mIsNeedApplyStartTForEmbedded=false
07-02 14:58:18.268  2196  3440 D OplusTransitionController: , mNeedCanvasExitAnim=false, mMergeSecondTaskAnimation=false, mIsLaunchUnityStart=false, mIsLaunchFromAssistantByDefault=false, mSkipRemoteTransitionfalse, mIsStartFromKeyguard=false flags=0x0, mWCT=null, mIsOpenMergeToInValidPredictive=false, mPromoteTaskWhenKeyguard-1, mRootLayerZOrderArray={}}]}, targets : [ChangeInfo{9138215 container=Task{76e54d0 #4507 type=standard A=10402:com.zapprex.nazmart} flags=0x30}, ChangeInfo{fd20694 container=Task{6a29058 #1 type=home} flags=0x10}], participants: {ActivityRecord{22132636 u0 com.zapprex.nazmart/.MainActivity t-1}, WallpaperWindowToken{35060d2 showWhenLocked=true}, ActivityRecord{91986376 u0 com.android.launcher/.Launcher t5}, Task{76e54d0 #4507 type=standard A=10402:com.zapprex.nazmart}, ActivityRecord{131370370 u0 com.zapprex.nazmart/.MainActivity t4507}, WallpaperWindowToken{f20bbf5 showWhenLocked=false}}
07-02 14:58:18.270  2196  3440 D osense.compress: notifyActivityLaunched pkgName = com.zapprex.nazmart, userId = 0
07-02 14:58:18.271  2196  3440 I ActivityTaskManager: START u0 {act=android.intent.action.MAIN cat=[android.intent.category.LAUNCHER] flg=0x10200000 xflg=0x4 cmp=com.zapprex.nazmart/.MainActivity bnds=[540,1513][786,1849] (has extras) mCallingUid=10195} with LAUNCH_SINGLE_TASK from uid 10195 (sr=91986376) (BAL_ALLOW_VISIBLE_WINDOW (callingUid has visible window)) result code=2
07-02 14:58:18.274  2196  2370 I UserAwareMgr: event is already released: SceneEvent{id=5007, maxWorkDurationMs=200, caller='[android]', eventFlags=256, fbPriority=1, keyThreads=[KeyThread{name=binder, owner=android, schedPolicy=ux, priority=HEAVY, maxThreadCount=16}], vipBinderGroup=null}, callingPid: 2196, appPid: 0
07-02 14:58:18.275  2196  5356 I OplusJoystickManager: handleApplicationSwitch deprecated!
07-02 14:58:18.275  2196  5356 I GameManagerServiceExt-GameManagerServiceExt: on FG change: com.android.launcher|com.zapprex.nazmart
07-02 14:58:18.276  3417  4842 V WindowManagerShell: onTransitionReady(transaction=9431748289412)
07-02 14:58:18.276  3417  3474 V WindowManagerShell: onTransitionReady (#1254) android.os.BinderProxy@9f917aa: {id=1254 t=OPEN f=0x0 trk=0 r=[0@Point(0, 0)] c=[
07-02 14:58:18.276  3417  3474 V WindowManagerShell:         {m=TO_FRONT f=MOVE_TO_TOP leash=Surface(name=Task=4507)/@0x89e6e4 sb=Rect(0, 0 - 1080, 2412) eb=Rect(0, 0 - 1080, 2412) epz=Point(1080, 2412) d=0 taskParent=-1},
07-02 14:58:18.276  3417  3474 V WindowManagerShell:         {m=TO_BACK f=SHOW_WALLPAPER leash=Surface(name=Task=1)/@0x768f74d sb=Rect(0, 0 - 1080, 2412) eb=Rect(0, 0 - 1080, 2412) epz=Point(1080, 2412) d=0 taskParent=-1}
07-02 14:58:18.276  3417  3474 V WindowManagerShell:     ] 
07-02 14:58:18.276  3417  3474 V WindowManagerShell: extendInfo=[
07-02 14:58:18.276  3417  3474 V WindowManagerShell:  OplusTransitionExtendedInfo{mTmpFinishT=null, mInOplusCompatMode=false, mIsProcessRunning=true, mHasMismatchBoundsTarget=false, mRecentsController=null, mRemoteTransition=null, mIsTranslucentActivityToHome=false, mAvoidInterceptKeyEventToHome=false, mIsFromHome=true, mParentLeash=null, mBackAnimClosingLeash=null, mIsOplusAnimRes=false, mKeepBgForContinuous=false, mIsBalAllow=false, mTaskNotInRecent=false, mIsPredictiveBackAnim=false, mIsMergedWithPredictive=false, mIsLaunchFromSpruce=false, mIsLaunchFromDrive=false, mGlobalSearchPageSwitch=false, mNeedNoAlphaGlobalSearchScene=false, mAssistScreenShowing=false, mSwipeUpBrowserScreenShowing=false, mUserIdTransition=0
07-02 14:58:18.276  3417  3474 V WindowManagerShell: , mInRemoteScene=false, mInPreReady=true, mPreStart=false, mToken=android.os.BinderProxy@9f917aa, mAbortByRemoteFromHome=false, mShellApplyToken=null, mRequestTransitionTaskId=4507, mAbortTransitionOnShell=0, mStartFromShortcut=false, mRemovedTaskId=-1, mTransitionInterruptType=0, mMergeSecondTaskId=-1, mTaskIdStartFromRecents=0, mTransitionId=1254, mCanUseSpringSlideAnim=false, mTransitionLaunchFrom=0, mFoldChangeType=-1, mAnimStartingPosition=[0, 0, 0, 0], mIsOpeningStkDialogActivity=false, mSecondaryHomeToFrontWhenUnFolding=false, mIsNeedApplyStartTForEmbedded=false
07-02 14:58:18.276  3417  3474 V WindowManagerShell: , mNeedCanvasExitAnim=false, mMergeSecondTaskAnimation=false, mIsLaunchUnityStart=false, mIsLaunchFromAssistantByDefault=false, mSkipRemoteTransitionfalse, mIsStartFromKeyguard=false flags=0x0, mWCT=null, mIsOpenMergeToInValidPredictive=false, mPromoteTaskWhenKeyguard-1, mRootLayerZOrderArray={}}]}
07-02 14:58:18.277  3417  3474 V WindowManagerShell: Playing animation for (#1254) android.os.BinderProxy@9f917aa@0
07-02 14:58:18.277  3417  3474 V WindowManagerShell:  try firstHandler com.android.wm.shell.transition.DefaultMixedHandler@a26c9b7
07-02 14:58:18.277  3417  3474 V WindowManagerShell: Mixed transition for opening an intent with a remote transition and PIP or Desktop #1254
07-02 14:58:18.277  3417  3474 V WindowManagerShell: tryAnimateOpenIntentWithRemoteAndPipOrDesktop
07-02 14:58:18.277  3417  3474 V WindowManagerShell:  Delegate animation for (#1254) to RemoteTransition { remoteTransition = android.window.IRemoteTransition$Stub$Proxy@ca90476, appThread = android.app.IApplicationThread$Stub$Proxy@c970a77, debugName = QuickstepLaunch }
07-02 14:58:18.278  2196  2196 D MBrainLocalService: isVendorFreezeConditionPass is false
07-02 14:58:18.278  2196  2196 E MBrainLocalService: notifyAppSwitch failed
07-02 14:58:18.281  2196 10484 E BackupTransportManager: [UserID:0] Trying to register transports from package not found ru.a402d.rawbtprinter
07-02 14:58:18.282 21664 21664 D ActivityThread: ComponentInfo{com.zapprex.nazmart/com.zapprex.nazmart.MainActivity} checkFinished=false 2
07-02 14:58:18.283 21664 21664 D ResourcesManagerExtImpl: applyConfigurationToAppResourcesLocked app.getDisplayId() return callback.displayId:0
07-02 14:58:18.285  2196  3136 D ShortcutService: Saving package item com.android.launcher to /data/system_ce/0/shortcut_service/launchers/com.android.launcher0.xml
07-02 14:58:18.288  3417  3474 V WindowManagerShell:  animated by firstHandler
07-02 14:58:18.290  2196  2361 I TaskOrganizerController: onTaskInfoChanged taskid 4507 config { mBounds=Rect(0, 0 - 1080, 2412) mAppBounds=Rect(0, 0 - 1080, 2412) mMaxBounds=Rect(0, 0 - 1080, 2412) mDisplayRotation=ROTATION_0 mWindowingMode=fullscreen mActivityType=standard mAlwaysOnTop=undefined mRotation=ROTATION_0}
07-02 14:58:18.292  2196  2361 D OplusVisibleTasks:  notifyTasksNumChange no need to notify.
07-02 14:58:18.292  2196  2361 D OplusFlexibleDragToSplitAnimController: visibleFlexibleTaskInfos delete:4507
07-02 14:58:18.292  2196  2361 E FlexibleWindowManagerService: notifyTaskObserverToAttachController not need to notify!
07-02 14:58:18.292  2196  2361 I FlexibleWindowManagerService: onFlexibleWindowTaskInfoChanged, return for cur task not embedded
07-02 14:58:18.293  2196  3473 V WindowManager: Relayout Window{47f4b0 u0 com.zapprex.nazmart/com.zapprex.nazmart.MainActivity}: viewVisibility=0, oldvis=8, req=1080x2412 , apr = 0, vsysui=, x=0, y=0
07-02 14:58:18.293  2196  3473 I WindowManager: Window{47f4b0 u0 com.zapprex.nazmart/com.zapprex.nazmart.MainActivity} state from NO_SURFACE to DRAW_PENDING; reason: resetDrawState
07-02 14:58:18.303  2196  3473 D WindowManager: setFrameRateStart invalid typeId return!
07-02 14:58:18.309  2196  3473 D WindowManager: setFrameRateStart invalid typeId return!
07-02 14:58:18.310  2196  3826 D NativeFreezeManager: freezeForAppSwitchScene mAppLaunchFzDxEnable enter, mFgAppPkgname com.zapprex.nazmart
07-02 14:58:18.311  2196  3473 D WindowManager: NFW_findFocusedWindowIfNeeded:Window{47f4b0 u0 com.zapprex.nazmart/com.zapprex.nazmart.MainActivity} mCurrentFocus:null
07-02 14:58:18.311  2196  3473 D WindowManager: attachImeScreenshotOnTargetIfNeeded, mImeHiding = false, requestedVisibleTypes = -9
07-02 14:58:18.311  3417  3474 D WindowManagerShell: setLauncherKeepClearAreaHeight: visible=false, height=222
07-02 14:58:18.313  2196  3473 V WindowManager: Changing focus from null to Window{47f4b0 u0 com.zapprex.nazmart/com.zapprex.nazmart.MainActivity},diplayid=0
07-02 14:58:18.313  2196  2407 D OplusAppSwitchListener: App Activity Change
07-02 14:58:18.313  2196  2407 D OplusAppSwitchListener: Detect com.android.launcher switch to background
07-02 14:58:18.313  2196  2407 D OplusFeatureReduceBrightness: onAppExit , info = com.android.launcher
07-02 14:58:18.313  2196  2407 D OplusAppSwitchListener: Detect com.zapprex.nazmart switch to foreground
07-02 14:58:18.315  2196  3441 I BLASTSyncEngine: onCommitted syncId: 1254, timeout: false ran: false
07-02 14:58:18.316 21664 21664 D VRI[MainActivity]: relayoutWindow result, sizeChanged:false, surfaceControlChanged:true, transformHintChanged:false, mSurfaceSize:Point(1080, 2412), mLastSurfaceSize:Point(1080, 2412), mWidth:1080, mHeight:2412, requestedWidth:1080, requestedHeight:2412, transformHint:0, installOrientation:0, displayRotation:0, isSurfaceValid:true, attr.flag:-2122252032, tmpFrames:ClientWindowFrames{frame=[0,0][1080,2412] display=[0,0][1080,2412] parentFrame=[0,0][0,0]}, relayoutAsync:false, mSyncSeqId:0
07-02 14:58:18.316 21664 21664 W VRI[MainActivity]: updateBlastSurfaceIfNeeded, surfaceSize:Point(1080, 2412), lastSurfaceSize:Point(1080, 2412), format:-1, blastBufferQueue:null
07-02 14:58:18.317  2196  3193 D ORBrightnessMarvelsDataCollector: Runnable-MarvelsAppEnterInfo[2026-07-02 14:58:18,com.zapprex.nazmart,-1.0]
07-02 14:58:18.331  2196  2370 D UserAwareMgr: handleHotLaunchBoost, hot launch ux time exceed, cancel for pid: 21664 uid: 10402
07-02 14:58:18.331 21664 21664 D ResourcesManagerExtImpl: applyConfigurationToAppResourcesLocked app.getDisplayId() return callback.displayId:0
07-02 14:58:18.337  2196  3441 D OplusStartingWindowManager: isLayerMatchToStartingWindow error, mStartingRecords empty or inValid layerName:com.zapprex.nazmart/com.zapprex.nazmart.MainActivity#20242
07-02 14:58:18.347  2196  2370 I UserAwareMgr: handleAppChangedToBg, pkgName: com.google.android.googlequicksearchbox, pid: 2755
07-02 14:58:18.350  2196  2357 V WindowManager: Sent Transition (#1254) createdAt=07-02 14:58:18.229 via request=TransitionRequestInfo { type = OPEN, triggerTask = TaskInfo{userId=0 taskId=4507 effectiveUid=10402 displayId=0 isRunning=true baseIntent=Intent { act=android.intent.action.MAIN cat=[android.intent.category.LAUNCHER] flg=0x10200000 cmp=com.zapprex.nazmart/.MainActivity mCallingUid=10195 } baseActivity=ComponentInfo{com.zapprex.nazmart/com.zapprex.nazmart.MainActivity} topActivity=ComponentInfo{com.zapprex.nazmart/com.zapprex.nazmart.MainActivity} origActivity=null realActivity=ComponentInfo{com.zapprex.nazmart/com.zapprex.nazmart.MainActivity}
07-02 14:58:18.350  2196  2357 V WindowManager:  numActivities=1 lastActiveTime=300452086 supportsSplitScreenMultiWindow=true supportsMultiWindow=true supportsPocketStudioMultiWindow=true isInFlexibleEmbedded = false uid = 10402 pid = 21664 resizeMode=1 isResizeable=true minWidth=-1 minHeight=-1 defaultMinSize=220 token=WCT{RemoteToken{b220094 Task{76e54d0 #4507 type=standard A=10402:com.zapprex.nazmart}}} topActivityType=1 pictureInPictureParams=null shouldDockBigOverlays=false launchIntoPipHostTaskId=-1 lastParentTaskIdBeforePip=-1 displayCutoutSafeInsets=Rect(0, 0 - 0, 0)
07-02 14:58:18.350  2196  2357 V WindowManager:  topActivityInfo=ActivityInfo{8d680cf com.zapprex.nazmart.MainActivity} launchCookies=[android.os.BinderProxy@c290e73] positionInParent=Point(0, 0) parentTaskId=-1 isFocused=true isVisible=false isVisibleRequested=true isTopActivityNoDisplay=false isSleeping=false locusId=null displayAreaFeatureId=1 isTopActivityTransparent=false isActivityStackTransparent=false lastNonFullscreenBounds=Rect(272, 653 - 808, 1733) capturedLink=null capturedLinkTimestamp=0 requestedVisibleTypes=-9 topActivityRequestOpenInBrowserEducationTimestamp=0
